Archive member included to satisfy reference by file (symbol)

C:/ST/STM32CubeIDE_1.13.1/STM32CubeIDE/plugins/com.st.stm32cube.ide.mcu.externaltools.gnu-tools-for-stm32.11.3.rel1.win32_1.1.0.202305231506/tools/bin/../lib/gcc/arm-none-eabi/11.3.1/../../../../arm-none-eabi/lib/thumb/v7e-m+fp/hard\libc_nano.a(libc_a-exit.o)
                              C:/ST/STM32CubeIDE_1.13.1/STM32CubeIDE/plugins/com.st.stm32cube.ide.mcu.externaltools.gnu-tools-for-stm32.11.3.rel1.win32_1.1.0.202305231506/tools/bin/../lib/gcc/arm-none-eabi/11.3.1/../../../../arm-none-eabi/lib/thumb/v7e-m+fp/hard/crt0.o (exit)
C:/ST/STM32CubeIDE_1.13.1/STM32CubeIDE/plugins/com.st.stm32cube.ide.mcu.externaltools.gnu-tools-for-stm32.11.3.rel1.win32_1.1.0.202305231506/tools/bin/../lib/gcc/arm-none-eabi/11.3.1/../../../../arm-none-eabi/lib/thumb/v7e-m+fp/hard\libc_nano.a(libc_a-findfp.o)
                              C:/ST/STM32CubeIDE_1.13.1/STM32CubeIDE/plugins/com.st.stm32cube.ide.mcu.externaltools.gnu-tools-for-stm32.11.3.rel1.win32_1.1.0.202305231506/tools/bin/../lib/gcc/arm-none-eabi/11.3.1/../../../../arm-none-eabi/lib/thumb/v7e-m+fp/hard\libc_nano.a(libc_a-exit.o) (__stdio_exit_handler)
C:/ST/STM32CubeIDE_1.13.1/STM32CubeIDE/plugins/com.st.stm32cube.ide.mcu.externaltools.gnu-tools-for-stm32.11.3.rel1.win32_1.1.0.202305231506/tools/bin/../lib/gcc/arm-none-eabi/11.3.1/../../../../arm-none-eabi/lib/thumb/v7e-m+fp/hard\libc_nano.a(libc_a-fwalk.o)
                              C:/ST/STM32CubeIDE_1.13.1/STM32CubeIDE/plugins/com.st.stm32cube.ide.mcu.externaltools.gnu-tools-for-stm32.11.3.rel1.win32_1.1.0.202305231506/tools/bin/../lib/gcc/arm-none-eabi/11.3.1/../../../../arm-none-eabi/lib/thumb/v7e-m+fp/hard\libc_nano.a(libc_a-findfp.o) (_fwalk_sglue)
C:/ST/STM32CubeIDE_1.13.1/STM32CubeIDE/plugins/com.st.stm32cube.ide.mcu.externaltools.gnu-tools-for-stm32.11.3.rel1.win32_1.1.0.202305231506/tools/bin/../lib/gcc/arm-none-eabi/11.3.1/../../../../arm-none-eabi/lib/thumb/v7e-m+fp/hard\libc_nano.a(libc_a-stdio.o)
                              C:/ST/STM32CubeIDE_1.13.1/STM32CubeIDE/plugins/com.st.stm32cube.ide.mcu.externaltools.gnu-tools-for-stm32.11.3.rel1.win32_1.1.0.202305231506/tools/bin/../lib/gcc/arm-none-eabi/11.3.1/../../../../arm-none-eabi/lib/thumb/v7e-m+fp/hard\libc_nano.a(libc_a-findfp.o) (__sread)
C:/ST/STM32CubeIDE_1.13.1/STM32CubeIDE/plugins/com.st.stm32cube.ide.mcu.externaltools.gnu-tools-for-stm32.11.3.rel1.win32_1.1.0.202305231506/tools/bin/../lib/gcc/arm-none-eabi/11.3.1/../../../../arm-none-eabi/lib/thumb/v7e-m+fp/hard\libc_nano.a(libc_a-memset.o)
                              C:/ST/STM32CubeIDE_1.13.1/STM32CubeIDE/plugins/com.st.stm32cube.ide.mcu.externaltools.gnu-tools-for-stm32.11.3.rel1.win32_1.1.0.202305231506/tools/bin/../lib/gcc/arm-none-eabi/11.3.1/../../../../arm-none-eabi/lib/thumb/v7e-m+fp/hard/crt0.o (memset)
C:/ST/STM32CubeIDE_1.13.1/STM32CubeIDE/plugins/com.st.stm32cube.ide.mcu.externaltools.gnu-tools-for-stm32.11.3.rel1.win32_1.1.0.202305231506/tools/bin/../lib/gcc/arm-none-eabi/11.3.1/../../../../arm-none-eabi/lib/thumb/v7e-m+fp/hard\libc_nano.a(libc_a-closer.o)
                              C:/ST/STM32CubeIDE_1.13.1/STM32CubeIDE/plugins/com.st.stm32cube.ide.mcu.externaltools.gnu-tools-for-stm32.11.3.rel1.win32_1.1.0.202305231506/tools/bin/../lib/gcc/arm-none-eabi/11.3.1/../../../../arm-none-eabi/lib/thumb/v7e-m+fp/hard\libc_nano.a(libc_a-stdio.o) (_close_r)
C:/ST/STM32CubeIDE_1.13.1/STM32CubeIDE/plugins/com.st.stm32cube.ide.mcu.externaltools.gnu-tools-for-stm32.11.3.rel1.win32_1.1.0.202305231506/tools/bin/../lib/gcc/arm-none-eabi/11.3.1/../../../../arm-none-eabi/lib/thumb/v7e-m+fp/hard\libc_nano.a(libc_a-reent.o)
                              C:/ST/STM32CubeIDE_1.13.1/STM32CubeIDE/plugins/com.st.stm32cube.ide.mcu.externaltools.gnu-tools-for-stm32.11.3.rel1.win32_1.1.0.202305231506/tools/bin/../lib/gcc/arm-none-eabi/11.3.1/../../../../arm-none-eabi/lib/thumb/v7e-m+fp/hard\libc_nano.a(libc_a-closer.o) (errno)
C:/ST/STM32CubeIDE_1.13.1/STM32CubeIDE/plugins/com.st.stm32cube.ide.mcu.externaltools.gnu-tools-for-stm32.11.3.rel1.win32_1.1.0.202305231506/tools/bin/../lib/gcc/arm-none-eabi/11.3.1/../../../../arm-none-eabi/lib/thumb/v7e-m+fp/hard\libc_nano.a(libc_a-impure.o)
                              C:/ST/STM32CubeIDE_1.13.1/STM32CubeIDE/plugins/com.st.stm32cube.ide.mcu.externaltools.gnu-tools-for-stm32.11.3.rel1.win32_1.1.0.202305231506/tools/bin/../lib/gcc/arm-none-eabi/11.3.1/../../../../arm-none-eabi/lib/thumb/v7e-m+fp/hard\libc_nano.a(libc_a-reent.o) (_impure_ptr)
C:/ST/STM32CubeIDE_1.13.1/STM32CubeIDE/plugins/com.st.stm32cube.ide.mcu.externaltools.gnu-tools-for-stm32.11.3.rel1.win32_1.1.0.202305231506/tools/bin/../lib/gcc/arm-none-eabi/11.3.1/../../../../arm-none-eabi/lib/thumb/v7e-m+fp/hard\libc_nano.a(libc_a-lseekr.o)
[...]
Memory Configuration

Name             Origin             Length             Attributes
RAM              0x0000000020000000 0x00000000000a0000 xrw
RAM2             0x0000000010000000 0x0000000000010000 xrw
RAM3             0x0000000020040000 0x0000000000060000 xrw
FLASH            0x0000000008000000 0x0000000000200000 xr
*default*        0x0000000000000000 0xffffffffffffffff

Linker script and memory map

LOAD C:/ST/STM32CubeIDE_1.13.1/STM32CubeIDE/plugins/com.st.stm32cube.ide.mcu.externaltools.gnu-tools-for-stm32.11.3.rel1.win32_1.1.0.202305231506/tools/bin/../lib/gcc/arm-none-eabi/11.3.1/thumb/v7e-m+fp/hard/crti.o
LOAD C:/ST/STM32CubeIDE_1.13.1/STM32CubeIDE/plugins/com.st.stm32cube.ide.mcu.externaltools.gnu-tools-for-stm32.11.3.rel1.win32_1.1.0.202305231506/tools/bin/../lib/gcc/arm-none-eabi/11.3.1/thumb/v7e-m+fp/hard/crtbegin.o
LOAD C:/ST/STM32CubeIDE_1.13.1/STM32CubeIDE/plugins/com.st.stm32cube.ide.mcu.externaltools.gnu-tools-for-stm32.11.3.rel1.win32_1.1.0.202305231506/tools/bin/../lib/gcc/arm-none-eabi/11.3.1/../../../../arm-none-eabi/lib/thumb/v7e-m+fp/hard/crt0.o
LOAD ./Core/Src/main.o
LOAD ./Core/Src/stm32l4xx_hal_msp.o
LOAD ./Core/Src/stm32l4xx_it.o
LOAD ./Core/Src/syscalls.o
LOAD ./Core/Src/sysmem.o
LOAD ./Core/Src/system_stm32l4xx.o
LOAD ./Core/Startup/startup_stm32l4s5vitx.o
LOAD ./Drivers/BSP/B-L4S5I-IOT01/stm32l4s5i_iot01.o
LOAD ./Drivers/BSP/B-L4S5I-IOT01/stm32l4s5i_iot01_accelero.o
LOAD ./Drivers/BSP/B-L4S5I-IOT01/stm32l4s5i_iot01_gyro.o
LOAD ./Drivers/BSP/B-L4S5I-IOT01/stm32l4s5i_iot01_hsensor.o
LOAD ./Drivers/BSP/B-L4S5I-IOT01/stm32l4s5i_iot01_magneto.o
LOAD ./Drivers/BSP/B-L4S5I-IOT01/stm32l4s5i_iot01_qspi.o
LOAD ./Drivers/BSP/Components/hts221/hts221.o
LOAD ./Drivers/BSP/Components/lis3mdl/lis3mdl.o
LOAD ./Drivers/BSP/Components/lps22hb/lps22hb.o
LOAD ./Drivers/BSP/Components/lsm6dsl/lsm6dsl.o
LOAD ./Drivers/STM32L4xx_HAL_Driver/Src/stm32l4xx_hal.o
LOAD ./Drivers/STM32L4xx_HAL_Driver/Src/stm32l4xx_hal_cortex.o
LOAD ./Drivers/STM32L4xx_HAL_Driver/Src/stm32l4xx_hal_dma.o
LOAD ./Drivers/STM32L4xx_HAL_Driver/Src/stm32l4xx_hal_dma_ex.o
LOAD ./Drivers/STM32L4xx_HAL_Driver/Src/stm32l4xx_hal_exti.o
LOAD ./Drivers/STM32L4xx_HAL_Driver/Src/stm32l4xx_hal_flash.o
LOAD ./Drivers/STM32L4xx_HAL_Driver/Src/stm32l4xx_hal_flash_ex.o
LOAD ./Drivers/STM32L4xx_HAL_Driver/Src/stm32l4xx_hal_flash_ramfunc.o
LOAD ./Drivers/STM32L4xx_HAL_Driver/Src/stm32l4xx_hal_gpio.o
LOAD ./Drivers/STM32L4xx_HAL_Driver/Src/stm32l4xx_hal_i2c.o
LOAD ./Drivers/STM32L4xx_HAL_Driver/Src/stm32l4xx_hal_i2c_ex.o
LOAD ./Drivers/STM32L4xx_HAL_Driver/Src/stm32l4xx_hal_ospi.o
LOAD ./Drivers/STM32L4xx_HAL_Driver/Src/stm32l4xx_hal_pwr.o
LOAD ./Drivers/STM32L4xx_HAL_Driver/Src/stm32l4xx_hal_pwr_ex.o
LOAD ./Drivers/STM32L4xx_HAL_Driver/Src/stm32l4xx_hal_rcc.o
LOAD ./Drivers/STM32L4xx_HAL_Driver/Src/stm32l4xx_hal_rcc_ex.o
LOAD ./Drivers/STM32L4xx_HAL_Driver/Src/stm32l4xx_hal_tim.o
LOAD ./Drivers/STM32L4xx_HAL_Driver/Src/stm32l4xx_hal_tim_ex.o
LOAD ./Drivers/STM32L4xx_HAL_Driver/Src/stm32l4xx_hal_uart.o
LOAD ./Drivers/STM32L4xx_HAL_Driver/Src/stm32l4xx_hal_uart_ex.o
LOAD C:\Users\Admin\OneDrive\Documents\GitHub\444\Lab_4\Core\Lib\libarm_cortexM4lf_math.a
START GROUP
LOAD C:/ST/STM32CubeIDE_1.13.1/STM32CubeIDE/plugins/com.st.stm32cube.ide.mcu.externaltools.gnu-tools-for-stm32.11.3.rel1.win32_1.1.0.202305231506/tools/bin/../lib/gcc/arm-none-eabi/11.3.1/../../../../arm-none-eabi/lib/thumb/v7e-m+fp/hard\libc_nano.a
LOAD C:/ST/STM32CubeIDE_1.13.1/STM32CubeIDE/plugins/com.st.stm32cube.ide.mcu.externaltools.gnu-tools-for-stm32.11.3.rel1.win32_1.1.0.202305231506/tools/bin/../lib/gcc/arm-none-eabi/11.3.1/../../../../arm-none-eabi/lib/thumb/v7e-m+fp/hard\libm.a
END GROUP
START GROUP
LOAD C:/ST/STM32CubeIDE_1.13.1/STM32CubeIDE/plugins/com.st.stm32cube.ide.mcu.externaltools.gnu-tools-for-stm32.11.3.rel1.win32_1.1.0.202305231506/tools/bin/../lib/gcc/arm-none-eabi/11.3.1/thumb/v7e-m+fp/hard\libgcc.a
LOAD C:/ST/STM32CubeIDE_1.13.1/STM32CubeIDE/plugins/com.st.stm32cube.ide.mcu.externaltools.gnu-tools-for-stm32.11.3.rel1.win32_1.1.0.202305231506/tools/bin/../lib/gcc/arm-none-eabi/11.3.1/../../../../arm-none-eabi/lib/thumb/v7e-m+fp/hard\libc_nano.a
END GROUP
START GROUP
LOAD C:/ST/STM32CubeIDE_1.13.1/STM32CubeIDE/plugins/com.st.stm32cube.ide.mcu.externaltools.gnu-tools-for-stm32.11.3.rel1.win32_1.1.0.202305231506/tools/bin/../lib/gcc/arm-none-eabi/11.3.1/thumb/v7e-m+fp/hard\libgcc.a
LOAD C:/ST/STM32CubeIDE_1.13.1/STM32CubeIDE/plugins/com.st.stm32cube.ide.mcu.externaltools.gnu-tools-for-stm32.11.3.rel1.win32_1.1.0.202305231506/tools/bin/../lib/gcc/arm-none-eabi/11.3.1/../../../../arm-none-eabi/lib/thumb/v7e-m+fp/hard\libc_nano.a
LOAD C:/ST/STM32CubeIDE_1.13.1/STM32CubeIDE/plugins/com.st.stm32cube.ide.mcu.externaltools.gnu-tools-for-stm32.11.3.rel1.win32_1.1.0.202305231506/tools/bin/../lib/gcc/arm-none-eabi/11.3.1/../../../../arm-none-eabi/lib/thumb/v7e-m+fp/hard\libnosys.a
END GROUP
START GROUP
LOAD C:/ST/STM32CubeIDE_1.13.1/STM32CubeIDE/plugins/com.st.stm32cube.ide.mcu.externaltools.gnu-tools-for-stm32.11.3.rel1.win32_1.1.0.202305231506/tools/bin/../lib/gcc/arm-none-eabi/11.3.1/thumb/v7e-m+fp/hard\libgcc.a
LOAD C:/ST/STM32CubeIDE_1.13.1/STM32CubeIDE/plugins/com.st.stm32cube.ide.mcu.externaltools.gnu-tools-for-stm32.11.3.rel1.win32_1.1.0.202305231506/tools/bin/../lib/gcc/arm-none-eabi/11.3.1/../../../../arm-none-eabi/lib/thumb/v7e-m+fp/hard\libc_nano.a
LOAD C:/ST/STM32CubeIDE_1.13.1/STM32CubeIDE/plugins/com.st.stm32cube.ide.mcu.externaltools.gnu-tools-for-stm32.11.3.rel1.win32_1.1.0.202305231506/tools/bin/../lib/gcc/arm-none-eabi/11.3.1/../../../../arm-none-eabi/lib/thumb/v7e-m+fp/hard\libnosys.a
END GROUP
LOAD C:/ST/STM32CubeIDE_1.13.1/STM32CubeIDE/plugins/com.st.stm32cube.ide.mcu.externaltools.gnu-tools-for-stm32.11.3.rel1.win32_1.1.0.202305231506/tools/bin/../lib/gcc/arm-none-eabi/11.3.1/thumb/v7e-m+fp/hard/crtend.o
LOAD C:/ST/STM32CubeIDE_1.13.1/STM32CubeIDE/plugins/com.st.stm32cube.ide.mcu.externaltools.gnu-tools-for-stm32.11.3.rel1.win32_1.1.0.202305231506/tools/bin/../lib/gcc/arm-none-eabi/11.3.1/thumb/v7e-m+fp/hard/crtn.o
                0x00000000200a0000                _estack = (ORIGIN (RAM) + LENGTH (RAM))
                0x0000000000000200                _Min_Heap_Size = 0x200
                0x0000000000000400                _Min_Stack_Size = 0x400

.isr_vector     0x0000000008000000      0x1bc
                0x0000000008000000                . = ALIGN (0x4)
 *(.isr_vector)
 .isr_vector    0x0000000008000000      0x1bc ./Core/Startup/startup_stm32l4s5vitx.o
                0x0000000008000000                g_pfnVectors
                0x00000000080001bc                . = ALIGN (0x4)

.text           0x00000000080001bc     0x6dac
                0x00000000080001bc                . = ALIGN (0x4)
 *(.text)
 .text          0x00000000080001bc       0x40 C:/ST/STM32CubeIDE_1.13.1/STM32CubeIDE/plugins/com.st.stm32cube.ide.mcu.externaltools.gnu-tools-for-stm32.11.3.rel1.win32_1.1.0.202305231506/tools/bin/../lib/gcc/arm-none-eabi/11.3.1/thumb/v7e-m+fp/hard/crtbegin.o
 .text          0x00000000080001fc       0x30 C:/ST/STM32CubeIDE_1.13.1/STM32CubeIDE/plugins/com.st.stm32cube.ide.mcu.externaltools.gnu-tools-for-stm32.11.3.rel1.win32_1.1.0.202305231506/tools/bin/../lib/gcc/arm-none-eabi/11.3.1/thumb/v7e-m+fp/hard\libgcc.a(_aeabi_uldivmod.o)
                0x00000000080001fc                __aeabi_uldivmod
 .text          0x000000000800022c      0x2c8 C:/ST/STM32CubeIDE_1.13.1/STM32CubeIDE/plugins/com.st.stm32cube.ide.mcu.externaltools.gnu-tools-for-stm32.11.3.rel1.win32_1.1.0.202305231506/tools/bin/../lib/gcc/arm-none-eabi/11.3.1/thumb/v7e-m+fp/hard\libgcc.a(_udivmoddi4.o)
                0x000000000800022c                __udivmoddi4
 .text          0x00000000080004f4        0x4 C:/ST/STM32CubeIDE_1.13.1/STM32CubeIDE/plugins/com.st.stm32cube.ide.mcu.externaltools.gnu-tools-for-stm32.11.3.rel1.win32_1.1.0.202305231506/tools/bin/../lib/gcc/arm-none-eabi/11.3.1/thumb/v7e-m+fp/hard\libgcc.a(_dvmd_tls.o)
                0x00000000080004f4                __aeabi_idiv0
                0x00000000080004f4                __aeabi_ldiv0
 *(.text*)
 .text.main     0x00000000080004f8       0xd4 ./Core/Src/main.o
                0x00000000080004f8                main
 .text.SystemClock_Config
                0x00000000080005cc       0xa2 ./Core/Src/main.o
                0x00000000080005cc                SystemClock_Config
 *fill*         0x000000000800066e        0x2 
 .text.MX_I2C2_Init
                0x0000000008000670       0x80 ./Core/Src/main.o
 .text.MX_OCTOSPI1_Init
                0x00000000080006f0       0xac ./Core/Src/main.o
 .text.MX_USART1_UART_Init
                0x000000000800079c       0x98 ./Core/Src/main.o
 .text.MX_GPIO_Init
                0x0000000008000834       0xf4 ./Core/Src/main.o
 .text.HAL_GPIO_EXTI_Callback
                0x0000000008000928       0x34 ./Core/Src/main.o
                0x0000000008000928                HAL_GPIO_EXTI_Callback
 .text.Error_Handler
                0x000000000800095c       0x1c ./Core/Src/main.o
                0x000000000800095c                Error_Handler
 .text.HAL_MspInit
                0x0000000008000978       0x48 ./Core/Src/stm32l4xx_hal_msp.o
                0x0000000008000978                HAL_MspInit
 .text.HAL_I2C_MspInit
                0x00000000080009c0       0xbc ./Core/Src/stm32l4xx_hal_msp.o
                0x00000000080009c0                HAL_I2C_MspInit
 .text.HAL_I2C_MspDeInit
                0x0000000008000a7c       0x48 ./Core/Src/stm32l4xx_hal_msp.o
                0x0000000008000a7c                HAL_I2C_MspDeInit
 .text.HAL_OSPI_MspInit
                0x0000000008000ac4       0xd8 ./Core/Src/stm32l4xx_hal_msp.o
                0x0000000008000ac4                HAL_OSPI_MspInit
 .text.HAL_OSPI_MspDeInit
                0x0000000008000b9c       0x48 ./Core/Src/stm32l4xx_hal_msp.o
                0x0000000008000b9c                HAL_OSPI_MspDeInit
 .text.HAL_UART_MspInit
                0x0000000008000be4       0xbc ./Core/Src/stm32l4xx_hal_msp.o
                0x0000000008000be4                HAL_UART_MspInit
 .text.NMI_Handler
                0x0000000008000ca0        0x6 ./Core/Src/stm32l4xx_it.o
                0x0000000008000ca0                NMI_Handler
 *fill*         0x0000000008000ca6        0x2 
 .text.HardFault_Handler
                0x0000000008000ca8       0x18 ./Core/Src/stm32l4xx_it.o
                0x0000000008000ca8                HardFault_Handler
 .text.MemManage_Handler
                0x0000000008000cc0        0x6 ./Core/Src/stm32l4xx_it.o
                0x0000000008000cc0                MemManage_Handler
 .text.BusFault_Handler
                0x0000000008000cc6        0x6 ./Core/Src/stm32l4xx_it.o
                0x0000000008000cc6                BusFault_Handler
 .text.UsageFault_Handler
                0x0000000008000ccc        0x6 ./Core/Src/stm32l4xx_it.o
                0x0000000008000ccc                UsageFault_Handler
 .text.SVC_Handler
                0x0000000008000cd2        0xe ./Core/Src/stm32l4xx_it.o
                0x0000000008000cd2                SVC_Handler
 .text.DebugMon_Handler
                0x0000000008000ce0        0xe ./Core/Src/stm32l4xx_it.o
                0x0000000008000ce0                DebugMon_Handler
 .text.PendSV_Handler
                0x0000000008000cee        0xe ./Core/Src/stm32l4xx_it.o
                0x0000000008000cee                PendSV_Handler
 .text.SysTick_Handler
                0x0000000008000cfc        0xc ./Core/Src/stm32l4xx_it.o
                0x0000000008000cfc                SysTick_Handler
 .text.EXTI15_10_IRQHandler
                0x0000000008000d08       0x10 ./Core/Src/stm32l4xx_it.o
                0x0000000008000d08                EXTI15_10_IRQHandler
 .text.SystemInit
                0x0000000008000d18       0x24 ./Core/Src/system_stm32l4xx.o
                0x0000000008000d18                SystemInit
 .text.Reset_Handler
                0x0000000008000d3c       0x50 ./Core/Startup/startup_stm32l4s5vitx.o
                0x0000000008000d3c                Reset_Handler
 .text.Default_Handler
                0x0000000008000d8c        0x2 ./Core/Startup/startup_stm32l4s5vitx.o
                0x0000000008000d8c                RTC_Alarm_IRQHandler
                0x0000000008000d8c                EXTI2_IRQHandler
                0x0000000008000d8c                TIM8_TRG_COM_IRQHandler
                0x0000000008000d8c                TIM8_CC_IRQHandler
                0x0000000008000d8c                TIM1_CC_IRQHandler
                0x0000000008000d8c                TSC_IRQHandler
                0x0000000008000d8c                TAMP_STAMP_IRQHandler
                0x0000000008000d8c                EXTI3_IRQHandler
                0x0000000008000d8c                LPTIM2_IRQHandler
                0x0000000008000d8c                DFSDM1_FLT1_IRQHandler
                0x0000000008000d8c                GFXMMU_IRQHandler
                0x0000000008000d8c                I2C3_ER_IRQHandler
                0x0000000008000d8c                DFSDM1_FLT2_IRQHandler
                0x0000000008000d8c                EXTI0_IRQHandler
                0x0000000008000d8c                I2C2_EV_IRQHandler
                0x0000000008000d8c                CAN1_RX0_IRQHandler
                0x0000000008000d8c                FPU_IRQHandler
                0x0000000008000d8c                TIM1_UP_TIM16_IRQHandler
                0x0000000008000d8c                LTDC_ER_IRQHandler
                0x0000000008000d8c                SPI1_IRQHandler
                0x0000000008000d8c                OCTOSPI1_IRQHandler
                0x0000000008000d8c                TIM6_DAC_IRQHandler
                0x0000000008000d8c                DCMI_IRQHandler
                0x0000000008000d8c                TIM8_UP_IRQHandler
                0x0000000008000d8c                OCTOSPI2_IRQHandler
                0x0000000008000d8c                DMA2_Channel2_IRQHandler
                0x0000000008000d8c                DMA1_Channel4_IRQHandler
                0x0000000008000d8c                SAI2_IRQHandler
                0x0000000008000d8c                ADC1_IRQHandler
                0x0000000008000d8c                DFSDM1_FLT3_IRQHandler
                0x0000000008000d8c                USART3_IRQHandler
                0x0000000008000d8c                DMA1_Channel7_IRQHandler
                0x0000000008000d8c                CAN1_RX1_IRQHandler
                0x0000000008000d8c                UART5_IRQHandler
                0x0000000008000d8c                TIM4_IRQHandler
                0x0000000008000d8c                DMA2_Channel1_IRQHandler
                0x0000000008000d8c                I2C1_EV_IRQHandler
                0x0000000008000d8c                DMAMUX1_OVR_IRQHandler
                0x0000000008000d8c                DMA1_Channel6_IRQHandler
                0x0000000008000d8c                UART4_IRQHandler
                0x0000000008000d8c                DMA2_Channel4_IRQHandler
                0x0000000008000d8c                TIM3_IRQHandler
                0x0000000008000d8c                RCC_IRQHandler
                0x0000000008000d8c                DMA1_Channel1_IRQHandler
                0x0000000008000d8c                Default_Handler
                0x0000000008000d8c                DMA2_Channel7_IRQHandler
                0x0000000008000d8c                TIM7_IRQHandler
                0x0000000008000d8c                SDMMC1_IRQHandler
                0x0000000008000d8c                TIM5_IRQHandler
                0x0000000008000d8c                I2C3_EV_IRQHandler
                0x0000000008000d8c                EXTI9_5_IRQHandler
                0x0000000008000d8c                RTC_WKUP_IRQHandler
                0x0000000008000d8c                LTDC_IRQHandler
                0x0000000008000d8c                PVD_PVM_IRQHandler
                0x0000000008000d8c                SPI2_IRQHandler
                0x0000000008000d8c                CAN1_TX_IRQHandler
                0x0000000008000d8c                DMA2_Channel5_IRQHandler
                0x0000000008000d8c                DMA1_Channel5_IRQHandler
                0x0000000008000d8c                EXTI4_IRQHandler
                0x0000000008000d8c                RNG_IRQHandler
                0x0000000008000d8c                TIM1_TRG_COM_TIM17_IRQHandler
                0x0000000008000d8c                DMA1_Channel3_IRQHandler
                0x0000000008000d8c                COMP_IRQHandler
                0x0000000008000d8c                HASH_CRS_IRQHandler
                0x0000000008000d8c                WWDG_IRQHandler
                0x0000000008000d8c                I2C4_EV_IRQHandler
                0x0000000008000d8c                LPUART1_IRQHandler
                0x0000000008000d8c                DMA2_Channel6_IRQHandler
                0x0000000008000d8c                TIM2_IRQHandler
                0x0000000008000d8c                DMA2D_IRQHandler
                0x0000000008000d8c                EXTI1_IRQHandler
                0x0000000008000d8c                AES_IRQHandler
                0x0000000008000d8c                USART2_IRQHandler
                0x0000000008000d8c                DFSDM1_FLT0_IRQHandler
                0x0000000008000d8c                I2C2_ER_IRQHandler
                0x0000000008000d8c                DMA1_Channel2_IRQHandler
                0x0000000008000d8c                TIM8_BRK_IRQHandler
                0x0000000008000d8c                CAN1_SCE_IRQHandler
                0x0000000008000d8c                FLASH_IRQHandler
                0x0000000008000d8c                USART1_IRQHandler
                0x0000000008000d8c                OTG_FS_IRQHandler
                0x0000000008000d8c                SPI3_IRQHandler
                0x0000000008000d8c                I2C1_ER_IRQHandler
                0x0000000008000d8c                FMC_IRQHandler
                0x0000000008000d8c                LPTIM1_IRQHandler
                0x0000000008000d8c                I2C4_ER_IRQHandler
                0x0000000008000d8c                SAI1_IRQHandler
                0x0000000008000d8c                DMA2_Channel3_IRQHandler
                0x0000000008000d8c                TIM1_BRK_TIM15_IRQHandler
 *fill*         0x0000000008000d8e        0x2 
 .text.I2Cx_MspInit
                0x0000000008000d90       0xb0 ./Drivers/BSP/B-L4S5I-IOT01/stm32l4s5i_iot01.o
 .text.I2Cx_Init
                0x0000000008000e40       0x5c ./Drivers/BSP/B-L4S5I-IOT01/stm32l4s5i_iot01.o
 .text.I2Cx_ReadMultiple
                0x0000000008000e9c       0x5a ./Drivers/BSP/B-L4S5I-IOT01/stm32l4s5i_iot01.o
 .text.I2Cx_WriteMultiple
                0x0000000008000ef6       0x5a ./Drivers/BSP/B-L4S5I-IOT01/stm32l4s5i_iot01.o
 .text.I2Cx_Error
                0x0000000008000f50       0x20 ./Drivers/BSP/B-L4S5I-IOT01/stm32l4s5i_iot01.o
 .text.SENSOR_IO_Init
                0x0000000008000f70       0x14 ./Drivers/BSP/B-L4S5I-IOT01/stm32l4s5i_iot01.o
                0x0000000008000f70                SENSOR_IO_Init
 .text.SENSOR_IO_Write
                0x0000000008000f84       0x34 ./Drivers/BSP/B-L4S5I-IOT01/stm32l4s5i_iot01.o
                0x0000000008000f84                SENSOR_IO_Write
 .text.SENSOR_IO_Read
                0x0000000008000fb8       0x3c ./Drivers/BSP/B-L4S5I-IOT01/stm32l4s5i_iot01.o
                0x0000000008000fb8                SENSOR_IO_Read
 .text.SENSOR_IO_ReadMultiple
                0x0000000008000ff4       0x3c ./Drivers/BSP/B-L4S5I-IOT01/stm32l4s5i_iot01.o
                0x0000000008000ff4                SENSOR_IO_ReadMultiple
 .text.BSP_ACCELERO_Init
                0x0000000008001030       0x7c ./Drivers/BSP/B-L4S5I-IOT01/stm32l4s5i_iot01_accelero.o
                0x0000000008001030                BSP_ACCELERO_Init
 .text.BSP_GYRO_Init
                0x00000000080010ac       0x84 ./Drivers/BSP/B-L4S5I-IOT01/stm32l4s5i_iot01_gyro.o
                0x00000000080010ac                BSP_GYRO_Init
 .text.BSP_HSENSOR_Init
                0x0000000008001130       0x40 ./Drivers/BSP/B-L4S5I-IOT01/stm32l4s5i_iot01_hsensor.o
                0x0000000008001130                BSP_HSENSOR_Init
 .text.BSP_HSENSOR_ReadHumidity
                0x0000000008001170       0x1c ./Drivers/BSP/B-L4S5I-IOT01/stm32l4s5i_iot01_hsensor.o
                0x0000000008001170                BSP_HSENSOR_ReadHumidity
 .text.BSP_MAGNETO_Init
                0x000000000800118c       0x58 ./Drivers/BSP/B-L4S5I-IOT01/stm32l4s5i_iot01_magneto.o
                0x000000000800118c                BSP_MAGNETO_Init
 .text.BSP_QSPI_Init
                0x00000000080011e4       0xfc ./Drivers/BSP/B-L4S5I-IOT01/stm32l4s5i_iot01_qspi.o
                0x00000000080011e4                BSP_QSPI_Init
 .text.BSP_QSPI_Read
                0x00000000080012e0       0xa4 ./Drivers/BSP/B-L4S5I-IOT01/stm32l4s5i_iot01_qspi.o
                0x00000000080012e0                BSP_QSPI_Read
 .text.BSP_QSPI_Write
                0x0000000008001384      0x10c ./Drivers/BSP/B-L4S5I-IOT01/stm32l4s5i_iot01_qspi.o
                0x0000000008001384                BSP_QSPI_Write
 .text.BSP_QSPI_Erase_Block
                0x0000000008001490       0x94 ./Drivers/BSP/B-L4S5I-IOT01/stm32l4s5i_iot01_qspi.o
                0x0000000008001490                BSP_QSPI_Erase_Block
 .text.BSP_QSPI_MspInit
                0x0000000008001524       0x80 ./Drivers/BSP/B-L4S5I-IOT01/stm32l4s5i_iot01_qspi.o
                0x0000000008001524                BSP_QSPI_MspInit
 .text.QSPI_ResetMemory
                0x00000000080015a4       0x8e ./Drivers/BSP/B-L4S5I-IOT01/stm32l4s5i_iot01_qspi.o
 .text.QSPI_WriteEnable
                0x0000000008001632       0xb8 ./Drivers/BSP/B-L4S5I-IOT01/stm32l4s5i_iot01_qspi.o
 .text.QSPI_AutoPollingMemReady
                0x00000000080016ea       0x96 ./Drivers/BSP/B-L4S5I-IOT01/stm32l4s5i_iot01_qspi.o
 .text.QSPI_QuadMode
                0x0000000008001780      0x158 ./Drivers/BSP/B-L4S5I-IOT01/stm32l4s5i_iot01_qspi.o
 .text.QSPI_HighPerfMode
                0x00000000080018d8      0x19e ./Drivers/BSP/B-L4S5I-IOT01/stm32l4s5i_iot01_qspi.o
 .text.HTS221_H_Init
                0x0000000008001a76       0x58 ./Drivers/BSP/Components/hts221/hts221.o
                0x0000000008001a76                HTS221_H_Init
 .text.HTS221_H_ReadID
                0x0000000008001ace       0x2c ./Drivers/BSP/Components/hts221/hts221.o
                0x0000000008001ace                HTS221_H_ReadID
 *fill*         0x0000000008001afa        0x2 
 .text.HTS221_H_ReadHumidity
                0x0000000008001afc      0x138 ./Drivers/BSP/Components/hts221/hts221.o
                0x0000000008001afc                HTS221_H_ReadHumidity
 .text.LIS3MDL_MagInit
                0x0000000008001c34       0x50 ./Drivers/BSP/Components/lis3mdl/lis3mdl.o
                0x0000000008001c34                LIS3MDL_MagInit
 .text.LIS3MDL_MagDeInit
                0x0000000008001c84       0x3a ./Drivers/BSP/Components/lis3mdl/lis3mdl.o
                0x0000000008001c84                LIS3MDL_MagDeInit
 .text.LIS3MDL_MagReadID
                0x0000000008001cbe       0x16 ./Drivers/BSP/Components/lis3mdl/lis3mdl.o
                0x0000000008001cbe                LIS3MDL_MagReadID
 .text.LIS3MDL_MagLowPower
                0x0000000008001cd4       0x44 ./Drivers/BSP/Components/lis3mdl/lis3mdl.o
                0x0000000008001cd4                LIS3MDL_MagLowPower
 .text.LIS3MDL_MagReadXYZ
                0x0000000008001d18      0x10c ./Drivers/BSP/Components/lis3mdl/lis3mdl.o
                0x0000000008001d18                LIS3MDL_MagReadXYZ
 .text.LSM6DSL_AccInit
                0x0000000008001e24       0x72 ./Drivers/BSP/Components/lsm6dsl/lsm6dsl.o
                0x0000000008001e24                LSM6DSL_AccInit
 .text.LSM6DSL_AccDeInit
                0x0000000008001e96       0x32 ./Drivers/BSP/Components/lsm6dsl/lsm6dsl.o
                0x0000000008001e96                LSM6DSL_AccDeInit
 .text.LSM6DSL_AccReadID
                0x0000000008001ec8       0x16 ./Drivers/BSP/Components/lsm6dsl/lsm6dsl.o
                0x0000000008001ec8                LSM6DSL_AccReadID
 .text.LSM6DSL_AccLowPower
                0x0000000008001ede       0x44 ./Drivers/BSP/Components/lsm6dsl/lsm6dsl.o
                0x0000000008001ede                LSM6DSL_AccLowPower
 *fill*         0x0000000008001f22        0x2 
 .text.LSM6DSL_AccReadXYZ
                0x0000000008001f24      0x130 ./Drivers/BSP/Components/lsm6dsl/lsm6dsl.o
                0x0000000008001f24                LSM6DSL_AccReadXYZ
 .text.LSM6DSL_GyroInit
                0x0000000008002054       0x72 ./Drivers/BSP/Components/lsm6dsl/lsm6dsl.o
                0x0000000008002054                LSM6DSL_GyroInit
 .text.LSM6DSL_GyroDeInit
                0x00000000080020c6       0x32 ./Drivers/BSP/Components/lsm6dsl/lsm6dsl.o
                0x00000000080020c6                LSM6DSL_GyroDeInit
 .text.LSM6DSL_GyroReadID
                0x00000000080020f8       0x16 ./Drivers/BSP/Components/lsm6dsl/lsm6dsl.o
                0x00000000080020f8                LSM6DSL_GyroReadID
 .text.LSM6DSL_GyroLowPower
                0x000000000800210e       0x44 ./Drivers/BSP/Components/lsm6dsl/lsm6dsl.o
                0x000000000800210e                LSM6DSL_GyroLowPower
 *fill*         0x0000000008002152        0x2 
 .text.LSM6DSL_GyroReadXYZAngRate
                0x0000000008002154      0x128 ./Drivers/BSP/Components/lsm6dsl/lsm6dsl.o
                0x0000000008002154                LSM6DSL_GyroReadXYZAngRate
 .text.HAL_Init
                0x000000000800227c       0x30 ./Drivers/STM32L4xx_HAL_Driver/Src/stm32l4xx_hal.o
                0x000000000800227c                HAL_Init
 .text.HAL_InitTick
                0x00000000080022ac       0x78 ./Drivers/STM32L4xx_HAL_Driver/Src/stm32l4xx_hal.o
                0x00000000080022ac                HAL_InitTick
 .text.HAL_IncTick
                0x0000000008002324       0x28 ./Drivers/STM32L4xx_HAL_Driver/Src/stm32l4xx_hal.o
                0x0000000008002324                HAL_IncTick
 .text.HAL_GetTick
                0x000000000800234c       0x18 ./Drivers/STM32L4xx_HAL_Driver/Src/stm32l4xx_hal.o
                0x000000000800234c                HAL_GetTick
 .text.HAL_Delay
                0x0000000008002364       0x48 ./Drivers/STM32L4xx_HAL_Driver/Src/stm32l4xx_hal.o
                0x0000000008002364                HAL_Delay
 .text.__NVIC_SetPriorityGrouping
                0x00000000080023ac       0x48 ./Drivers/STM32L4xx_HAL_Driver/Src/stm32l4xx_hal_cortex.o
 .text.__NVIC_GetPriorityGrouping
                0x00000000080023f4       0x1c ./Drivers/STM32L4xx_HAL_Driver/Src/stm32l4xx_hal_cortex.o
 .text.__NVIC_EnableIRQ
                0x0000000008002410       0x3c ./Drivers/STM32L4xx_HAL_Driver/Src/stm32l4xx_hal_cortex.o
 .text.__NVIC_SetPriority
                0x000000000800244c       0x54 ./Drivers/STM32L4xx_HAL_Driver/Src/stm32l4xx_hal_cortex.o
 .text.NVIC_EncodePriority
                0x00000000080024a0       0x66 ./Drivers/STM32L4xx_HAL_Driver/Src/stm32l4xx_hal_cortex.o
 *fill*         0x0000000008002506        0x2 
 .text.SysTick_Config
                0x0000000008002508       0x44 ./Drivers/STM32L4xx_HAL_Driver/Src/stm32l4xx_hal_cortex.o
 .text.HAL_NVIC_SetPriorityGrouping
                0x000000000800254c       0x16 ./Drivers/STM32L4xx_HAL_Driver/Src/stm32l4xx_hal_cortex.o
                0x000000000800254c                HAL_NVIC_SetPriorityGrouping
 .text.HAL_NVIC_SetPriority
                0x0000000008002562       0x38 ./Drivers/STM32L4xx_HAL_Driver/Src/stm32l4xx_hal_cortex.o
                0x0000000008002562                HAL_NVIC_SetPriority
 .text.HAL_NVIC_EnableIRQ
                0x000000000800259a       0x1c ./Drivers/STM32L4xx_HAL_Driver/Src/stm32l4xx_hal_cortex.o
                0x000000000800259a                HAL_NVIC_EnableIRQ
 .text.HAL_SYSTICK_Config
                0x00000000080025b6       0x18 ./Drivers/STM32L4xx_HAL_Driver/Src/stm32l4xx_hal_cortex.o
                0x00000000080025b6                HAL_SYSTICK_Config
 *fill*         0x00000000080025ce        0x2 
 .text.HAL_GPIO_Init
                0x00000000080025d0      0x324 ./Drivers/STM32L4xx_HAL_Driver/Src/stm32l4xx_hal_gpio.o
                0x00000000080025d0                HAL_GPIO_Init
 .text.HAL_GPIO_DeInit
                0x00000000080028f4      0x1e4 ./Drivers/STM32L4xx_HAL_Driver/Src/stm32l4xx_hal_gpio.o
                0x00000000080028f4                HAL_GPIO_DeInit
 .text.HAL_GPIO_WritePin
                0x0000000008002ad8       0x30 ./Drivers/STM32L4xx_HAL_Driver/Src/stm32l4xx_hal_gpio.o
                0x0000000008002ad8                HAL_GPIO_WritePin
 .text.HAL_GPIO_EXTI_IRQHandler
                0x0000000008002b08       0x30 ./Drivers/STM32L4xx_HAL_Driver/Src/stm32l4xx_hal_gpio.o
                0x0000000008002b08                HAL_GPIO_EXTI_IRQHandler
 .text.HAL_I2C_Init
                0x0000000008002b38      0x136 ./Drivers/STM32L4xx_HAL_Driver/Src/stm32l4xx_hal_i2c.o
                0x0000000008002b38                HAL_I2C_Init
 .text.HAL_I2C_DeInit
                0x0000000008002c6e       0x5e ./Drivers/STM32L4xx_HAL_Driver/Src/stm32l4xx_hal_i2c.o
                0x0000000008002c6e                HAL_I2C_DeInit
 .text.HAL_I2C_Mem_Write
                0x0000000008002ccc      0x228 ./Drivers/STM32L4xx_HAL_Driver/Src/stm32l4xx_hal_i2c.o
                0x0000000008002ccc                HAL_I2C_Mem_Write
 .text.HAL_I2C_Mem_Read
                0x0000000008002ef4      0x234 ./Drivers/STM32L4xx_HAL_Driver/Src/stm32l4xx_hal_i2c.o
                0x0000000008002ef4                HAL_I2C_Mem_Read
 .text.I2C_RequestMemoryWrite
                0x0000000008003128       0xa8 ./Drivers/STM32L4xx_HAL_Driver/Src/stm32l4xx_hal_i2c.o
 .text.I2C_RequestMemoryRead
                0x00000000080031d0       0xa8 ./Drivers/STM32L4xx_HAL_Driver/Src/stm32l4xx_hal_i2c.o
 .text.I2C_Flush_TXDR
                0x0000000008003278       0x48 ./Drivers/STM32L4xx_HAL_Driver/Src/stm32l4xx_hal_i2c.o
 .text.I2C_WaitOnFlagUntilTimeout
                0x00000000080032c0       0x9e ./Drivers/STM32L4xx_HAL_Driver/Src/stm32l4xx_hal_i2c.o
 .text.I2C_WaitOnTXISFlagUntilTimeout
                0x000000000800335e       0x8e ./Drivers/STM32L4xx_HAL_Driver/Src/stm32l4xx_hal_i2c.o
 .text.I2C_WaitOnSTOPFlagUntilTimeout
                0x00000000080033ec       0x86 ./Drivers/STM32L4xx_HAL_Driver/Src/stm32l4xx_hal_i2c.o
 *fill*         0x0000000008003472        0x2 
 .text.I2C_IsErrorOccurred
                0x0000000008003474      0x1c0 ./Drivers/STM32L4xx_HAL_Driver/Src/stm32l4xx_hal_i2c.o
 .text.I2C_TransferConfig
                0x0000000008003634       0x64 ./Drivers/STM32L4xx_HAL_Driver/Src/stm32l4xx_hal_i2c.o
 .text.HAL_I2CEx_ConfigAnalogFilter
                0x0000000008003698       0x96 ./Drivers/STM32L4xx_HAL_Driver/Src/stm32l4xx_hal_i2c_ex.o
                0x0000000008003698                HAL_I2CEx_ConfigAnalogFilter
 .text.HAL_I2CEx_ConfigDigitalFilter
                0x000000000800372e       0x98 ./Drivers/STM32L4xx_HAL_Driver/Src/stm32l4xx_hal_i2c_ex.o
                0x000000000800372e                HAL_I2CEx_ConfigDigitalFilter
 *fill*         0x00000000080037c6        0x2 
 .text.HAL_OSPI_Init
                0x00000000080037c8      0x154 ./Drivers/STM32L4xx_HAL_Driver/Src/stm32l4xx_hal_ospi.o
                0x00000000080037c8                HAL_OSPI_Init
 .text.HAL_OSPI_DeInit
                0x000000000800391c       0x4e ./Drivers/STM32L4xx_HAL_Driver/Src/stm32l4xx_hal_ospi.o
                0x000000000800391c                HAL_OSPI_DeInit
 .text.HAL_OSPI_Command
                0x000000000800396a      0x102 ./Drivers/STM32L4xx_HAL_Driver/Src/stm32l4xx_hal_ospi.o
                0x000000000800396a                HAL_OSPI_Command
 .text.HAL_OSPI_Transmit
                0x0000000008003a6c       0xe6 ./Drivers/STM32L4xx_HAL_Driver/Src/stm32l4xx_hal_ospi.o
                0x0000000008003a6c                HAL_OSPI_Transmit
 .text.HAL_OSPI_Receive
                0x0000000008003b52      0x146 ./Drivers/STM32L4xx_HAL_Driver/Src/stm32l4xx_hal_ospi.o
                0x0000000008003b52                HAL_OSPI_Receive
 .text.HAL_OSPI_AutoPolling
                0x0000000008003c98      0x10e ./Drivers/STM32L4xx_HAL_Driver/Src/stm32l4xx_hal_ospi.o
                0x0000000008003c98                HAL_OSPI_AutoPolling
 .text.HAL_OSPI_SetTimeout
                0x0000000008003da6       0x1e ./Drivers/STM32L4xx_HAL_Driver/Src/stm32l4xx_hal_ospi.o
                0x0000000008003da6                HAL_OSPI_SetTimeout
 .text.HAL_OSPIM_Config
                0x0000000008003dc4      0x668 ./Drivers/STM32L4xx_HAL_Driver/Src/stm32l4xx_hal_ospi.o
                0x0000000008003dc4                HAL_OSPIM_Config
 .text.OSPI_WaitFlagStateUntilTimeout
                0x000000000800442c       0x6e ./Drivers/STM32L4xx_HAL_Driver/Src/stm32l4xx_hal_ospi.o
 *fill*         0x000000000800449a        0x2 
 .text.OSPI_ConfigCmd
                0x000000000800449c      0x2c4 ./Drivers/STM32L4xx_HAL_Driver/Src/stm32l4xx_hal_ospi.o
 .text.OSPIM_GetConfig
                0x0000000008004760      0x160 ./Drivers/STM32L4xx_HAL_Driver/Src/stm32l4xx_hal_ospi.o
 .text.HAL_PWREx_GetVoltageRange
                0x00000000080048c0       0x40 ./Drivers/STM32L4xx_HAL_Driver/Src/stm32l4xx_hal_pwr_ex.o
                0x00000000080048c0                HAL_PWREx_GetVoltageRange
 .text.HAL_PWREx_ControlVoltageScaling
                0x0000000008004900      0x148 ./Drivers/STM32L4xx_HAL_Driver/Src/stm32l4xx_hal_pwr_ex.o
                0x0000000008004900                HAL_PWREx_ControlVoltageScaling
 .text.HAL_RCC_OscConfig
                0x0000000008004a48      0x834 ./Drivers/STM32L4xx_HAL_Driver/Src/stm32l4xx_hal_rcc.o
                0x0000000008004a48                HAL_RCC_OscConfig
 .text.HAL_RCC_ClockConfig
                0x000000000800527c      0x274 ./Drivers/STM32L4xx_HAL_Driver/Src/stm32l4xx_hal_rcc.o
                0x000000000800527c                HAL_RCC_ClockConfig
 .text.HAL_RCC_GetSysClockFreq
                0x00000000080054f0      0x118 ./Drivers/STM32L4xx_HAL_Driver/Src/stm32l4xx_hal_rcc.o
                0x00000000080054f0                HAL_RCC_GetSysClockFreq
 .text.HAL_RCC_GetHCLKFreq
                0x0000000008005608       0x18 ./Drivers/STM32L4xx_HAL_Driver/Src/stm32l4xx_hal_rcc.o
                0x0000000008005608                HAL_RCC_GetHCLKFreq
 .text.HAL_RCC_GetPCLK1Freq
                0x0000000008005620       0x2c ./Drivers/STM32L4xx_HAL_Driver/Src/stm32l4xx_hal_rcc.o
                0x0000000008005620                HAL_RCC_GetPCLK1Freq
 .text.HAL_RCC_GetPCLK2Freq
                0x000000000800564c       0x2c ./Drivers/STM32L4xx_HAL_Driver/Src/stm32l4xx_hal_rcc.o
                0x000000000800564c                HAL_RCC_GetPCLK2Freq
 .text.RCC_SetFlashLatencyFromMSIRange
                0x0000000008005678       0xb4 ./Drivers/STM32L4xx_HAL_Driver/Src/stm32l4xx_hal_rcc.o
 .text.RCC_GetSysClockFreqFromPLLSource
                0x000000000800572c       0xcc ./Drivers/STM32L4xx_HAL_Driver/Src/stm32l4xx_hal_rcc.o
 .text.HAL_RCCEx_PeriphCLKConfig
                0x00000000080057f8      0x660 ./Drivers/STM32L4xx_HAL_Driver/Src/stm32l4xx_hal_rcc_ex.o
                0x00000000080057f8                HAL_RCCEx_PeriphCLKConfig
 .text.RCCEx_PLLSAI1_Config
                0x0000000008005e58      0x1e8 ./Drivers/STM32L4xx_HAL_Driver/Src/stm32l4xx_hal_rcc_ex.o
 .text.RCCEx_PLLSAI2_Config
                0x0000000008006040      0x1e8 ./Drivers/STM32L4xx_HAL_Driver/Src/stm32l4xx_hal_rcc_ex.o
 .text.HAL_UART_Init
                0x0000000008006228       0xa0 ./Drivers/STM32L4xx_HAL_Driver/Src/stm32l4xx_hal_uart.o
                0x0000000008006228                HAL_UART_Init
 .text.UART_SetConfig
                0x00000000080062c8      0x5f8 ./Drivers/STM32L4xx_HAL_Driver/Src/stm32l4xx_hal_uart.o
                0x00000000080062c8                UART_SetConfig
 .text.UART_AdvFeatureConfig
                0x00000000080068c0      0x144 ./Drivers/STM32L4xx_HAL_Driver/Src/stm32l4xx_hal_uart.o
                0x00000000080068c0                UART_AdvFeatureConfig
 .text.UART_CheckIdleState
                0x0000000008006a04      0x154 ./Drivers/STM32L4xx_HAL_Driver/Src/stm32l4xx_hal_uart.o
                0x0000000008006a04                UART_CheckIdleState
 .text.UART_WaitOnFlagUntilTimeout
                0x0000000008006b58       0xce ./Drivers/STM32L4xx_HAL_Driver/Src/stm32l4xx_hal_uart.o
                0x0000000008006b58                UART_WaitOnFlagUntilTimeout
 .text.UART_EndRxTransfer
                0x0000000008006c26       0xcc ./Drivers/STM32L4xx_HAL_Driver/Src/stm32l4xx_hal_uart.o
 .text.HAL_UARTEx_DisableFifoMode
                0x0000000008006cf2       0x72 ./Drivers/STM32L4xx_HAL_Driver/Src/stm32l4xx_hal_uart_ex.o
                0x0000000008006cf2                HAL_UARTEx_DisableFifoMode
 .text.HAL_UARTEx_SetTxFifoThreshold
                0x0000000008006d64       0x7c ./Drivers/STM32L4xx_HAL_Driver/Src/stm32l4xx_hal_uart_ex.o
                0x0000000008006d64                HAL_UARTEx_SetTxFifoThreshold
 .text.HAL_UARTEx_SetRxFifoThreshold
                0x0000000008006de0       0x7c ./Drivers/STM32L4xx_HAL_Driver/Src/stm32l4xx_hal_uart_ex.o
                0x0000000008006de0                HAL_UARTEx_SetRxFifoThreshold
 .text.UARTEx_SetNbDataToProcess
                0x0000000008006e5c       0x9c ./Drivers/STM32L4xx_HAL_Driver/Src/stm32l4xx_hal_uart_ex.o
 .text.memset   0x0000000008006ef8       0x10 C:/ST/STM32CubeIDE_1.13.1/STM32CubeIDE/plugins/com.st.stm32cube.ide.mcu.externaltools.gnu-tools-for-stm32.11.3.rel1.win32_1.1.0.202305231506/tools/bin/../lib/gcc/arm-none-eabi/11.3.1/../../../../arm-none-eabi/lib/thumb/v7e-m+fp/hard\libc_nano.a(libc_a-memset.o)
                0x0000000008006ef8                memset
 .text.__libc_init_array
                0x0000000008006f08       0x48 C:/ST/STM32CubeIDE_1.13.1/STM32CubeIDE/plugins/com.st.stm32cube.ide.mcu.externaltools.gnu-tools-for-stm32.11.3.rel1.win32_1.1.0.202305231506/tools/bin/../lib/gcc/arm-none-eabi/11.3.1/../../../../arm-none-eabi/lib/thumb/v7e-m+fp/hard\libc_nano.a(libc_a-init.o)
                0x0000000008006f08                __libc_init_array
 *(.glue_7)
 .glue_7        0x0000000008006f50        0x0 linker stubs
 *(.glue_7t)
 .glue_7t       0x0000000008006f50        0x0 linker stubs
 *(.eh_frame)
 .eh_frame      0x0000000008006f50        0x0 C:/ST/STM32CubeIDE_1.13.1/STM32CubeIDE/plugins/com.st.stm32cube.ide.mcu.externaltools.gnu-tools-for-stm32.11.3.rel1.win32_1.1.0.202305231506/tools/bin/../lib/gcc/arm-none-eabi/11.3.1/thumb/v7e-m+fp/hard/crtbegin.o
 *(.init)
 .init          0x0000000008006f50        0x4 C:/ST/STM32CubeIDE_1.13.1/STM32CubeIDE/plugins/com.st.stm32cube.ide.mcu.externaltools.gnu-tools-for-stm32.11.3.rel1.win32_1.1.0.202305231506/tools/bin/../lib/gcc/arm-none-eabi/11.3.1/thumb/v7e-m+fp/hard/crti.o
                0x0000000008006f50                _init
 .init          0x0000000008006f54        0x8 C:/ST/STM32CubeIDE_1.13.1/STM32CubeIDE/plugins/com.st.stm32cube.ide.mcu.externaltools.gnu-tools-for-stm32.11.3.rel1.win32_1.1.0.202305231506/tools/bin/../lib/gcc/arm-none-eabi/11.3.1/thumb/v7e-m+fp/hard/crtn.o
 *(.fini)
 .fini          0x0000000008006f5c        0x4 C:/ST/STM32CubeIDE_1.13.1/STM32CubeIDE/plugins/com.st.stm32cube.ide.mcu.externaltools.gnu-tools-for-stm32.11.3.rel1.win32_1.1.0.202305231506/tools/bin/../lib/gcc/arm-none-eabi/11.3.1/thumb/v7e-m+fp/hard/crti.o
                0x0000000008006f5c                _fini
 .fini          0x0000000008006f60        0x8 C:/ST/STM32CubeIDE_1.13.1/STM32CubeIDE/plugins/com.st.stm32cube.ide.mcu.externaltools.gnu-tools-for-stm32.11.3.rel1.win32_1.1.0.202305231506/tools/bin/../lib/gcc/arm-none-eabi/11.3.1/thumb/v7e-m+fp/hard/crtn.o
                0x0000000008006f68                . = ALIGN (0x4)
                0x0000000008006f68                _etext = .

.vfp11_veneer   0x0000000008006f68        0x0
 .vfp11_veneer  0x0000000008006f68        0x0 linker stubs

.v4_bx          0x0000000008006f68        0x0
 .v4_bx         0x0000000008006f68        0x0 linker stubs

.iplt           0x0000000008006f68        0x0
 .iplt          0x0000000008006f68        0x0 C:/ST/STM32CubeIDE_1.13.1/STM32CubeIDE/plugins/com.st.stm32cube.ide.mcu.externaltools.gnu-tools-for-stm32.11.3.rel1.win32_1.1.0.202305231506/tools/bin/../lib/gcc/arm-none-eabi/11.3.1/thumb/v7e-m+fp/hard/crtbegin.o

.rodata         0x0000000008006f68       0x70
                0x0000000008006f68                . = ALIGN (0x4)
 *(.rodata)
 *(.rodata*)
 .rodata.AHBPrescTable
                0x0000000008006f68       0x10 ./Core/Src/system_stm32l4xx.o
                0x0000000008006f68                AHBPrescTable
 .rodata.APBPrescTable
                0x0000000008006f78        0x8 ./Core/Src/system_stm32l4xx.o
                0x0000000008006f78                APBPrescTable
 .rodata.MSIRangeTable
                0x0000000008006f80       0x30 ./Core/Src/system_stm32l4xx.o
                0x0000000008006f80                MSIRangeTable
 .rodata.UARTPrescTable
                0x0000000008006fb0       0x18 ./Drivers/STM32L4xx_HAL_Driver/Src/stm32l4xx_hal_uart.o
                0x0000000008006fb0                UARTPrescTable
 .rodata.numerator.1
                0x0000000008006fc8        0x8 ./Drivers/STM32L4xx_HAL_Driver/Src/stm32l4xx_hal_uart_ex.o
 .rodata.denominator.0
                0x0000000008006fd0        0x8 ./Drivers/STM32L4xx_HAL_Driver/Src/stm32l4xx_hal_uart_ex.o
                0x0000000008006fd8                . = ALIGN (0x4)

.ARM.extab      0x0000000008006fd8        0x0
                0x0000000008006fd8                . = ALIGN (0x4)
 *(.ARM.extab* .gnu.linkonce.armextab.*)
                0x0000000008006fd8                . = ALIGN (0x4)

.ARM            0x0000000008006fd8        0x8
                0x0000000008006fd8                . = ALIGN (0x4)
                0x0000000008006fd8                __exidx_start = .
 *(.ARM.exidx*)
 .ARM.exidx     0x0000000008006fd8        0x8 C:/ST/STM32CubeIDE_1.13.1/STM32CubeIDE/plugins/com.st.stm32cube.ide.mcu.externaltools.gnu-tools-for-stm32.11.3.rel1.win32_1.1.0.202305231506/tools/bin/../lib/gcc/arm-none-eabi/11.3.1/thumb/v7e-m+fp/hard\libgcc.a(_udivmoddi4.o)
                0x0000000008006fe0                __exidx_end = .
                0x0000000008006fe0                . = ALIGN (0x4)

.rel.dyn        0x0000000008006fe0        0x0
 .rel.iplt      0x0000000008006fe0        0x0 C:/ST/STM32CubeIDE_1.13.1/STM32CubeIDE/plugins/com.st.stm32cube.ide.mcu.externaltools.gnu-tools-for-stm32.11.3.rel1.win32_1.1.0.202305231506/tools/bin/../lib/gcc/arm-none-eabi/11.3.1/thumb/v7e-m+fp/hard/crtbegin.o

.preinit_array  0x0000000008006fe0        0x0
                0x0000000008006fe0                . = ALIGN (0x4)
                0x0000000008006fe0                PROVIDE (__preinit_array_start = .)
 *(.preinit_array*)
                0x0000000008006fe0                PROVIDE (__preinit_array_end = .)
                0x0000000008006fe0                . = ALIGN (0x4)

.init_array     0x0000000008006fe0        0x4
                0x0000000008006fe0                . = ALIGN (0x4)
                0x0000000008006fe0                PROVIDE (__init_array_start = .)
 *(SORT_BY_NAME(.init_array.*))
 *(.init_array*)
 .init_array    0x0000000008006fe0        0x4 C:/ST/STM32CubeIDE_1.13.1/STM32CubeIDE/plugins/com.st.stm32cube.ide.mcu.externaltools.gnu-tools-for-stm32.11.3.rel1.win32_1.1.0.202305231506/tools/bin/../lib/gcc/arm-none-eabi/11.3.1/thumb/v7e-m+fp/hard/crtbegin.o
                0x0000000008006fe4                PROVIDE (__init_array_end = .)
                0x0000000008006fe4                . = ALIGN (0x4)

.fini_array     0x0000000008006fe4        0x4
                0x0000000008006fe4                . = ALIGN (0x4)
                [!provide]                        PROVIDE (__fini_array_start = .)
 *(SORT_BY_NAME(.fini_array.*))
 *(.fini_array*)
 .fini_array    0x0000000008006fe4        0x4 C:/ST/STM32CubeIDE_1.13.1/STM32CubeIDE/plugins/com.st.stm32cube.ide.mcu.externaltools.gnu-tools-for-stm32.11.3.rel1.win32_1.1.0.202305231506/tools/bin/../lib/gcc/arm-none-eabi/11.3.1/thumb/v7e-m+fp/hard/crtbegin.o
                [!provide]                        PROVIDE (__fini_array_end = .)
                0x0000000008006fe8                . = ALIGN (0x4)
                0x0000000008006fe8                _sidata = LOADADDR (.data)

.data           0x0000000020000000       0xb4 load address 0x0000000008006fe8
                0x0000000020000000                . = ALIGN (0x4)
                0x0000000020000000                _sdata = .
 *(.data)
 *(.data*)
 .data.SystemCoreClock
                0x0000000020000000        0x4 ./Core/Src/system_stm32l4xx.o
                0x0000000020000000                SystemCoreClock
 .data.HTS221_H_Drv
                0x0000000020000004        0xc ./Drivers/BSP/Components/hts221/hts221.o
                0x0000000020000004                HTS221_H_Drv
 .data.Lis3mdlMagDrv
                0x0000000020000010       0x34 ./Drivers/BSP/Components/lis3mdl/lis3mdl.o
                0x0000000020000010                Lis3mdlMagDrv
 .data.Lsm6dslAccDrv
                0x0000000020000044       0x34 ./Drivers/BSP/Components/lsm6dsl/lsm6dsl.o
                0x0000000020000044                Lsm6dslAccDrv
 .data.Lsm6dslGyroDrv
                0x0000000020000078       0x34 ./Drivers/BSP/Components/lsm6dsl/lsm6dsl.o
                0x0000000020000078                Lsm6dslGyroDrv
 .data.uwTickPrio
                0x00000000200000ac        0x4 ./Drivers/STM32L4xx_HAL_Driver/Src/stm32l4xx_hal.o
                0x00000000200000ac                uwTickPrio
 .data.uwTickFreq
                0x00000000200000b0        0x1 ./Drivers/STM32L4xx_HAL_Driver/Src/stm32l4xx_hal.o
                0x00000000200000b0                uwTickFreq
 *(.RamFunc)
 *(.RamFunc*)
                0x00000000200000b4                . = ALIGN (0x4)
 *fill*         0x00000000200000b1        0x3 
                0x00000000200000b4                _edata = .

.igot.plt       0x00000000200000b4        0x0 load address 0x000000000800709c
 .igot.plt      0x00000000200000b4        0x0 C:/ST/STM32CubeIDE_1.13.1/STM32CubeIDE/plugins/com.st.stm32cube.ide.mcu.externaltools.gnu-tools-for-stm32.11.3.rel1.win32_1.1.0.202305231506/tools/bin/../lib/gcc/arm-none-eabi/11.3.1/thumb/v7e-m+fp/hard/crtbegin.o
                0x00000000200000b4                . = ALIGN (0x4)

.bss            0x00000000200000b4      0x218 load address 0x000000000800709c
                0x00000000200000b4                _sbss = .
                0x00000000200000b4                __bss_start__ = _sbss
 *(.bss)
 .bss           0x00000000200000b4       0x1c C:/ST/STM32CubeIDE_1.13.1/STM32CubeIDE/plugins/com.st.stm32cube.ide.mcu.externaltools.gnu-tools-for-stm32.11.3.rel1.win32_1.1.0.202305231506/tools/bin/../lib/gcc/arm-none-eabi/11.3.1/thumb/v7e-m+fp/hard/crtbegin.o
 *(.bss*)
 .bss.hi2c2     0x00000000200000d0       0x54 ./Core/Src/main.o
                0x00000000200000d0                hi2c2
 .bss.hospi1    0x0000000020000124       0x50 ./Core/Src/main.o
                0x0000000020000124                hospi1
 .bss.huart1    0x0000000020000174       0x94 ./Core/Src/main.o
                0x0000000020000174                huart1
 .bss.humidity  0x0000000020000208        0x4 ./Core/Src/main.o
                0x0000000020000208                humidity
 .bss.flash_humidity
                0x000000002000020c        0x4 ./Core/Src/main.o
                0x000000002000020c                flash_humidity
 .bss.sensor    0x0000000020000210        0x1 ./Core/Src/main.o
                0x0000000020000210                sensor
 .bss.add_offset
                0x0000000020000211        0x1 ./Core/Src/main.o
                0x0000000020000211                add_offset
 *fill*         0x0000000020000212        0x2 
 .bss.hI2cHandler
                0x0000000020000214       0x54 ./Drivers/BSP/B-L4S5I-IOT01/stm32l4s5i_iot01.o
                0x0000000020000214                hI2cHandler
 .bss.AccelerometerDrv
                0x0000000020000268        0x4 ./Drivers/BSP/B-L4S5I-IOT01/stm32l4s5i_iot01_accelero.o
 .bss.GyroscopeDrv
                0x000000002000026c        0x4 ./Drivers/BSP/B-L4S5I-IOT01/stm32l4s5i_iot01_gyro.o
 .bss.Hsensor_drv
                0x0000000020000270        0x4 ./Drivers/BSP/B-L4S5I-IOT01/stm32l4s5i_iot01_hsensor.o
 .bss.MagnetoDrv
                0x0000000020000274        0x4 ./Drivers/BSP/B-L4S5I-IOT01/stm32l4s5i_iot01_magneto.o
 .bss.OSPIHandle
                0x0000000020000278       0x50 ./Drivers/BSP/B-L4S5I-IOT01/stm32l4s5i_iot01_qspi.o
                0x0000000020000278                OSPIHandle
 .bss.uwTick    0x00000000200002c8        0x4 ./Drivers/STM32L4xx_HAL_Driver/Src/stm32l4xx_hal.o
                0x00000000200002c8                uwTick
 *(COMMON)
                0x00000000200002cc                . = ALIGN (0x4)
                0x00000000200002cc                _ebss = .
                0x00000000200002cc                __bss_end__ = _ebss

._user_heap_stack
                0x00000000200002cc      0x604 load address 0x000000000800709c
                0x00000000200002d0                . = ALIGN (0x8)
 *fill*         0x00000000200002cc        0x4 
                [!provide]                        PROVIDE (end = .)
                0x00000000200002d0                PROVIDE (_end = .)
                0x00000000200004d0                . = (. + _Min_Heap_Size)
 *fill*         0x00000000200002d0      0x200 
                0x00000000200008d0                . = (. + _Min_Stack_Size)
 *fill*         0x00000000200004d0      0x400 
                0x00000000200008d0                . = ALIGN (0x8)

/DISCARD/
 libc.a(*)
 libm.a(*)
 libgcc.a(*)

.ARM.attributes
                0x0000000000000000       0x30
 *(.ARM.attributes)
 .ARM.attributes
                0x0000000000000000       0x1e C:/ST/STM32CubeIDE_1.13.1/STM32CubeIDE/plugins/com.st.stm32cube.ide.mcu.externaltools.gnu-tools-for-stm32.11.3.rel1.win32_1.1.0.202305231506/tools/bin/../lib/gcc/arm-none-eabi/11.3.1/thumb/v7e-m+fp/hard/crti.o
 .ARM.attributes
                0x000000000000001e       0x34 C:/ST/STM32CubeIDE_1.13.1/STM32CubeIDE/plugins/com.st.stm32cube.ide.mcu.externaltools.gnu-tools-for-stm32.11.3.rel1.win32_1.1.0.202305231506/tools/bin/../lib/gcc/arm-none-eabi/11.3.1/thumb/v7e-m+fp/hard/crtbegin.o
 .ARM.attributes
                0x0000000000000052       0x34 ./Core/Src/main.o
 .ARM.attributes
                0x0000000000000086       0x34 ./Core/Src/stm32l4xx_hal_msp.o
 .ARM.attributes
                0x00000000000000ba       0x34 ./Core/Src/stm32l4xx_it.o
 .ARM.attributes
                0x00000000000000ee       0x34 ./Core/Src/system_stm32l4xx.o
 .ARM.attributes
                0x0000000000000122       0x21 ./Core/Startup/startup_stm32l4s5vitx.o
 .ARM.attributes
                0x0000000000000143       0x34 ./Drivers/BSP/B-L4S5I-IOT01/stm32l4s5i_iot01.o
 .ARM.attributes
                0x0000000000000177       0x34 ./Drivers/BSP/B-L4S5I-IOT01/stm32l4s5i_iot01_accelero.o
 .ARM.attributes
                0x00000000000001ab       0x34 ./Drivers/BSP/B-L4S5I-IOT01/stm32l4s5i_iot01_gyro.o
 .ARM.attributes
                0x00000000000001df       0x34 ./Drivers/BSP/B-L4S5I-IOT01/stm32l4s5i_iot01_hsensor.o
 .ARM.attributes
                0x0000000000000213       0x34 ./Drivers/BSP/B-L4S5I-IOT01/stm32l4s5i_iot01_magneto.o
 .ARM.attributes
                0x0000000000000247       0x34 ./Drivers/BSP/B-L4S5I-IOT01/stm32l4s5i_iot01_qspi.o
 .ARM.attributes
                0x000000000000027b       0x34 ./Drivers/BSP/Components/hts221/hts221.o
 .ARM.attributes
                0x00000000000002af       0x34 ./Drivers/BSP/Components/lis3mdl/lis3mdl.o
 .ARM.attributes
                0x00000000000002e3       0x34 ./Drivers/BSP/Components/lsm6dsl/lsm6dsl.o
 .ARM.attributes
                0x0000000000000317       0x34 ./Drivers/STM32L4xx_HAL_Driver/Src/stm32l4xx_hal.o
 .ARM.attributes
                0x000000000000034b       0x34 ./Drivers/STM32L4xx_HAL_Driver/Src/stm32l4xx_hal_cortex.o
 .ARM.attributes
                0x000000000000037f       0x34 ./Drivers/STM32L4xx_HAL_Driver/Src/stm32l4xx_hal_gpio.o
 .ARM.attributes
                0x00000000000003b3       0x34 ./Drivers/STM32L4xx_HAL_Driver/Src/stm32l4xx_hal_i2c.o
 .ARM.attributes
                0x00000000000003e7       0x34 ./Drivers/STM32L4xx_HAL_Driver/Src/stm32l4xx_hal_i2c_ex.o
 .ARM.attributes
                0x000000000000041b       0x34 ./Drivers/STM32L4xx_HAL_Driver/Src/stm32l4xx_hal_ospi.o
 .ARM.attributes
                0x000000000000044f       0x34 ./Drivers/STM32L4xx_HAL_Driver/Src/stm32l4xx_hal_pwr_ex.o
 .ARM.attributes
                0x0000000000000483       0x34 ./Drivers/STM32L4xx_HAL_Driver/Src/stm32l4xx_hal_rcc.o
 .ARM.attributes
                0x00000000000004b7       0x34 ./Drivers/STM32L4xx_HAL_Driver/Src/stm32l4xx_hal_rcc_ex.o
 .ARM.attributes
                0x00000000000004eb       0x34 ./Drivers/STM32L4xx_HAL_Driver/Src/stm32l4xx_hal_uart.o
 .ARM.attributes
                0x000000000000051f       0x34 ./Drivers/STM32L4xx_HAL_Driver/Src/stm32l4xx_hal_uart_ex.o
 .ARM.attributes
                0x0000000000000553       0x34 C:/ST/STM32CubeIDE_1.13.1/STM32CubeIDE/plugins/com.st.stm32cube.ide.mcu.externaltools.gnu-tools-for-stm32.11.3.rel1.win32_1.1.0.202305231506/tools/bin/../lib/gcc/arm-none-eabi/11.3.1/../../../../arm-none-eabi/lib/thumb/v7e-m+fp/hard\libc_nano.a(libc_a-memset.o)
 .ARM.attributes
                0x0000000000000587       0x34 C:/ST/STM32CubeIDE_1.13.1/STM32CubeIDE/plugins/com.st.stm32cube.ide.mcu.externaltools.gnu-tools-for-stm32.11.3.rel1.win32_1.1.0.202305231506/tools/bin/../lib/gcc/arm-none-eabi/11.3.1/../../../../arm-none-eabi/lib/thumb/v7e-m+fp/hard\libc_nano.a(libc_a-init.o)
 .ARM.attributes
                0x00000000000005bb       0x1e C:/ST/STM32CubeIDE_1.13.1/STM32CubeIDE/plugins/com.st.stm32cube.ide.mcu.externaltools.gnu-tools-for-stm32.11.3.rel1.win32_1.1.0.202305231506/tools/bin/../lib/gcc/arm-none-eabi/11.3.1/thumb/v7e-m+fp/hard\libgcc.a(_aeabi_uldivmod.o)
 .ARM.attributes
                0x00000000000005d9       0x34 C:/ST/STM32CubeIDE_1.13.1/STM32CubeIDE/plugins/com.st.stm32cube.ide.mcu.externaltools.gnu-tools-for-stm32.11.3.rel1.win32_1.1.0.202305231506/tools/bin/../lib/gcc/arm-none-eabi/11.3.1/thumb/v7e-m+fp/hard\libgcc.a(_udivmoddi4.o)
 .ARM.attributes
                0x000000000000060d       0x1e C:/ST/STM32CubeIDE_1.13.1/STM32CubeIDE/plugins/com.st.stm32cube.ide.mcu.externaltools.gnu-tools-for-stm32.11.3.rel1.win32_1.1.0.202305231506/tools/bin/../lib/gcc/arm-none-eabi/11.3.1/thumb/v7e-m+fp/hard\libgcc.a(_dvmd_tls.o)
 .ARM.attributes
                0x000000000000062b       0x1e C:/ST/STM32CubeIDE_1.13.1/STM32CubeIDE/plugins/com.st.stm32cube.ide.mcu.externaltools.gnu-tools-for-stm32.11.3.rel1.win32_1.1.0.202305231506/tools/bin/../lib/gcc/arm-none-eabi/11.3.1/thumb/v7e-m+fp/hard/crtn.o
OUTPUT(Lab_4.elf elf32-littlearm)
LOAD linker stubs
LOAD C:/ST/STM32CubeIDE_1.13.1/STM32CubeIDE/plugins/com.st.stm32cube.ide.mcu.externaltools.gnu-tools-for-stm32.11.3.rel1.win32_1.1.0.202305231506/tools/bin/../lib/gcc/arm-none-eabi/11.3.1/../../../../arm-none-eabi/lib/thumb/v7e-m+fp/hard\libc.a
LOAD C:/ST/STM32CubeIDE_1.13.1/STM32CubeIDE/plugins/com.st.stm32cube.ide.mcu.externaltools.gnu-tools-for-stm32.11.3.rel1.win32_1.1.0.202305231506/tools/bin/../lib/gcc/arm-none-eabi/11.3.1/../../../../arm-none-eabi/lib/thumb/v7e-m+fp/hard\libm.a
LOAD C:/ST/STM32CubeIDE_1.13.1/STM32CubeIDE/plugins/com.st.stm32cube.ide.mcu.externaltools.gnu-tools-for-stm32.11.3.rel1.win32_1.1.0.202305231506/tools/bin/../lib/gcc/arm-none-eabi/11.3.1/thumb/v7e-m+fp/hard\libgcc.a

.comment        0x0000000000000000       0x43
 .comment       0x0000000000000000       0x43 C:/ST/STM32CubeIDE_1.13.1/STM32CubeIDE/plugins/com.st.stm32cube.ide.mcu.externaltools.gnu-tools-for-stm32.11.3.rel1.win32_1.1.0.202305231506/tools/bin/../lib/gcc/arm-none-eabi/11.3.1/thumb/v7e-m+fp/hard/crtbegin.o
                                         0x44 (size before relaxing)
 .comment       0x0000000000000043       0x44 ./Core/Src/main.o
 .comment       0x0000000000000043       0x44 ./Core/Src/stm32l4xx_hal_msp.o
 .comment       0x0000000000000043       0x44 ./Core/Src/stm32l4xx_it.o
 .comment       0x0000000000000043       0x44 ./Core/Src/system_stm32l4xx.o
 .comment       0x0000000000000043       0x44 ./Drivers/BSP/B-L4S5I-IOT01/stm32l4s5i_iot01.o
 .comment       0x0000000000000043       0x44 ./Drivers/BSP/B-L4S5I-IOT01/stm32l4s5i_iot01_accelero.o
 .comment       0x0000000000000043       0x44 ./Drivers/BSP/B-L4S5I-IOT01/stm32l4s5i_iot01_gyro.o
 .comment       0x0000000000000043       0x44 ./Drivers/BSP/B-L4S5I-IOT01/stm32l4s5i_iot01_hsensor.o
 .comment       0x0000000000000043       0x44 ./Drivers/BSP/B-L4S5I-IOT01/stm32l4s5i_iot01_magneto.o
 .comment       0x0000000000000043       0x44 ./Drivers/BSP/B-L4S5I-IOT01/stm32l4s5i_iot01_qspi.o
 .comment       0x0000000000000043       0x44 ./Drivers/BSP/Components/hts221/hts221.o
 .comment       0x0000000000000043       0x44 ./Drivers/BSP/Components/lis3mdl/lis3mdl.o
 .comment       0x0000000000000043       0x44 ./Drivers/BSP/Components/lsm6dsl/lsm6dsl.o
 .comment       0x0000000000000043       0x44 ./Drivers/STM32L4xx_HAL_Driver/Src/stm32l4xx_hal.o
 .comment       0x0000000000000043       0x44 ./Drivers/STM32L4xx_HAL_Driver/Src/stm32l4xx_hal_cortex.o
 .comment       0x0000000000000043       0x44 ./Drivers/STM32L4xx_HAL_Driver/Src/stm32l4xx_hal_gpio.o
 .comment       0x0000000000000043       0x44 ./Drivers/STM32L4xx_HAL_Driver/Src/stm32l4xx_hal_i2c.o
 .comment       0x0000000000000043       0x44 ./Drivers/STM32L4xx_HAL_Driver/Src/stm32l4xx_hal_i2c_ex.o
 .comment       0x0000000000000043       0x44 ./Drivers/STM32L4xx_HAL_Driver/Src/stm32l4xx_hal_ospi.o
 .comment       0x0000000000000043       0x44 ./Drivers/STM32L4xx_HAL_Driver/Src/stm32l4xx_hal_pwr_ex.o
 .comment       0x0000000000000043       0x44 ./Drivers/STM32L4xx_HAL_Driver/Src/stm32l4xx_hal_rcc.o
 .comment       0x0000000000000043       0x44 ./Drivers/STM32L4xx_HAL_Driver/Src/stm32l4xx_hal_rcc_ex.o
 .comment       0x0000000000000043       0x44 ./Drivers/STM32L4xx_HAL_Driver/Src/stm32l4xx_hal_uart.o
 .comment       0x0000000000000043       0x44 ./Drivers/STM32L4xx_HAL_Driver/Src/stm32l4xx_hal_uart_ex.o

.debug_info     0x0000000000000000    0x16bef
 .debug_info    0x0000000000000000     0x1c2c ./Core/Src/main.o
 .debug_info    0x0000000000001c2c     0x16e4 ./Core/Src/stm32l4xx_hal_msp.o
 .debug_info    0x0000000000003310      0x254 ./Core/Src/stm32l4xx_it.o
 .debug_info    0x0000000000003564      0x5e9 ./Core/Src/system_stm32l4xx.o
 .debug_info    0x0000000000003b4d       0x23 ./Core/Startup/startup_stm32l4s5vitx.o
 .debug_info    0x0000000000003b70     0x1d04 ./Drivers/BSP/B-L4S5I-IOT01/stm32l4s5i_iot01.o
 .debug_info    0x0000000000005874      0x32e ./Drivers/BSP/B-L4S5I-IOT01/stm32l4s5i_iot01_accelero.o
 .debug_info    0x0000000000005ba2      0x318 ./Drivers/BSP/B-L4S5I-IOT01/stm32l4s5i_iot01_gyro.o
 .debug_info    0x0000000000005eba      0x1c5 ./Drivers/BSP/B-L4S5I-IOT01/stm32l4s5i_iot01_hsensor.o
 .debug_info    0x000000000000607f      0x304 ./Drivers/BSP/B-L4S5I-IOT01/stm32l4s5i_iot01_magneto.o
 .debug_info    0x0000000000006383     0x13e9 ./Drivers/BSP/B-L4S5I-IOT01/stm32l4s5i_iot01_qspi.o
 .debug_info    0x000000000000776c      0x4de ./Drivers/BSP/Components/hts221/hts221.o
 .debug_info    0x0000000000007c4a      0x3bb ./Drivers/BSP/Components/lis3mdl/lis3mdl.o
 .debug_info    0x0000000000008005      0x5b9 ./Drivers/BSP/Components/lsm6dsl/lsm6dsl.o
 .debug_info    0x00000000000085be      0xb4f ./Drivers/STM32L4xx_HAL_Driver/Src/stm32l4xx_hal.o
 .debug_info    0x000000000000910d      0xd6a ./Drivers/STM32L4xx_HAL_Driver/Src/stm32l4xx_hal_cortex.o
 .debug_info    0x0000000000009e77      0x787 ./Drivers/STM32L4xx_HAL_Driver/Src/stm32l4xx_hal_gpio.o
 .debug_info    0x000000000000a5fe     0x21ab ./Drivers/STM32L4xx_HAL_Driver/Src/stm32l4xx_hal_i2c.o
 .debug_info    0x000000000000c7a9      0xb09 ./Drivers/STM32L4xx_HAL_Driver/Src/stm32l4xx_hal_i2c_ex.o
 .debug_info    0x000000000000d2b2     0x180d ./Drivers/STM32L4xx_HAL_Driver/Src/stm32l4xx_hal_ospi.o
 .debug_info    0x000000000000eabf      0xa0a ./Drivers/STM32L4xx_HAL_Driver/Src/stm32l4xx_hal_pwr_ex.o
 .debug_info    0x000000000000f4c9      0xd32 ./Drivers/STM32L4xx_HAL_Driver/Src/stm32l4xx_hal_rcc.o
 .debug_info    0x00000000000101fb     0x1167 ./Drivers/STM32L4xx_HAL_Driver/Src/stm32l4xx_hal_rcc_ex.o
 .debug_info    0x0000000000011362     0x4875 ./Drivers/STM32L4xx_HAL_Driver/Src/stm32l4xx_hal_uart.o
 .debug_info    0x0000000000015bd7     0x1018 ./Drivers/STM32L4xx_HAL_Driver/Src/stm32l4xx_hal_uart_ex.o

.debug_abbrev   0x0000000000000000     0x3369
 .debug_abbrev  0x0000000000000000      0x30b ./Core/Src/main.o
 .debug_abbrev  0x000000000000030b      0x24f ./Core/Src/stm32l4xx_hal_msp.o
 .debug_abbrev  0x000000000000055a      0x124 ./Core/Src/stm32l4xx_it.o
 .debug_abbrev  0x000000000000067e      0x11a ./Core/Src/system_stm32l4xx.o
 .debug_abbrev  0x0000000000000798       0x12 ./Core/Startup/startup_stm32l4s5vitx.o
 .debug_abbrev  0x00000000000007aa      0x317 ./Drivers/BSP/B-L4S5I-IOT01/stm32l4s5i_iot01.o
 .debug_abbrev  0x0000000000000ac1      0x148 ./Drivers/BSP/B-L4S5I-IOT01/stm32l4s5i_iot01_accelero.o
 .debug_abbrev  0x0000000000000c09      0x148 ./Drivers/BSP/B-L4S5I-IOT01/stm32l4s5i_iot01_gyro.o
 .debug_abbrev  0x0000000000000d51      0x10a ./Drivers/BSP/B-L4S5I-IOT01/stm32l4s5i_iot01_hsensor.o
 .debug_abbrev  0x0000000000000e5b      0x148 ./Drivers/BSP/B-L4S5I-IOT01/stm32l4s5i_iot01_magneto.o
 .debug_abbrev  0x0000000000000fa3      0x330 ./Drivers/BSP/B-L4S5I-IOT01/stm32l4s5i_iot01_qspi.o
 .debug_abbrev  0x00000000000012d3      0x182 ./Drivers/BSP/Components/hts221/hts221.o
 .debug_abbrev  0x0000000000001455      0x18e ./Drivers/BSP/Components/lis3mdl/lis3mdl.o
 .debug_abbrev  0x00000000000015e3      0x1fe ./Drivers/BSP/Components/lsm6dsl/lsm6dsl.o
 .debug_abbrev  0x00000000000017e1      0x242 ./Drivers/STM32L4xx_HAL_Driver/Src/stm32l4xx_hal.o
 .debug_abbrev  0x0000000000001a23      0x327 ./Drivers/STM32L4xx_HAL_Driver/Src/stm32l4xx_hal_cortex.o
 .debug_abbrev  0x0000000000001d4a      0x1cb ./Drivers/STM32L4xx_HAL_Driver/Src/stm32l4xx_hal_gpio.o
 .debug_abbrev  0x0000000000001f15      0x25e ./Drivers/STM32L4xx_HAL_Driver/Src/stm32l4xx_hal_i2c.o
 .debug_abbrev  0x0000000000002173      0x1c0 ./Drivers/STM32L4xx_HAL_Driver/Src/stm32l4xx_hal_i2c_ex.o
 .debug_abbrev  0x0000000000002333      0x2be ./Drivers/STM32L4xx_HAL_Driver/Src/stm32l4xx_hal_ospi.o
 .debug_abbrev  0x00000000000025f1      0x1f9 ./Drivers/STM32L4xx_HAL_Driver/Src/stm32l4xx_hal_pwr_ex.o
 .debug_abbrev  0x00000000000027ea      0x306 ./Drivers/STM32L4xx_HAL_Driver/Src/stm32l4xx_hal_rcc.o
 .debug_abbrev  0x0000000000002af0      0x2a3 ./Drivers/STM32L4xx_HAL_Driver/Src/stm32l4xx_hal_rcc_ex.o
 .debug_abbrev  0x0000000000002d93      0x304 ./Drivers/STM32L4xx_HAL_Driver/Src/stm32l4xx_hal_uart.o
 .debug_abbrev  0x0000000000003097      0x2d2 ./Drivers/STM32L4xx_HAL_Driver/Src/stm32l4xx_hal_uart_ex.o

.debug_aranges  0x0000000000000000     0x1200
 .debug_aranges
                0x0000000000000000       0x58 ./Core/Src/main.o
 .debug_aranges
                0x0000000000000058       0x50 ./Core/Src/stm32l4xx_hal_msp.o
 .debug_aranges
                0x00000000000000a8       0x68 ./Core/Src/stm32l4xx_it.o
 .debug_aranges
                0x0000000000000110       0x28 ./Core/Src/system_stm32l4xx.o
 .debug_aranges
                0x0000000000000138       0x28 ./Core/Startup/startup_stm32l4s5vitx.o
 .debug_aranges
                0x0000000000000160      0x120 ./Drivers/BSP/B-L4S5I-IOT01/stm32l4s5i_iot01.o
 .debug_aranges
                0x0000000000000280       0x38 ./Drivers/BSP/B-L4S5I-IOT01/stm32l4s5i_iot01_accelero.o
 .debug_aranges
                0x00000000000002b8       0x38 ./Drivers/BSP/B-L4S5I-IOT01/stm32l4s5i_iot01_gyro.o
 .debug_aranges
                0x00000000000002f0       0x30 ./Drivers/BSP/B-L4S5I-IOT01/stm32l4s5i_iot01_hsensor.o
 .debug_aranges
                0x0000000000000320       0x38 ./Drivers/BSP/B-L4S5I-IOT01/stm32l4s5i_iot01_magneto.o
 .debug_aranges
                0x0000000000000358       0xc0 ./Drivers/BSP/B-L4S5I-IOT01/stm32l4s5i_iot01_qspi.o
 .debug_aranges
                0x0000000000000418       0x40 ./Drivers/BSP/Components/hts221/hts221.o
 .debug_aranges
                0x0000000000000458       0x40 ./Drivers/BSP/Components/lis3mdl/lis3mdl.o
 .debug_aranges
                0x0000000000000498       0x68 ./Drivers/BSP/Components/lsm6dsl/lsm6dsl.o
 .debug_aranges
                0x0000000000000500      0x130 ./Drivers/STM32L4xx_HAL_Driver/Src/stm32l4xx_hal.o
 .debug_aranges
                0x0000000000000630      0x118 ./Drivers/STM32L4xx_HAL_Driver/Src/stm32l4xx_hal_cortex.o
 .debug_aranges
                0x0000000000000748       0x58 ./Drivers/STM32L4xx_HAL_Driver/Src/stm32l4xx_hal_gpio.o
 .debug_aranges
                0x00000000000007a0      0x2a0 ./Drivers/STM32L4xx_HAL_Driver/Src/stm32l4xx_hal_i2c.o
 .debug_aranges
                0x0000000000000a40       0x48 ./Drivers/STM32L4xx_HAL_Driver/Src/stm32l4xx_hal_i2c_ex.o
 .debug_aranges
                0x0000000000000a88      0x170 ./Drivers/STM32L4xx_HAL_Driver/Src/stm32l4xx_hal_ospi.o
 .debug_aranges
                0x0000000000000bf8      0x170 ./Drivers/STM32L4xx_HAL_Driver/Src/stm32l4xx_hal_pwr_ex.o
 .debug_aranges
                0x0000000000000d68       0x98 ./Drivers/STM32L4xx_HAL_Driver/Src/stm32l4xx_hal_rcc.o
 .debug_aranges
                0x0000000000000e00      0x110 ./Drivers/STM32L4xx_HAL_Driver/Src/stm32l4xx_hal_rcc_ex.o
 .debug_aranges
                0x0000000000000f10      0x248 ./Drivers/STM32L4xx_HAL_Driver/Src/stm32l4xx_hal_uart.o
 .debug_aranges
                0x0000000000001158       0xa8 ./Drivers/STM32L4xx_HAL_Driver/Src/stm32l4xx_hal_uart_ex.o

.debug_rnglists
                0x0000000000000000      0xddc
 .debug_rnglists
                0x0000000000000000       0x43 ./Core/Src/main.o
 .debug_rnglists
                0x0000000000000043       0x3a ./Core/Src/stm32l4xx_hal_msp.o
 .debug_rnglists
                0x000000000000007d       0x49 ./Core/Src/stm32l4xx_it.o
 .debug_rnglists
                0x00000000000000c6       0x1a ./Core/Src/system_stm32l4xx.o
 .debug_rnglists
                0x00000000000000e0       0x19 ./Core/Startup/startup_stm32l4s5vitx.o
 .debug_rnglists
                0x00000000000000f9       0xd6 ./Drivers/BSP/B-L4S5I-IOT01/stm32l4s5i_iot01.o
 .debug_rnglists
                0x00000000000001cf       0x25 ./Drivers/BSP/B-L4S5I-IOT01/stm32l4s5i_iot01_accelero.o
 .debug_rnglists
                0x00000000000001f4       0x26 ./Drivers/BSP/B-L4S5I-IOT01/stm32l4s5i_iot01_gyro.o
 .debug_rnglists
                0x000000000000021a       0x1f ./Drivers/BSP/B-L4S5I-IOT01/stm32l4s5i_iot01_hsensor.o
 .debug_rnglists
                0x0000000000000239       0x25 ./Drivers/BSP/B-L4S5I-IOT01/stm32l4s5i_iot01_magneto.o
 .debug_rnglists
                0x000000000000025e       0x99 ./Drivers/BSP/B-L4S5I-IOT01/stm32l4s5i_iot01_qspi.o
 .debug_rnglists
                0x00000000000002f7       0x2d ./Drivers/BSP/Components/hts221/hts221.o
 .debug_rnglists
                0x0000000000000324       0x2c ./Drivers/BSP/Components/lis3mdl/lis3mdl.o
 .debug_rnglists
                0x0000000000000350       0x4b ./Drivers/BSP/Components/lsm6dsl/lsm6dsl.o
 .debug_rnglists
                0x000000000000039b       0xdf ./Drivers/STM32L4xx_HAL_Driver/Src/stm32l4xx_hal.o
 .debug_rnglists
                0x000000000000047a       0xce ./Drivers/STM32L4xx_HAL_Driver/Src/stm32l4xx_hal_cortex.o
 .debug_rnglists
                0x0000000000000548       0x3f ./Drivers/STM32L4xx_HAL_Driver/Src/stm32l4xx_hal_gpio.o
 .debug_rnglists
                0x0000000000000587      0x228 ./Drivers/STM32L4xx_HAL_Driver/Src/stm32l4xx_hal_i2c.o
 .debug_rnglists
                0x00000000000007af       0x35 ./Drivers/STM32L4xx_HAL_Driver/Src/stm32l4xx_hal_i2c_ex.o
 .debug_rnglists
                0x00000000000007e4      0x122 ./Drivers/STM32L4xx_HAL_Driver/Src/stm32l4xx_hal_ospi.o
 .debug_rnglists
                0x0000000000000906      0x115 ./Drivers/STM32L4xx_HAL_Driver/Src/stm32l4xx_hal_pwr_ex.o
 .debug_rnglists
                0x0000000000000a1b       0x74 ./Drivers/STM32L4xx_HAL_Driver/Src/stm32l4xx_hal_rcc.o
 .debug_rnglists
                0x0000000000000a8f       0xd4 ./Drivers/STM32L4xx_HAL_Driver/Src/stm32l4xx_hal_rcc_ex.o
 .debug_rnglists
                0x0000000000000b63      0x1fa ./Drivers/STM32L4xx_HAL_Driver/Src/stm32l4xx_hal_uart.o
 .debug_rnglists
                0x0000000000000d5d       0x7f ./Drivers/STM32L4xx_HAL_Driver/Src/stm32l4xx_hal_uart_ex.o

.debug_macro    0x0000000000000000    0x2c76e
 .debug_macro   0x0000000000000000      0x3e4 ./Core/Src/main.o
 .debug_macro   0x00000000000003e4      0xaa8 ./Core/Src/main.o
 .debug_macro   0x0000000000000e8c      0x1ad ./Core/Src/main.o
 .debug_macro   0x0000000000001039       0x2e ./Core/Src/main.o
 .debug_macro   0x0000000000001067       0x28 ./Core/Src/main.o
 .debug_macro   0x000000000000108f       0x22 ./Core/Src/main.o
 .debug_macro   0x00000000000010b1       0x8e ./Core/Src/main.o
 .debug_macro   0x000000000000113f       0x51 ./Core/Src/main.o
 .debug_macro   0x0000000000001190      0x103 ./Core/Src/main.o
 .debug_macro   0x0000000000001293       0x6a ./Core/Src/main.o
 .debug_macro   0x00000000000012fd      0x1df ./Core/Src/main.o
 .debug_macro   0x00000000000014dc       0x1c ./Core/Src/main.o
 .debug_macro   0x00000000000014f8       0x22 ./Core/Src/main.o
 .debug_macro   0x000000000000151a       0xfb ./Core/Src/main.o
 .debug_macro   0x0000000000001615     0x1011 ./Core/Src/main.o
 .debug_macro   0x0000000000002626      0x11f ./Core/Src/main.o
 .debug_macro   0x0000000000002745    0x1d292 ./Core/Src/main.o
 .debug_macro   0x000000000001f9d7       0x6d ./Core/Src/main.o
 .debug_macro   0x000000000001fa44     0x38ed ./Core/Src/main.o
 .debug_macro   0x0000000000023331      0x174 ./Core/Src/main.o
 .debug_macro   0x00000000000234a5       0x5c ./Core/Src/main.o
 .debug_macro   0x0000000000023501     0x1910 ./Core/Src/main.o
 .debug_macro   0x0000000000024e11      0x7dc ./Core/Src/main.o
 .debug_macro   0x00000000000255ed      0x1b9 ./Core/Src/main.o
 .debug_macro   0x00000000000257a6      0x225 ./Core/Src/main.o
 .debug_macro   0x00000000000259cb      0x486 ./Core/Src/main.o
 .debug_macro   0x0000000000025e51      0x1ce ./Core/Src/main.o
 .debug_macro   0x000000000002601f       0x43 ./Core/Src/main.o
 .debug_macro   0x0000000000026062      0x23d ./Core/Src/main.o
 .debug_macro   0x000000000002629f      0x241 ./Core/Src/main.o
 .debug_macro   0x00000000000264e0      0x416 ./Core/Src/main.o
 .debug_macro   0x00000000000268f6       0x1c ./Core/Src/main.o
 .debug_macro   0x0000000000026912       0xf2 ./Core/Src/main.o
 .debug_macro   0x0000000000026a04      0x22c ./Core/Src/main.o
 .debug_macro   0x0000000000026c30       0x61 ./Core/Src/main.o
 .debug_macro   0x0000000000026c91       0xa5 ./Core/Src/main.o
 .debug_macro   0x0000000000026d36      0x486 ./Core/Src/main.o
 .debug_macro   0x00000000000271bc      0x122 ./Core/Src/main.o
 .debug_macro   0x00000000000272de      0x3f6 ./Core/Src/main.o
 .debug_macro   0x00000000000276d4      0x693 ./Core/Src/main.o
 .debug_macro   0x0000000000027d67       0xa6 ./Core/Src/main.o
 .debug_macro   0x0000000000027e0d      0x432 ./Core/Src/main.o
 .debug_macro   0x000000000002823f       0x2e ./Core/Src/main.o
 .debug_macro   0x000000000002826d       0x61 ./Core/Src/main.o
 .debug_macro   0x00000000000282ce       0x2a ./Core/Src/main.o
 .debug_macro   0x00000000000282f8       0x43 ./Core/Src/main.o
 .debug_macro   0x000000000002833b       0x34 ./Core/Src/main.o
 .debug_macro   0x000000000002836f       0x16 ./Core/Src/main.o
 .debug_macro   0x0000000000028385       0x43 ./Core/Src/main.o
 .debug_macro   0x00000000000283c8       0x34 ./Core/Src/main.o
 .debug_macro   0x00000000000283fc       0x10 ./Core/Src/main.o
 .debug_macro   0x000000000002840c       0x58 ./Core/Src/main.o
 .debug_macro   0x0000000000028464       0x8e ./Core/Src/main.o
 .debug_macro   0x00000000000284f2       0x1c ./Core/Src/main.o
 .debug_macro   0x000000000002850e      0x177 ./Core/Src/main.o
 .debug_macro   0x0000000000028685      0x369 ./Core/Src/main.o
 .debug_macro   0x00000000000289ee       0x10 ./Core/Src/main.o
 .debug_macro   0x00000000000289fe       0x35 ./Core/Src/main.o
 .debug_macro   0x0000000000028a33       0x20 ./Core/Src/main.o
 .debug_macro   0x0000000000028a53      0x19b ./Core/Src/main.o
 .debug_macro   0x0000000000028bee      0x201 ./Core/Src/main.o
 .debug_macro   0x0000000000028def       0xc8 ./Core/Src/main.o
 .debug_macro   0x0000000000028eb7       0x1c ./Core/Src/main.o
 .debug_macro   0x0000000000028ed3       0x10 ./Core/Src/main.o
 .debug_macro   0x0000000000028ee3       0x1c ./Core/Src/main.o
 .debug_macro   0x0000000000028eff       0x16 ./Core/Src/main.o
 .debug_macro   0x0000000000028f15      0x147 ./Core/Src/main.o
 .debug_macro   0x000000000002905c      0x1d5 ./Core/Src/main.o
 .debug_macro   0x0000000000029231      0x1aa ./Core/Src/main.o
 .debug_macro   0x00000000000293db      0x15f ./Core/Src/main.o
 .debug_macro   0x000000000002953a      0x428 ./Core/Src/main.o
 .debug_macro   0x0000000000029962      0x1a3 ./Core/Src/main.o
 .debug_macro   0x0000000000029b05       0x22 ./Core/Src/main.o
 .debug_macro   0x0000000000029b27      0x1ec ./Core/Src/stm32l4xx_hal_msp.o
 .debug_macro   0x0000000000029d13      0x1f6 ./Core/Src/stm32l4xx_it.o
 .debug_macro   0x0000000000029f09      0x1dd ./Core/Src/system_stm32l4xx.o
 .debug_macro   0x000000000002a0e6      0x20a ./Drivers/BSP/B-L4S5I-IOT01/stm32l4s5i_iot01.o
 .debug_macro   0x000000000002a2f0      0x1cf ./Drivers/BSP/B-L4S5I-IOT01/stm32l4s5i_iot01.o
 .debug_macro   0x000000000002a4bf      0x219 ./Drivers/BSP/B-L4S5I-IOT01/stm32l4s5i_iot01_accelero.o
 .debug_macro   0x000000000002a6d8      0x219 ./Drivers/BSP/B-L4S5I-IOT01/stm32l4s5i_iot01_gyro.o
 .debug_macro   0x000000000002a8f1      0x219 ./Drivers/BSP/B-L4S5I-IOT01/stm32l4s5i_iot01_hsensor.o
 .debug_macro   0x000000000002ab0a      0x20f ./Drivers/BSP/B-L4S5I-IOT01/stm32l4s5i_iot01_magneto.o
 .debug_macro   0x000000000002ad19      0x20d ./Drivers/BSP/B-L4S5I-IOT01/stm32l4s5i_iot01_qspi.o
 .debug_macro   0x000000000002af26       0x86 ./Drivers/BSP/Components/hts221/hts221.o
 .debug_macro   0x000000000002afac       0x7c ./Drivers/BSP/Components/lis3mdl/lis3mdl.o
 .debug_macro   0x000000000002b028       0x86 ./Drivers/BSP/Components/lsm6dsl/lsm6dsl.o
 .debug_macro   0x000000000002b0ae      0x22b ./Drivers/STM32L4xx_HAL_Driver/Src/stm32l4xx_hal.o
 .debug_macro   0x000000000002b2d9      0x1dd ./Drivers/STM32L4xx_HAL_Driver/Src/stm32l4xx_hal_cortex.o
 .debug_macro   0x000000000002b4b6      0x1e4 ./Drivers/STM32L4xx_HAL_Driver/Src/stm32l4xx_hal_gpio.o
 .debug_macro   0x000000000002b69a      0x2a9 ./Drivers/STM32L4xx_HAL_Driver/Src/stm32l4xx_hal_i2c.o
 .debug_macro   0x000000000002b943      0x1dd ./Drivers/STM32L4xx_HAL_Driver/Src/stm32l4xx_hal_i2c_ex.o
 .debug_macro   0x000000000002bb20      0x224 ./Drivers/STM32L4xx_HAL_Driver/Src/stm32l4xx_hal_ospi.o
 .debug_macro   0x000000000002bd44      0x207 ./Drivers/STM32L4xx_HAL_Driver/Src/stm32l4xx_hal_pwr_ex.o
 .debug_macro   0x000000000002bf4b      0x21f ./Drivers/STM32L4xx_HAL_Driver/Src/stm32l4xx_hal_rcc.o
 .debug_macro   0x000000000002c16a      0x213 ./Drivers/STM32L4xx_HAL_Driver/Src/stm32l4xx_hal_rcc_ex.o
 .debug_macro   0x000000000002c37d      0x208 ./Drivers/STM32L4xx_HAL_Driver/Src/stm32l4xx_hal_uart.o
 .debug_macro   0x000000000002c585      0x1e9 ./Drivers/STM32L4xx_HAL_Driver/Src/stm32l4xx_hal_uart_ex.o

.debug_line     0x0000000000000000    0x17b12
 .debug_line    0x0000000000000000      0xfe2 ./Core/Src/main.o
 .debug_line    0x0000000000000fe2      0x8a2 ./Core/Src/stm32l4xx_hal_msp.o
 .debug_line    0x0000000000001884      0x858 ./Core/Src/stm32l4xx_it.o
 .debug_line    0x00000000000020dc      0x811 ./Core/Src/system_stm32l4xx.o
 .debug_line    0x00000000000028ed       0x7a ./Core/Startup/startup_stm32l4s5vitx.o
 .debug_line    0x0000000000002967      0xc31 ./Drivers/BSP/B-L4S5I-IOT01/stm32l4s5i_iot01.o
 .debug_line    0x0000000000003598      0x908 ./Drivers/BSP/B-L4S5I-IOT01/stm32l4s5i_iot01_accelero.o
 .debug_line    0x0000000000003ea0      0x904 ./Drivers/BSP/B-L4S5I-IOT01/stm32l4s5i_iot01_gyro.o
 .debug_line    0x00000000000047a4      0x89c ./Drivers/BSP/B-L4S5I-IOT01/stm32l4s5i_iot01_hsensor.o
 .debug_line    0x0000000000005040      0x8d8 ./Drivers/BSP/B-L4S5I-IOT01/stm32l4s5i_iot01_magneto.o
 .debug_line    0x0000000000005918      0xe79 ./Drivers/BSP/B-L4S5I-IOT01/stm32l4s5i_iot01_qspi.o
 .debug_line    0x0000000000006791      0x5da ./Drivers/BSP/Components/hts221/hts221.o
 .debug_line    0x0000000000006d6b      0x5a2 ./Drivers/BSP/Components/lis3mdl/lis3mdl.o
 .debug_line    0x000000000000730d      0x730 ./Drivers/BSP/Components/lsm6dsl/lsm6dsl.o
 .debug_line    0x0000000000007a3d      0xb69 ./Drivers/STM32L4xx_HAL_Driver/Src/stm32l4xx_hal.o
 .debug_line    0x00000000000085a6      0xd10 ./Drivers/STM32L4xx_HAL_Driver/Src/stm32l4xx_hal_cortex.o
 .debug_line    0x00000000000092b6      0xbc5 ./Drivers/STM32L4xx_HAL_Driver/Src/stm32l4xx_hal_gpio.o
 .debug_line    0x0000000000009e7b     0x3948 ./Drivers/STM32L4xx_HAL_Driver/Src/stm32l4xx_hal_i2c.o
 .debug_line    0x000000000000d7c3      0x997 ./Drivers/STM32L4xx_HAL_Driver/Src/stm32l4xx_hal_i2c_ex.o
 .debug_line    0x000000000000e15a     0x17ae ./Drivers/STM32L4xx_HAL_Driver/Src/stm32l4xx_hal_ospi.o
 .debug_line    0x000000000000f908      0xdd6 ./Drivers/STM32L4xx_HAL_Driver/Src/stm32l4xx_hal_pwr_ex.o
 .debug_line    0x00000000000106de     0x10ba ./Drivers/STM32L4xx_HAL_Driver/Src/stm32l4xx_hal_rcc.o
 .debug_line    0x0000000000011798     0x19d1 ./Drivers/STM32L4xx_HAL_Driver/Src/stm32l4xx_hal_rcc_ex.o
 .debug_line    0x0000000000013169     0x3be4 ./Drivers/STM32L4xx_HAL_Driver/Src/stm32l4xx_hal_uart.o
 .debug_line    0x0000000000016d4d      0xdc5 ./Drivers/STM32L4xx_HAL_Driver/Src/stm32l4xx_hal_uart_ex.o

.debug_str      0x0000000000000000   0x10b9ce
 .debug_str     0x0000000000000000   0x106860 ./Core/Src/main.o
                                     0x106e28 (size before relaxing)
 .debug_str     0x0000000000106860      0x35f ./Core/Src/stm32l4xx_hal_msp.o
                                      0xfde61 (size before relaxing)
 .debug_str     0x0000000000106bbf       0xf7 ./Core/Src/stm32l4xx_it.o
                                      0xfd084 (size before relaxing)
 .debug_str     0x0000000000106cb6       0xf2 ./Core/Src/system_stm32l4xx.o
                                      0xfd0b0 (size before relaxing)
 .debug_str     0x0000000000106da8       0x34 ./Core/Startup/startup_stm32l4s5vitx.o
                                         0x6d (size before relaxing)
 .debug_str     0x0000000000106ddc      0x5ff ./Drivers/BSP/B-L4S5I-IOT01/stm32l4s5i_iot01.o
                                      0xff1d1 (size before relaxing)
 .debug_str     0x00000000001073db      0x1a1 ./Drivers/BSP/B-L4S5I-IOT01/stm32l4s5i_iot01_accelero.o
                                      0xff491 (size before relaxing)
 .debug_str     0x000000000010757c       0xd6 ./Drivers/BSP/B-L4S5I-IOT01/stm32l4s5i_iot01_gyro.o
                                      0xff416 (size before relaxing)
 .debug_str     0x0000000000107652       0x90 ./Drivers/BSP/B-L4S5I-IOT01/stm32l4s5i_iot01_hsensor.o
                                      0xfe31b (size before relaxing)
 .debug_str     0x00000000001076e2       0xfe ./Drivers/BSP/B-L4S5I-IOT01/stm32l4s5i_iot01_magneto.o
                                      0xfe7cf (size before relaxing)
 .debug_str     0x00000000001077e0      0x4bd ./Drivers/BSP/B-L4S5I-IOT01/stm32l4s5i_iot01_qspi.o
                                      0xfe293 (size before relaxing)
 .debug_str     0x0000000000107c9d      0x1b5 ./Drivers/BSP/Components/hts221/hts221.o
                                       0x45db (size before relaxing)
 .debug_str     0x0000000000107e52       0xb6 ./Drivers/BSP/Components/lis3mdl/lis3mdl.o
                                       0x491e (size before relaxing)
 .debug_str     0x0000000000107f08       0xfa ./Drivers/BSP/Components/lsm6dsl/lsm6dsl.o
                                       0x55c4 (size before relaxing)
 .debug_str     0x0000000000108002      0x630 ./Drivers/STM32L4xx_HAL_Driver/Src/stm32l4xx_hal.o
                                      0xfdc8e (size before relaxing)
 .debug_str     0x0000000000108632      0x313 ./Drivers/STM32L4xx_HAL_Driver/Src/stm32l4xx_hal_cortex.o
                                      0xfd91d (size before relaxing)
 .debug_str     0x0000000000108945       0xc6 ./Drivers/STM32L4xx_HAL_Driver/Src/stm32l4xx_hal_gpio.o
                                      0xfd22a (size before relaxing)
 .debug_str     0x0000000000108a0b      0xd75 ./Drivers/STM32L4xx_HAL_Driver/Src/stm32l4xx_hal_i2c.o
                                      0xfe39b (size before relaxing)
 .debug_str     0x0000000000109780       0xb8 ./Drivers/STM32L4xx_HAL_Driver/Src/stm32l4xx_hal_i2c_ex.o
                                      0xfd6e8 (size before relaxing)
 .debug_str     0x0000000000109838      0x681 ./Drivers/STM32L4xx_HAL_Driver/Src/stm32l4xx_hal_ospi.o
                                      0xfdd09 (size before relaxing)
 .debug_str     0x0000000000109eb9      0x575 ./Drivers/STM32L4xx_HAL_Driver/Src/stm32l4xx_hal_pwr_ex.o
                                      0xfd683 (size before relaxing)
 .debug_str     0x000000000010a42e      0x3c7 ./Drivers/STM32L4xx_HAL_Driver/Src/stm32l4xx_hal_rcc.o
                                      0xfd723 (size before relaxing)
 .debug_str     0x000000000010a7f5      0x5bc ./Drivers/STM32L4xx_HAL_Driver/Src/stm32l4xx_hal_rcc_ex.o
                                      0xfdae4 (size before relaxing)
 .debug_str     0x000000000010adb1      0x9b2 ./Drivers/STM32L4xx_HAL_Driver/Src/stm32l4xx_hal_uart.o
                                      0xfe054 (size before relaxing)
 .debug_str     0x000000000010b763      0x26b ./Drivers/STM32L4xx_HAL_Driver/Src/stm32l4xx_hal_uart_ex.o
                                      0xfd864 (size before relaxing)

.debug_frame    0x0000000000000000     0x4920
 .debug_frame   0x0000000000000000      0x114 ./Core/Src/main.o
 .debug_frame   0x0000000000000114      0x11c ./Core/Src/stm32l4xx_hal_msp.o
 .debug_frame   0x0000000000000230      0x124 ./Core/Src/stm32l4xx_it.o
 .debug_frame   0x0000000000000354       0x58 ./Core/Src/system_stm32l4xx.o
 .debug_frame   0x00000000000003ac      0x490 ./Drivers/BSP/B-L4S5I-IOT01/stm32l4s5i_iot01.o
 .debug_frame   0x000000000000083c       0x98 ./Drivers/BSP/B-L4S5I-IOT01/stm32l4s5i_iot01_accelero.o
 .debug_frame   0x00000000000008d4       0x98 ./Drivers/BSP/B-L4S5I-IOT01/stm32l4s5i_iot01_gyro.o
 .debug_frame   0x000000000000096c       0x6c ./Drivers/BSP/B-L4S5I-IOT01/stm32l4s5i_iot01_hsensor.o
 .debug_frame   0x00000000000009d8       0x98 ./Drivers/BSP/B-L4S5I-IOT01/stm32l4s5i_iot01_magneto.o
 .debug_frame   0x0000000000000a70      0x300 ./Drivers/BSP/B-L4S5I-IOT01/stm32l4s5i_iot01_qspi.o
 .debug_frame   0x0000000000000d70       0xc4 ./Drivers/BSP/Components/hts221/hts221.o
 .debug_frame   0x0000000000000e34       0xbc ./Drivers/BSP/Components/lis3mdl/lis3mdl.o
 .debug_frame   0x0000000000000ef0      0x168 ./Drivers/BSP/Components/lsm6dsl/lsm6dsl.o
 .debug_frame   0x0000000000001058      0x498 ./Drivers/STM32L4xx_HAL_Driver/Src/stm32l4xx_hal.o
 .debug_frame   0x00000000000014f0      0x498 ./Drivers/STM32L4xx_HAL_Driver/Src/stm32l4xx_hal_cortex.o
 .debug_frame   0x0000000000001988      0x14c ./Drivers/STM32L4xx_HAL_Driver/Src/stm32l4xx_hal_gpio.o
 .debug_frame   0x0000000000001ad4      0xc38 ./Drivers/STM32L4xx_HAL_Driver/Src/stm32l4xx_hal_i2c.o
 .debug_frame   0x000000000000270c      0x100 ./Drivers/STM32L4xx_HAL_Driver/Src/stm32l4xx_hal_i2c_ex.o
 .debug_frame   0x000000000000280c      0x6a4 ./Drivers/STM32L4xx_HAL_Driver/Src/stm32l4xx_hal_ospi.o
 .debug_frame   0x0000000000002eb0      0x5c4 ./Drivers/STM32L4xx_HAL_Driver/Src/stm32l4xx_hal_pwr_ex.o
 .debug_frame   0x0000000000003474      0x248 ./Drivers/STM32L4xx_HAL_Driver/Src/stm32l4xx_hal_rcc.o
 .debug_frame   0x00000000000036bc      0x464 ./Drivers/STM32L4xx_HAL_Driver/Src/stm32l4xx_hal_rcc_ex.o
 .debug_frame   0x0000000000003b20      0xa94 ./Drivers/STM32L4xx_HAL_Driver/Src/stm32l4xx_hal_uart.o
 .debug_frame   0x00000000000045b4      0x2c0 ./Drivers/STM32L4xx_HAL_Driver/Src/stm32l4xx_hal_uart_ex.o
 .debug_frame   0x0000000000004874       0x20 C:/ST/STM32CubeIDE_1.13.1/STM32CubeIDE/plugins/com.st.stm32cube.ide.mcu.externaltools.gnu-tools-for-stm32.11.3.rel1.win32_1.1.0.202305231506/tools/bin/../lib/gcc/arm-none-eabi/11.3.1/../../../../arm-none-eabi/lib/thumb/v7e-m+fp/hard\libc_nano.a(libc_a-memset.o)
 .debug_frame   0x0000000000004894       0x2c C:/ST/STM32CubeIDE_1.13.1/STM32CubeIDE/plugins/com.st.stm32cube.ide.mcu.externaltools.gnu-tools-for-stm32.11.3.rel1.win32_1.1.0.202305231506/tools/bin/../lib/gcc/arm-none-eabi/11.3.1/../../../../arm-none-eabi/lib/thumb/v7e-m+fp/hard\libc_nano.a(libc_a-init.o)
 .debug_frame   0x00000000000048c0       0x2c C:/ST/STM32CubeIDE_1.13.1/STM32CubeIDE/plugins/com.st.stm32cube.ide.mcu.externaltools.gnu-tools-for-stm32.11.3.rel1.win32_1.1.0.202305231506/tools/bin/../lib/gcc/arm-none-eabi/11.3.1/thumb/v7e-m+fp/hard\libgcc.a(_aeabi_uldivmod.o)
 .debug_frame   0x00000000000048ec       0x34 C:/ST/STM32CubeIDE_1.13.1/STM32CubeIDE/plugins/com.st.stm32cube.ide.mcu.externaltools.gnu-tools-for-stm32.11.3.rel1.win32_1.1.0.202305231506/tools/bin/../lib/gcc/arm-none-eabi/11.3.1/thumb/v7e-m+fp/hard\libgcc.a(_udivmoddi4.o)

.debug_line_str
                0x0000000000000000       0x61
 .debug_line_str
                0x0000000000000000       0x61 ./Core/Startup/startup_stm32l4s5vitx.o
                                         0x79 (size before relaxing)
