../Core/Src/main.c:119:5:main	104	static
../Core/Src/main.c:227:6:SystemClock_Config	96	static
../Core/Src/main.c:278:13:MX_I2C2_Init	8	static
../Core/Src/main.c:326:13:MX_OCTOSPI1_Init	32	static
../Core/Src/main.c:374:13:MX_USART1_UART_Init	8	static
../Core/Src/main.c:422:13:MX_GPIO_Init	40	static
../Core/Src/main.c:469:6:HAL_GPIO_EXTI_Callback	16	static
../Core/Src/main.c:483:6:StartDefaultTask	16	static
../Core/Src/main.c:502:6:startMonitorPB	32	static
../Core/Src/main.c:565:6:startReadSensors	16	static
../Core/Src/main.c:610:6:HAL_TIM_PeriodElapsedCallback	16	static
../Core/Src/main.c:627:6:Error_Handler	8	static,ignoring_inline_asm
