../Core/Src/main.c:75:5:main	88	static
../Core/Src/main.c:280:6:SystemClock_Config	96	static
../Core/Src/main.c:331:13:MX_ADC1_Init	32	static
../Core/Src/main.c:389:13:MX_DAC1_Init	48	static
../Core/Src/main.c:440:13:MX_GPIO_Init	40	static
../Core/Src/main.c:472:6:PB_LED	8	static
../Core/Src/main.c:484:6:do_saw	16	static
../Core/Src/main.c:493:6:do_triangle	16	static
../Core/Src/main.c:500:6:do_sine	16	static
../Core/Src/main.c:506:7:scale_temp	48	static
../Core/Src/main.c:528:6:Error_Handler	4	static,ignoring_inline_asm
