../Core/Src/main.c:75:5:main	32	static
../Core/Src/main.c:155:6:SystemClock_Config	96	static
../Core/Src/main.c:206:13:MX_ADC1_Init	32	static
../Core/Src/main.c:274:13:MX_DAC1_Init	48	static
../Core/Src/main.c:325:13:MX_GPIO_Init	40	static
../Core/Src/main.c:357:6:PB_LED	8	static
../Core/Src/main.c:369:6:do_saw	16	static
../Core/Src/main.c:378:6:do_triangle	16	static
../Core/Src/main.c:385:6:do_sine	16	static
../Core/Src/main.c:391:7:scale_temp	48	static
../Core/Src/main.c:414:6:Error_Handler	4	static,ignoring_inline_asm
