../Core/Src/main.c:113:5:main	8	static
../Core/Src/main.c:183:6:SystemClock_Config	96	static
../Core/Src/main.c:234:13:MX_DAC1_Init	48	static
../Core/Src/main.c:286:13:MX_DFSDM1_Init	8	static
../Core/Src/main.c:339:13:MX_TIM2_Init	40	static
../Core/Src/main.c:384:13:MX_TIM3_Init	40	static
../Core/Src/main.c:429:13:MX_TIM4_Init	40	static
../Core/Src/main.c:472:13:MX_DMA_Init	16	static
../Core/Src/main.c:497:13:MX_GPIO_Init	48	static
../Core/Src/main.c:585:6:HAL_GPIO_EXTI_Callback	16	static
../Core/Src/main.c:593:6:HAL_DFSDM_FilterRegConvCpltCallback	24	static
../Core/Src/main.c:607:6:HAL_TIM_PeriodElapsedCallback	24	static
../Core/Src/main.c:640:6:gen_sine	24	static
../Core/Src/main.c:650:11:gen_notes	40	static
../Core/Src/main.c:668:6:Error_Handler	4	static,ignoring_inline_asm
