../Core/Src/main.c:96:5:main	16	static
../Core/Src/main.c:157:6:SystemClock_Config	96	static
../Core/Src/main.c:208:13:MX_DAC1_Init	48	static
../Core/Src/main.c:260:13:MX_DFSDM1_Init	8	static
../Core/Src/main.c:313:13:MX_TIM2_Init	40	static
../Core/Src/main.c:358:13:MX_TIM4_Init	40	static
../Core/Src/main.c:401:13:MX_DMA_Init	16	static
../Core/Src/main.c:426:13:MX_GPIO_Init	48	static
../Core/Src/main.c:463:6:HAL_GPIO_EXTI_Callback	16	static
../Core/Src/main.c:470:6:HAL_DFSDM_FilterRegConvCpltCallback	32	static
../Core/Src/main.c:496:6:gen_sine	24	static
../Core/Src/main.c:512:6:Error_Handler	4	static,ignoring_inline_asm
