14:32:18 **** Incremental Build of configuration Debug for project Lab_1 ****
make -j12 all 
arm-none-eabi-gcc -mcpu=cortex-m4 -g3 -DDEBUG -c -x assembler-with-cpp -MMD -MP -MF"Core/Src/asmNrSquareRoot.d" -MT"Core/Src/asmNrSquareRoot.o" --specs=nano.specs -mfpu=fpv4-sp-d16 -mfloat-abi=hard -mthumb -o "Core/Src/asmNrSquareRoot.o" "../Core/Src/asmNrSquareRoot.s"
arm-none-eabi-gcc -o "Lab_1.elf" @"objects.list"  -larm_cortexM4lf_math -mcpu=cortex-m4 -T"C:\Users\Admin\OneDrive\Documents\GitHub\444\Lab_1\STM32L4S5VITX_FLASH.ld" --specs=nosys.specs -Wl,-Map="Lab_1.map" -Wl,--gc-sections -static -L"C:\Users\Admin\OneDrive\Documents\GitHub\444\Lab_1\Core\Lib" --specs=nano.specs -mfpu=fpv4-sp-d16 -mfloat-abi=hard -mthumb -Wl,--start-group -lc -lm -Wl,--end-group
Finished building target: Lab_1.elf
 
arm-none-eabi-size   Lab_1.elf 
arm-none-eabi-objdump -h -S  Lab_1.elf  > "Lab_1.list"
   text	   data	    bss	    dec	    hex	filename
   5772	     20	   1572	   7364	   1cc4	Lab_1.elf
Finished building: default.size.stdout
 
Finished building: Lab_1.list
 
14:32:25 **** Incremental Build of configuration Debug for project Lab_1 ****
make -j12 all 
arm-none-eabi-size   Lab_1.elf 
   text	   data	    bss	    dec	    hex	filename
   5772	     20	   1572	   7364	   1cc4	Lab_1.elf
Finished building: default.size.stdout
 
14:33:12 **** Incremental Build of configuration Debug for project Lab_1 ****
make -j12 all 
arm-none-eabi-gcc -Og "../Core/Src/main.c" -mcpu=cortex-m4 -std=gnu11 -g3 -DDEBUG -DUSE_HAL_DRIVER -DSTM32L4S5xx -c -I../Core/Inc -I../Drivers/STM32L4xx_HAL_Driver/Inc -I../Drivers/STM32L4xx_HAL_Driver/Inc/Legacy -I../Drivers/CMSIS/Device/ST/STM32L4xx/Include -I../Drivers/CMSIS/Include -O0 -ffunction-sections -fdata-sections -Wall -fstack-usage -fcyclomatic-complexity -MMD -MP -MF"Core/Src/main.d" -MT"Core/Src/main.o" --specs=nano.specs -mfpu=fpv4-sp-d16 -mfloat-abi=hard -mthumb -o "Core/Src/main.o"
../Core/Src/main.c: In function 'main':
../Core/Src/main.c:99:9: warning: unused variable 'phi' [-Wunused-variable]
   99 |   float phi = 1;
      |         ^~~
../Core/Src/main.c:98:9: warning: unused variable 'omega' [-Wunused-variable]
   98 |   float omega = 2;
      |         ^~~~~
arm-none-eabi-gcc -o "Lab_1.elf" @"objects.list"  -larm_cortexM4lf_math -mcpu=cortex-m4 -T"C:\Users\Admin\OneDrive\Documents\GitHub\444\Lab_1\STM32L4S5VITX_FLASH.ld" --specs=nosys.specs -Wl,-Map="Lab_1.map" -Wl,--gc-sections -static -L"C:\Users\Admin\OneDrive\Documents\GitHub\444\Lab_1\Core\Lib" --specs=nano.specs -mfpu=fpv4-sp-d16 -mfloat-abi=hard -mthumb -Wl,--start-group -lc -lm -Wl,--end-group
Finished building target: Lab_1.elf
 
arm-none-eabi-size   Lab_1.elf 
arm-none-eabi-objdump -h -S  Lab_1.elf  > "Lab_1.list"
   text	   data	    bss	    dec	    hex	filename
   5772	     20	   1572	   7364	   1cc4	Lab_1.elf
Finished building: default.size.stdout
 
Finished building: Lab_1.list
 
14:34:01 **** Incremental Build of configuration Debug for project Lab_1 ****
make -j12 all 
arm-none-eabi-size   Lab_1.elf 
   text	   data	    bss	    dec	    hex	filename
   5772	     20	   1572	   7364	   1cc4	Lab_1.elf
Finished building: default.size.stdout
 
14:34:29 **** Incremental Build of configuration Debug for project Lab_1 ****
make -j12 all 
arm-none-eabi-gcc -Og "../Core/Src/main.c" -mcpu=cortex-m4 -std=gnu11 -g3 -DDEBUG -DUSE_HAL_DRIVER -DSTM32L4S5xx -c -I../Core/Inc -I../Drivers/STM32L4xx_HAL_Driver/Inc -I../Drivers/STM32L4xx_HAL_Driver/Inc/Legacy -I../Drivers/CMSIS/Device/ST/STM32L4xx/Include -I../Drivers/CMSIS/Include -O0 -ffunction-sections -fdata-sections -Wall -fstack-usage -fcyclomatic-complexity -MMD -MP -MF"Core/Src/main.d" -MT"Core/Src/main.o" --specs=nano.specs -mfpu=fpv4-sp-d16 -mfloat-abi=hard -mthumb -o "Core/Src/main.o"
../Core/Src/main.c: In function 'main':
../Core/Src/main.c:99:9: warning: unused variable 'phi' [-Wunused-variable]
   99 |   float phi = 1;
      |         ^~~
../Core/Src/main.c:98:9: warning: unused variable 'omega' [-Wunused-variable]
   98 |   float omega = 2;
      |         ^~~~~
arm-none-eabi-gcc -o "Lab_1.elf" @"objects.list"  -larm_cortexM4lf_math -mcpu=cortex-m4 -T"C:\Users\Admin\OneDrive\Documents\GitHub\444\Lab_1\STM32L4S5VITX_FLASH.ld" --specs=nosys.specs -Wl,-Map="Lab_1.map" -Wl,--gc-sections -static -L"C:\Users\Admin\OneDrive\Documents\GitHub\444\Lab_1\Core\Lib" --specs=nano.specs -mfpu=fpv4-sp-d16 -mfloat-abi=hard -mthumb -Wl,--start-group -lc -lm -Wl,--end-group
Finished building target: Lab_1.elf
 
arm-none-eabi-size   Lab_1.elf 
arm-none-eabi-objdump -h -S  Lab_1.elf  > "Lab_1.list"
   text	   data	    bss	    dec	    hex	filename
   5772	     20	   1572	   7364	   1cc4	Lab_1.elf
Finished building: default.size.stdout
 
Finished building: Lab_1.list
 
14:34:57 **** Incremental Build of configuration Debug for project Lab_1 ****
make -j12 all 
arm-none-eabi-gcc -Og "../Core/Src/main.c" -mcpu=cortex-m4 -std=gnu11 -g3 -DDEBUG -DUSE_HAL_DRIVER -DSTM32L4S5xx -c -I../Core/Inc -I../Drivers/STM32L4xx_HAL_Driver/Inc -I../Drivers/STM32L4xx_HAL_Driver/Inc/Legacy -I../Drivers/CMSIS/Device/ST/STM32L4xx/Include -I../Drivers/CMSIS/Include -O0 -ffunction-sections -fdata-sections -Wall -fstack-usage -fcyclomatic-complexity -MMD -MP -MF"Core/Src/main.d" -MT"Core/Src/main.o" --specs=nano.specs -mfpu=fpv4-sp-d16 -mfloat-abi=hard -mthumb -o "Core/Src/main.o"
../Core/Src/main.c: In function 'main':
../Core/Src/main.c:99:9: warning: unused variable 'phi' [-Wunused-variable]
   99 |   float phi = 1;
      |         ^~~
../Core/Src/main.c:98:9: warning: unused variable 'omega' [-Wunused-variable]
   98 |   float omega = 2;
      |         ^~~~~
arm-none-eabi-gcc -o "Lab_1.elf" @"objects.list"  -larm_cortexM4lf_math -mcpu=cortex-m4 -T"C:\Users\Admin\OneDrive\Documents\GitHub\444\Lab_1\STM32L4S5VITX_FLASH.ld" --specs=nosys.specs -Wl,-Map="Lab_1.map" -Wl,--gc-sections -static -L"C:\Users\Admin\OneDrive\Documents\GitHub\444\Lab_1\Core\Lib" --specs=nano.specs -mfpu=fpv4-sp-d16 -mfloat-abi=hard -mthumb -Wl,--start-group -lc -lm -Wl,--end-group
Finished building target: Lab_1.elf
 
arm-none-eabi-size   Lab_1.elf 
arm-none-eabi-objdump -h -S  Lab_1.elf  > "Lab_1.list"
   text	   data	    bss	    dec	    hex	filename
   5772	     20	   1572	   7364	   1cc4	Lab_1.elf
Finished building: default.size.stdout
 
Finished building: Lab_1.list
 
14:36:37 **** Incremental Build of configuration Debug for project Lab_1 ****
make -j12 all 
arm-none-eabi-gcc -Og "../Core/Src/main.c" -mcpu=cortex-m4 -std=gnu11 -g3 -DDEBUG -DUSE_HAL_DRIVER -DSTM32L4S5xx -c -I../Core/Inc -I../Drivers/STM32L4xx_HAL_Driver/Inc -I../Drivers/STM32L4xx_HAL_Driver/Inc/Legacy -I../Drivers/CMSIS/Device/ST/STM32L4xx/Include -I../Drivers/CMSIS/Include -O0 -ffunction-sections -fdata-sections -Wall -fstack-usage -fcyclomatic-complexity -MMD -MP -MF"Core/Src/main.d" -MT"Core/Src/main.o" --specs=nano.specs -mfpu=fpv4-sp-d16 -mfloat-abi=hard -mthumb -o "Core/Src/main.o"
../Core/Src/main.c: In function 'main':
../Core/Src/main.c:99:9: warning: unused variable 'phi' [-Wunused-variable]
   99 |   float phi = 1;
      |         ^~~
../Core/Src/main.c:98:9: warning: unused variable 'omega' [-Wunused-variable]
   98 |   float omega = 2;
      |         ^~~~~
arm-none-eabi-gcc -o "Lab_1.elf" @"objects.list"  -larm_cortexM4lf_math -mcpu=cortex-m4 -T"C:\Users\Admin\OneDrive\Documents\GitHub\444\Lab_1\STM32L4S5VITX_FLASH.ld" --specs=nosys.specs -Wl,-Map="Lab_1.map" -Wl,--gc-sections -static -L"C:\Users\Admin\OneDrive\Documents\GitHub\444\Lab_1\Core\Lib" --specs=nano.specs -mfpu=fpv4-sp-d16 -mfloat-abi=hard -mthumb -Wl,--start-group -lc -lm -Wl,--end-group
Finished building target: Lab_1.elf
 
arm-none-eabi-size   Lab_1.elf 
arm-none-eabi-objdump -h -S  Lab_1.elf  > "Lab_1.list"
   text	   data	    bss	    dec	    hex	filename
   6152	    100	   1884	   8136	   1fc8	Lab_1.elf
Finished building: default.size.stdout
 
Finished building: Lab_1.list
 
14:41:03 **** Incremental Build of configuration Debug for project Lab_1 ****
make -j12 all 
arm-none-eabi-size   Lab_1.elf 
   text	   data	    bss	    dec	    hex	filename
   6152	    100	   1884	   8136	   1fc8	Lab_1.elf
Finished building: default.size.stdout
 
14:47:17 **** Incremental Build of configuration Debug for project Lab_1 ****
make -j12 all 
arm-none-eabi-gcc -Og "../Core/Src/main.c" -mcpu=cortex-m4 -std=gnu11 -g3 -DDEBUG -DUSE_HAL_DRIVER -DSTM32L4S5xx -c -I../Core/Inc -I../Drivers/STM32L4xx_HAL_Driver/Inc -I../Drivers/STM32L4xx_HAL_Driver/Inc/Legacy -I../Drivers/CMSIS/Device/ST/STM32L4xx/Include -I../Drivers/CMSIS/Include -O0 -ffunction-sections -fdata-sections -Wall -fstack-usage -fcyclomatic-complexity -MMD -MP -MF"Core/Src/main.d" -MT"Core/Src/main.o" --specs=nano.specs -mfpu=fpv4-sp-d16 -mfloat-abi=hard -mthumb -o "Core/Src/main.o"
arm-none-eabi-gcc -o "Lab_1.elf" @"objects.list"  -larm_cortexM4lf_math -mcpu=cortex-m4 -T"C:\Users\Admin\OneDrive\Documents\GitHub\444\Lab_1\STM32L4S5VITX_FLASH.ld" --specs=nosys.specs -Wl,-Map="Lab_1.map" -Wl,--gc-sections -static -L"C:\Users\Admin\OneDrive\Documents\GitHub\444\Lab_1\Core\Lib" --specs=nano.specs -mfpu=fpv4-sp-d16 -mfloat-abi=hard -mthumb -Wl,--start-group -lc -lm -Wl,--end-group
Finished building target: Lab_1.elf
 
arm-none-eabi-size   Lab_1.elf 
arm-none-eabi-objdump -h -S  Lab_1.elf  > "Lab_1.list"
   text	   data	    bss	    dec	    hex	filename
   8480	     20	   1572	  10072	   2758	Lab_1.elf
Finished building: default.size.stdout
 
Finished building: Lab_1.list
 
