17:10:52 **** Incremental Build of configuration Debug for project Lab_3 ****
make -j12 all 
arm-none-eabi-gcc "../Core/Src/main.c" -mcpu=cortex-m4 -std=gnu11 -g3 -DDEBUG -DUSE_HAL_DRIVER -DSTM32L4S5xx -c -I../Core/Inc -I../Drivers/STM32L4xx_HAL_Driver/Inc -I../Drivers/STM32L4xx_HAL_Driver/Inc/Legacy -I../Drivers/CMSIS/Device/ST/STM32L4xx/Include -I../Drivers/CMSIS/Include -O0 -ffunction-sections -fdata-sections -Wall -fstack-usage -fcyclomatic-complexity -MMD -MP -MF"Core/Src/main.d" -MT"Core/Src/main.o" --specs=nano.specs -mfpu=fpv4-sp-d16 -mfloat-abi=hard -mthumb -o "Core/Src/main.o"
../Core/Src/main.c: In function 'main':
../Core/Src/main.c:133:44: warning: passing argument 3 of 'HAL_DAC_Start_DMA' from incompatible pointer type [-Wincompatible-pointer-types]
  133 |   HAL_DAC_Start_DMA(&hdac1, DAC_CHANNEL_1, sine, SIZE, DAC_ALIGN_12B_R);
      |                                            ^~~~
      |                                            |
      |                                            uint16_t * {aka short unsigned int *}
In file included from ../Core/Inc/stm32l4xx_hal_conf.h:302,
                 from ../Drivers/STM32L4xx_HAL_Driver/Inc/stm32l4xx_hal.h:29,
                 from ../Core/Inc/main.h:30,
                 from ../Core/Src/main.c:20:
../Drivers/STM32L4xx_HAL_Driver/Inc/stm32l4xx_hal_dac.h:534:90: note: expected 'uint32_t *' {aka 'long unsigned int *'} but argument is of type 'uint16_t *' {aka 'short unsigned int *'}
  534 | HAL_StatusTypeDef HAL_DAC_Start_DMA(DAC_HandleTypeDef *hdac, uint32_t Channel, uint32_t *pData, uint32_t Length,
      |                                                                                ~~~~~~~~~~^~~~~
../Core/Src/main.c:136:54: warning: pointer targets in passing argument 2 of 'HAL_DFSDM_FilterRegularStart_DMA' differ in signedness [-Wpointer-sign]
  136 |   HAL_DFSDM_FilterRegularStart_DMA(&hdfsdm1_filter0, audio, AUDIO_SIZE);
      |                                                      ^~~~~
      |                                                      |
      |                                                      uint32_t * {aka long unsigned int *}
In file included from ../Core/Inc/stm32l4xx_hal_conf.h:270,
                 from ../Drivers/STM32L4xx_HAL_Driver/Inc/stm32l4xx_hal.h:29,
                 from ../Core/Inc/main.h:30,
                 from ../Core/Src/main.c:20:
../Drivers/STM32L4xx_HAL_Driver/Inc/stm32l4xx_hal_dfsdm.h:701:104: note: expected 'int32_t *' {aka 'long int *'} but argument is of type 'uint32_t *' {aka 'long unsigned int *'}
  701 | HAL_StatusTypeDef HAL_DFSDM_FilterRegularStart_DMA(DFSDM_Filter_HandleTypeDef *hdfsdm_filter, int32_t *pData, uint32_t Length);
      |                                                                                               ~~~~~~~~~^~~~~
arm-none-eabi-gcc -o "Lab_3.elf" @"objects.list"  -larm_cortexM4lf_math -mcpu=cortex-m4 -T"C:\Users\Admin\OneDrive\Documents\GitHub\444\Lab_3\STM32L4S5VITX_FLASH.ld" --specs=nosys.specs -Wl,-Map="Lab_3.map" -Wl,--gc-sections -static -L"C:\Users\Admin\OneDrive\Documents\GitHub\444\Lab_3\Core\Lib" --specs=nano.specs -mfpu=fpv4-sp-d16 -mfloat-abi=hard -mthumb -Wl,--start-group -lc -lm -Wl,--end-group
Finished building target: Lab_3.elf
 
arm-none-eabi-size   Lab_3.elf 
arm-none-eabi-objdump -h -S  Lab_3.elf  > "Lab_3.list"
   text	   data	    bss	    dec	    hex	filename
  22944	     20	 402276	 425240	  67d18	Lab_3.elf
Finished building: default.size.stdout
 
Finished building: Lab_3.list
 
17:11:02 **** Incremental Build of configuration Debug for project Lab_3 ****
make -j12 all 
arm-none-eabi-size   Lab_3.elf 
   text	   data	    bss	    dec	    hex	filename
  22944	     20	 402276	 425240	  67d18	Lab_3.elf
Finished building: default.size.stdout
 
17:15:55 **** Incremental Build of configuration Debug for project Lab_3 ****
make -j12 all 
arm-none-eabi-gcc "../Core/Src/main.c" -mcpu=cortex-m4 -std=gnu11 -g3 -DDEBUG -DUSE_HAL_DRIVER -DSTM32L4S5xx -c -I../Core/Inc -I../Drivers/STM32L4xx_HAL_Driver/Inc -I../Drivers/STM32L4xx_HAL_Driver/Inc/Legacy -I../Drivers/CMSIS/Device/ST/STM32L4xx/Include -I../Drivers/CMSIS/Include -O0 -ffunction-sections -fdata-sections -Wall -fstack-usage -fcyclomatic-complexity -MMD -MP -MF"Core/Src/main.d" -MT"Core/Src/main.o" --specs=nano.specs -mfpu=fpv4-sp-d16 -mfloat-abi=hard -mthumb -o "Core/Src/main.o"
../Core/Src/main.c: In function 'main':
../Core/Src/main.c:133:44: warning: passing argument 3 of 'HAL_DAC_Start_DMA' from incompatible pointer type [-Wincompatible-pointer-types]
  133 |   HAL_DAC_Start_DMA(&hdac1, DAC_CHANNEL_1, sine, SIZE, DAC_ALIGN_12B_R);
      |                                            ^~~~
      |                                            |
      |                                            uint16_t * {aka short unsigned int *}
In file included from ../Core/Inc/stm32l4xx_hal_conf.h:302,
                 from ../Drivers/STM32L4xx_HAL_Driver/Inc/stm32l4xx_hal.h:29,
                 from ../Core/Inc/main.h:30,
                 from ../Core/Src/main.c:20:
../Drivers/STM32L4xx_HAL_Driver/Inc/stm32l4xx_hal_dac.h:534:90: note: expected 'uint32_t *' {aka 'long unsigned int *'} but argument is of type 'uint16_t *' {aka 'short unsigned int *'}
  534 | HAL_StatusTypeDef HAL_DAC_Start_DMA(DAC_HandleTypeDef *hdac, uint32_t Channel, uint32_t *pData, uint32_t Length,
      |                                                                                ~~~~~~~~~~^~~~~
../Core/Src/main.c:136:54: warning: pointer targets in passing argument 2 of 'HAL_DFSDM_FilterRegularStart_DMA' differ in signedness [-Wpointer-sign]
  136 |   HAL_DFSDM_FilterRegularStart_DMA(&hdfsdm1_filter0, audio, AUDIO_SIZE);
      |                                                      ^~~~~
      |                                                      |
      |                                                      uint32_t * {aka long unsigned int *}
In file included from ../Core/Inc/stm32l4xx_hal_conf.h:270,
                 from ../Drivers/STM32L4xx_HAL_Driver/Inc/stm32l4xx_hal.h:29,
                 from ../Core/Inc/main.h:30,
                 from ../Core/Src/main.c:20:
../Drivers/STM32L4xx_HAL_Driver/Inc/stm32l4xx_hal_dfsdm.h:701:104: note: expected 'int32_t *' {aka 'long int *'} but argument is of type 'uint32_t *' {aka 'long unsigned int *'}
  701 | HAL_StatusTypeDef HAL_DFSDM_FilterRegularStart_DMA(DFSDM_Filter_HandleTypeDef *hdfsdm_filter, int32_t *pData, uint32_t Length);
      |                                                                                               ~~~~~~~~~^~~~~
arm-none-eabi-gcc -o "Lab_3.elf" @"objects.list"  -larm_cortexM4lf_math -mcpu=cortex-m4 -T"C:\Users\Admin\OneDrive\Documents\GitHub\444\Lab_3\STM32L4S5VITX_FLASH.ld" --specs=nosys.specs -Wl,-Map="Lab_3.map" -Wl,--gc-sections -static -L"C:\Users\Admin\OneDrive\Documents\GitHub\444\Lab_3\Core\Lib" --specs=nano.specs -mfpu=fpv4-sp-d16 -mfloat-abi=hard -mthumb -Wl,--start-group -lc -lm -Wl,--end-group
Finished building target: Lab_3.elf
 
arm-none-eabi-size   Lab_3.elf 
arm-none-eabi-objdump -h -S  Lab_3.elf  > "Lab_3.list"
   text	   data	    bss	    dec	    hex	filename
  22944	     20	 202276	 225240	  36fd8	Lab_3.elf
Finished building: default.size.stdout
 
Finished building: Lab_3.list
 
17:17:35 **** Incremental Build of configuration Debug for project Lab_3 ****
make -j12 all 
arm-none-eabi-gcc "../Core/Src/main.c" -mcpu=cortex-m4 -std=gnu11 -g3 -DDEBUG -DUSE_HAL_DRIVER -DSTM32L4S5xx -c -I../Core/Inc -I../Drivers/STM32L4xx_HAL_Driver/Inc -I../Drivers/STM32L4xx_HAL_Driver/Inc/Legacy -I../Drivers/CMSIS/Device/ST/STM32L4xx/Include -I../Drivers/CMSIS/Include -O0 -ffunction-sections -fdata-sections -Wall -fstack-usage -fcyclomatic-complexity -MMD -MP -MF"Core/Src/main.d" -MT"Core/Src/main.o" --specs=nano.specs -mfpu=fpv4-sp-d16 -mfloat-abi=hard -mthumb -o "Core/Src/main.o"
../Core/Src/main.c: In function 'main':
../Core/Src/main.c:133:44: warning: passing argument 3 of 'HAL_DAC_Start_DMA' from incompatible pointer type [-Wincompatible-pointer-types]
  133 |   HAL_DAC_Start_DMA(&hdac1, DAC_CHANNEL_1, sine, SIZE, DAC_ALIGN_12B_R);
      |                                            ^~~~
      |                                            |
      |                                            uint16_t * {aka short unsigned int *}
In file included from ../Core/Inc/stm32l4xx_hal_conf.h:302,
                 from ../Drivers/STM32L4xx_HAL_Driver/Inc/stm32l4xx_hal.h:29,
                 from ../Core/Inc/main.h:30,
                 from ../Core/Src/main.c:20:
../Drivers/STM32L4xx_HAL_Driver/Inc/stm32l4xx_hal_dac.h:534:90: note: expected 'uint32_t *' {aka 'long unsigned int *'} but argument is of type 'uint16_t *' {aka 'short unsigned int *'}
  534 | HAL_StatusTypeDef HAL_DAC_Start_DMA(DAC_HandleTypeDef *hdac, uint32_t Channel, uint32_t *pData, uint32_t Length,
      |                                                                                ~~~~~~~~~~^~~~~
../Core/Src/main.c:136:54: warning: pointer targets in passing argument 2 of 'HAL_DFSDM_FilterRegularStart_DMA' differ in signedness [-Wpointer-sign]
  136 |   HAL_DFSDM_FilterRegularStart_DMA(&hdfsdm1_filter0, audio, AUDIO_SIZE);
      |                                                      ^~~~~
      |                                                      |
      |                                                      uint32_t * {aka long unsigned int *}
In file included from ../Core/Inc/stm32l4xx_hal_conf.h:270,
                 from ../Drivers/STM32L4xx_HAL_Driver/Inc/stm32l4xx_hal.h:29,
                 from ../Core/Inc/main.h:30,
                 from ../Core/Src/main.c:20:
../Drivers/STM32L4xx_HAL_Driver/Inc/stm32l4xx_hal_dfsdm.h:701:104: note: expected 'int32_t *' {aka 'long int *'} but argument is of type 'uint32_t *' {aka 'long unsigned int *'}
  701 | HAL_StatusTypeDef HAL_DFSDM_FilterRegularStart_DMA(DFSDM_Filter_HandleTypeDef *hdfsdm_filter, int32_t *pData, uint32_t Length);
      |                                                                                               ~~~~~~~~~^~~~~
arm-none-eabi-gcc -o "Lab_3.elf" @"objects.list"  -larm_cortexM4lf_math -mcpu=cortex-m4 -T"C:\Users\Admin\OneDrive\Documents\GitHub\444\Lab_3\STM32L4S5VITX_FLASH.ld" --specs=nosys.specs -Wl,-Map="Lab_3.map" -Wl,--gc-sections -static -L"C:\Users\Admin\OneDrive\Documents\GitHub\444\Lab_3\Core\Lib" --specs=nano.specs -mfpu=fpv4-sp-d16 -mfloat-abi=hard -mthumb -Wl,--start-group -lc -lm -Wl,--end-group
Finished building target: Lab_3.elf
 
arm-none-eabi-size   Lab_3.elf 
arm-none-eabi-objdump -h -S  Lab_3.elf  > "Lab_3.list"
   text	   data	    bss	    dec	    hex	filename
  22944	     20	 162276	 185240	  2d398	Lab_3.elf
Finished building: default.size.stdout
 
Finished building: Lab_3.list
 
17:19:15 **** Incremental Build of configuration Debug for project Lab_3 ****
make -j12 all 
arm-none-eabi-size   Lab_3.elf 
   text	   data	    bss	    dec	    hex	filename
  22944	     20	 162276	 185240	  2d398	Lab_3.elf
Finished building: default.size.stdout
 
17:26:46 **** Incremental Build of configuration Debug for project Lab_3 ****
make -j12 all 
arm-none-eabi-gcc "../Core/Src/main.c" -mcpu=cortex-m4 -std=gnu11 -g3 -DDEBUG -DUSE_HAL_DRIVER -DSTM32L4S5xx -c -I../Core/Inc -I../Drivers/STM32L4xx_HAL_Driver/Inc -I../Drivers/STM32L4xx_HAL_Driver/Inc/Legacy -I../Drivers/CMSIS/Device/ST/STM32L4xx/Include -I../Drivers/CMSIS/Include -O0 -ffunction-sections -fdata-sections -Wall -fstack-usage -fcyclomatic-complexity -MMD -MP -MF"Core/Src/main.d" -MT"Core/Src/main.o" --specs=nano.specs -mfpu=fpv4-sp-d16 -mfloat-abi=hard -mthumb -o "Core/Src/main.o"
../Core/Src/main.c: In function 'main':
../Core/Src/main.c:133:44: warning: passing argument 3 of 'HAL_DAC_Start_DMA' from incompatible pointer type [-Wincompatible-pointer-types]
  133 |   HAL_DAC_Start_DMA(&hdac1, DAC_CHANNEL_1, sine, SIZE, DAC_ALIGN_12B_R);
      |                                            ^~~~
      |                                            |
      |                                            uint16_t * {aka short unsigned int *}
In file included from ../Core/Inc/stm32l4xx_hal_conf.h:302,
                 from ../Drivers/STM32L4xx_HAL_Driver/Inc/stm32l4xx_hal.h:29,
                 from ../Core/Inc/main.h:30,
                 from ../Core/Src/main.c:20:
../Drivers/STM32L4xx_HAL_Driver/Inc/stm32l4xx_hal_dac.h:534:90: note: expected 'uint32_t *' {aka 'long unsigned int *'} but argument is of type 'uint16_t *' {aka 'short unsigned int *'}
  534 | HAL_StatusTypeDef HAL_DAC_Start_DMA(DAC_HandleTypeDef *hdac, uint32_t Channel, uint32_t *pData, uint32_t Length,
      |                                                                                ~~~~~~~~~~^~~~~
../Core/Src/main.c:135:54: warning: pointer targets in passing argument 2 of 'HAL_DFSDM_FilterRegularStart_DMA' differ in signedness [-Wpointer-sign]
  135 |   HAL_DFSDM_FilterRegularStart_DMA(&hdfsdm1_filter0, audio, AUDIO_SIZE);
      |                                                      ^~~~~
      |                                                      |
      |                                                      uint32_t * {aka long unsigned int *}
In file included from ../Core/Inc/stm32l4xx_hal_conf.h:270,
                 from ../Drivers/STM32L4xx_HAL_Driver/Inc/stm32l4xx_hal.h:29,
                 from ../Core/Inc/main.h:30,
                 from ../Core/Src/main.c:20:
../Drivers/STM32L4xx_HAL_Driver/Inc/stm32l4xx_hal_dfsdm.h:701:104: note: expected 'int32_t *' {aka 'long int *'} but argument is of type 'uint32_t *' {aka 'long unsigned int *'}
  701 | HAL_StatusTypeDef HAL_DFSDM_FilterRegularStart_DMA(DFSDM_Filter_HandleTypeDef *hdfsdm_filter, int32_t *pData, uint32_t Length);
      |                                                                                               ~~~~~~~~~^~~~~
arm-none-eabi-gcc -o "Lab_3.elf" @"objects.list"  -larm_cortexM4lf_math -mcpu=cortex-m4 -T"C:\Users\Admin\OneDrive\Documents\GitHub\444\Lab_3\STM32L4S5VITX_FLASH.ld" --specs=nosys.specs -Wl,-Map="Lab_3.map" -Wl,--gc-sections -static -L"C:\Users\Admin\OneDrive\Documents\GitHub\444\Lab_3\Core\Lib" --specs=nano.specs -mfpu=fpv4-sp-d16 -mfloat-abi=hard -mthumb -Wl,--start-group -lc -lm -Wl,--end-group
Finished building target: Lab_3.elf
 
arm-none-eabi-size   Lab_3.elf 
arm-none-eabi-objdump -h -S  Lab_3.elf  > "Lab_3.list"
   text	   data	    bss	    dec	    hex	filename
  22928	     20	 162276	 185224	  2d388	Lab_3.elf
Finished building: default.size.stdout
 
Finished building: Lab_3.list
 
17:26:52 **** Incremental Build of configuration Debug for project Lab_3 ****
make -j12 all 
arm-none-eabi-gcc "../Core/Src/main.c" -mcpu=cortex-m4 -std=gnu11 -g3 -DDEBUG -DUSE_HAL_DRIVER -DSTM32L4S5xx -c -I../Core/Inc -I../Drivers/STM32L4xx_HAL_Driver/Inc -I../Drivers/STM32L4xx_HAL_Driver/Inc/Legacy -I../Drivers/CMSIS/Device/ST/STM32L4xx/Include -I../Drivers/CMSIS/Include -O0 -ffunction-sections -fdata-sections -Wall -fstack-usage -fcyclomatic-complexity -MMD -MP -MF"Core/Src/main.d" -MT"Core/Src/main.o" --specs=nano.specs -mfpu=fpv4-sp-d16 -mfloat-abi=hard -mthumb -o "Core/Src/main.o"
../Core/Src/main.c: In function 'main':
../Core/Src/main.c:133:44: warning: passing argument 3 of 'HAL_DAC_Start_DMA' from incompatible pointer type [-Wincompatible-pointer-types]
  133 |   HAL_DAC_Start_DMA(&hdac1, DAC_CHANNEL_1, sine, SIZE, DAC_ALIGN_12B_R);
      |                                            ^~~~
      |                                            |
      |                                            uint16_t * {aka short unsigned int *}
In file included from ../Core/Inc/stm32l4xx_hal_conf.h:302,
                 from ../Drivers/STM32L4xx_HAL_Driver/Inc/stm32l4xx_hal.h:29,
                 from ../Core/Inc/main.h:30,
                 from ../Core/Src/main.c:20:
../Drivers/STM32L4xx_HAL_Driver/Inc/stm32l4xx_hal_dac.h:534:90: note: expected 'uint32_t *' {aka 'long unsigned int *'} but argument is of type 'uint16_t *' {aka 'short unsigned int *'}
  534 | HAL_StatusTypeDef HAL_DAC_Start_DMA(DAC_HandleTypeDef *hdac, uint32_t Channel, uint32_t *pData, uint32_t Length,
      |                                                                                ~~~~~~~~~~^~~~~
../Core/Src/main.c:135:54: warning: pointer targets in passing argument 2 of 'HAL_DFSDM_FilterRegularStart_DMA' differ in signedness [-Wpointer-sign]
  135 |   HAL_DFSDM_FilterRegularStart_DMA(&hdfsdm1_filter0, audio, AUDIO_SIZE);
      |                                                      ^~~~~
      |                                                      |
      |                                                      uint32_t * {aka long unsigned int *}
In file included from ../Core/Inc/stm32l4xx_hal_conf.h:270,
                 from ../Drivers/STM32L4xx_HAL_Driver/Inc/stm32l4xx_hal.h:29,
                 from ../Core/Inc/main.h:30,
                 from ../Core/Src/main.c:20:
../Drivers/STM32L4xx_HAL_Driver/Inc/stm32l4xx_hal_dfsdm.h:701:104: note: expected 'int32_t *' {aka 'long int *'} but argument is of type 'uint32_t *' {aka 'long unsigned int *'}
  701 | HAL_StatusTypeDef HAL_DFSDM_FilterRegularStart_DMA(DFSDM_Filter_HandleTypeDef *hdfsdm_filter, int32_t *pData, uint32_t Length);
      |                                                                                               ~~~~~~~~~^~~~~
arm-none-eabi-gcc -o "Lab_3.elf" @"objects.list"  -larm_cortexM4lf_math -mcpu=cortex-m4 -T"C:\Users\Admin\OneDrive\Documents\GitHub\444\Lab_3\STM32L4S5VITX_FLASH.ld" --specs=nosys.specs -Wl,-Map="Lab_3.map" -Wl,--gc-sections -static -L"C:\Users\Admin\OneDrive\Documents\GitHub\444\Lab_3\Core\Lib" --specs=nano.specs -mfpu=fpv4-sp-d16 -mfloat-abi=hard -mthumb -Wl,--start-group -lc -lm -Wl,--end-group
Finished building target: Lab_3.elf
 
arm-none-eabi-size   Lab_3.elf 
arm-none-eabi-objdump -h -S  Lab_3.elf  > "Lab_3.list"
   text	   data	    bss	    dec	    hex	filename
  22944	     20	 162276	 185240	  2d398	Lab_3.elf
Finished building: default.size.stdout
 
Finished building: Lab_3.list
 
17:29:41 **** Incremental Build of configuration Debug for project Lab_3 ****
make -j12 all 
arm-none-eabi-gcc "../Core/Src/main.c" -mcpu=cortex-m4 -std=gnu11 -g3 -DDEBUG -DUSE_HAL_DRIVER -DSTM32L4S5xx -c -I../Core/Inc -I../Drivers/STM32L4xx_HAL_Driver/Inc -I../Drivers/STM32L4xx_HAL_Driver/Inc/Legacy -I../Drivers/CMSIS/Device/ST/STM32L4xx/Include -I../Drivers/CMSIS/Include -O0 -ffunction-sections -fdata-sections -Wall -fstack-usage -fcyclomatic-complexity -MMD -MP -MF"Core/Src/main.d" -MT"Core/Src/main.o" --specs=nano.specs -mfpu=fpv4-sp-d16 -mfloat-abi=hard -mthumb -o "Core/Src/main.o"
../Core/Src/main.c: In function 'main':
../Core/Src/main.c:133:44: warning: passing argument 3 of 'HAL_DAC_Start_DMA' from incompatible pointer type [-Wincompatible-pointer-types]
  133 |   HAL_DAC_Start_DMA(&hdac1, DAC_CHANNEL_1, sine, SIZE, DAC_ALIGN_12B_R);
      |                                            ^~~~
      |                                            |
      |                                            uint16_t * {aka short unsigned int *}
In file included from ../Core/Inc/stm32l4xx_hal_conf.h:302,
                 from ../Drivers/STM32L4xx_HAL_Driver/Inc/stm32l4xx_hal.h:29,
                 from ../Core/Inc/main.h:30,
                 from ../Core/Src/main.c:20:
../Drivers/STM32L4xx_HAL_Driver/Inc/stm32l4xx_hal_dac.h:534:90: note: expected 'uint32_t *' {aka 'long unsigned int *'} but argument is of type 'uint16_t *' {aka 'short unsigned int *'}
  534 | HAL_StatusTypeDef HAL_DAC_Start_DMA(DAC_HandleTypeDef *hdac, uint32_t Channel, uint32_t *pData, uint32_t Length,
      |                                                                                ~~~~~~~~~~^~~~~
../Core/Src/main.c: In function 'HAL_GPIO_EXTI_Callback':
../Core/Src/main.c:465:60: warning: pointer targets in passing argument 2 of 'HAL_DFSDM_FilterRegularStart_DMA' differ in signedness [-Wpointer-sign]
  465 |         HAL_DFSDM_FilterRegularStart_DMA(&hdfsdm1_filter0, audio, AUDIO_SIZE);
      |                                                            ^~~~~
      |                                                            |
      |                                                            uint32_t * {aka long unsigned int *}
In file included from ../Core/Inc/stm32l4xx_hal_conf.h:270,
                 from ../Drivers/STM32L4xx_HAL_Driver/Inc/stm32l4xx_hal.h:29,
                 from ../Core/Inc/main.h:30,
                 from ../Core/Src/main.c:20:
../Drivers/STM32L4xx_HAL_Driver/Inc/stm32l4xx_hal_dfsdm.h:701:104: note: expected 'int32_t *' {aka 'long int *'} but argument is of type 'uint32_t *' {aka 'long unsigned int *'}
  701 | HAL_StatusTypeDef HAL_DFSDM_FilterRegularStart_DMA(DFSDM_Filter_HandleTypeDef *hdfsdm_filter, int32_t *pData, uint32_t Length);
      |                                                                                               ~~~~~~~~~^~~~~
arm-none-eabi-gcc -o "Lab_3.elf" @"objects.list"  -larm_cortexM4lf_math -mcpu=cortex-m4 -T"C:\Users\Admin\OneDrive\Documents\GitHub\444\Lab_3\STM32L4S5VITX_FLASH.ld" --specs=nosys.specs -Wl,-Map="Lab_3.map" -Wl,--gc-sections -static -L"C:\Users\Admin\OneDrive\Documents\GitHub\444\Lab_3\Core\Lib" --specs=nano.specs -mfpu=fpv4-sp-d16 -mfloat-abi=hard -mthumb -Wl,--start-group -lc -lm -Wl,--end-group
Finished building target: Lab_3.elf
 
arm-none-eabi-size   Lab_3.elf 
arm-none-eabi-objdump -h -S  Lab_3.elf  > "Lab_3.list"
   text	   data	    bss	    dec	    hex	filename
  22960	     20	 162276	 185256	  2d3a8	Lab_3.elf
Finished building: default.size.stdout
 
Finished building: Lab_3.list
 
17:47:15 **** Incremental Build of configuration Debug for project Lab_3 ****
make -j12 all 
arm-none-eabi-gcc "../Core/Src/main.c" -mcpu=cortex-m4 -std=gnu11 -g3 -DDEBUG -DUSE_HAL_DRIVER -DSTM32L4S5xx -c -I../Core/Inc -I../Drivers/STM32L4xx_HAL_Driver/Inc -I../Drivers/STM32L4xx_HAL_Driver/Inc/Legacy -I../Drivers/CMSIS/Device/ST/STM32L4xx/Include -I../Drivers/CMSIS/Include -O0 -ffunction-sections -fdata-sections -Wall -fstack-usage -fcyclomatic-complexity -MMD -MP -MF"Core/Src/main.d" -MT"Core/Src/main.o" --specs=nano.specs -mfpu=fpv4-sp-d16 -mfloat-abi=hard -mthumb -o "Core/Src/main.o"
arm-none-eabi-gcc "../Core/Src/stm32l4xx_hal_msp.c" -mcpu=cortex-m4 -std=gnu11 -g3 -DDEBUG -DUSE_HAL_DRIVER -DSTM32L4S5xx -c -I../Core/Inc -I../Drivers/STM32L4xx_HAL_Driver/Inc -I../Drivers/STM32L4xx_HAL_Driver/Inc/Legacy -I../Drivers/CMSIS/Device/ST/STM32L4xx/Include -I../Drivers/CMSIS/Include -O0 -ffunction-sections -fdata-sections -Wall -fstack-usage -fcyclomatic-complexity -MMD -MP -MF"Core/Src/stm32l4xx_hal_msp.d" -MT"Core/Src/stm32l4xx_hal_msp.o" --specs=nano.specs -mfpu=fpv4-sp-d16 -mfloat-abi=hard -mthumb -o "Core/Src/stm32l4xx_hal_msp.o"
../Core/Src/main.c: In function 'main':
../Core/Src/main.c:133:44: warning: passing argument 3 of 'HAL_DAC_Start_DMA' from incompatible pointer type [-Wincompatible-pointer-types]
  133 |   HAL_DAC_Start_DMA(&hdac1, DAC_CHANNEL_1, sine, SIZE, DAC_ALIGN_12B_R);
      |                                            ^~~~
      |                                            |
      |                                            uint16_t * {aka short unsigned int *}
In file included from ../Core/Inc/stm32l4xx_hal_conf.h:302,
                 from ../Drivers/STM32L4xx_HAL_Driver/Inc/stm32l4xx_hal.h:29,
                 from ../Core/Inc/main.h:30,
                 from ../Core/Src/main.c:20:
../Drivers/STM32L4xx_HAL_Driver/Inc/stm32l4xx_hal_dac.h:534:90: note: expected 'uint32_t *' {aka 'long unsigned int *'} but argument is of type 'uint16_t *' {aka 'short unsigned int *'}
  534 | HAL_StatusTypeDef HAL_DAC_Start_DMA(DAC_HandleTypeDef *hdac, uint32_t Channel, uint32_t *pData, uint32_t Length,
      |                                                                                ~~~~~~~~~~^~~~~
../Core/Src/main.c: In function 'HAL_GPIO_EXTI_Callback':
../Core/Src/main.c:466:60: warning: pointer targets in passing argument 2 of 'HAL_DFSDM_FilterRegularStart_DMA' differ in signedness [-Wpointer-sign]
  466 |         HAL_DFSDM_FilterRegularStart_DMA(&hdfsdm1_filter0, audio, AUDIO_SIZE);
      |                                                            ^~~~~
      |                                                            |
      |                                                            uint32_t * {aka long unsigned int *}
In file included from ../Core/Inc/stm32l4xx_hal_conf.h:270,
                 from ../Drivers/STM32L4xx_HAL_Driver/Inc/stm32l4xx_hal.h:29,
                 from ../Core/Inc/main.h:30,
                 from ../Core/Src/main.c:20:
../Drivers/STM32L4xx_HAL_Driver/Inc/stm32l4xx_hal_dfsdm.h:701:104: note: expected 'int32_t *' {aka 'long int *'} but argument is of type 'uint32_t *' {aka 'long unsigned int *'}
  701 | HAL_StatusTypeDef HAL_DFSDM_FilterRegularStart_DMA(DFSDM_Filter_HandleTypeDef *hdfsdm_filter, int32_t *pData, uint32_t Length);
      |                                                                                               ~~~~~~~~~^~~~~
arm-none-eabi-gcc -o "Lab_3.elf" @"objects.list"  -larm_cortexM4lf_math -mcpu=cortex-m4 -T"C:\Users\Admin\OneDrive\Documents\GitHub\444\Lab_3\STM32L4S5VITX_FLASH.ld" --specs=nosys.specs -Wl,-Map="Lab_3.map" -Wl,--gc-sections -static -L"C:\Users\Admin\OneDrive\Documents\GitHub\444\Lab_3\Core\Lib" --specs=nano.specs -mfpu=fpv4-sp-d16 -mfloat-abi=hard -mthumb -Wl,--start-group -lc -lm -Wl,--end-group
Finished building target: Lab_3.elf
 
arm-none-eabi-size   Lab_3.elf 
arm-none-eabi-objdump -h -S  Lab_3.elf  > "Lab_3.list"
   text	   data	    bss	    dec	    hex	filename
  22960	     20	 162276	 185256	  2d3a8	Lab_3.elf
Finished building: default.size.stdout
 
Finished building: Lab_3.list
 
17:48:40 **** Incremental Build of configuration Debug for project Lab_3 ****
make -j12 all 
arm-none-eabi-gcc "../Core/Src/main.c" -mcpu=cortex-m4 -std=gnu11 -g3 -DDEBUG -DUSE_HAL_DRIVER -DSTM32L4S5xx -c -I../Core/Inc -I../Drivers/STM32L4xx_HAL_Driver/Inc -I../Drivers/STM32L4xx_HAL_Driver/Inc/Legacy -I../Drivers/CMSIS/Device/ST/STM32L4xx/Include -I../Drivers/CMSIS/Include -O0 -ffunction-sections -fdata-sections -Wall -fstack-usage -fcyclomatic-complexity -MMD -MP -MF"Core/Src/main.d" -MT"Core/Src/main.o" --specs=nano.specs -mfpu=fpv4-sp-d16 -mfloat-abi=hard -mthumb -o "Core/Src/main.o"
../Core/Src/main.c: In function 'main':
../Core/Src/main.c:133:44: warning: passing argument 3 of 'HAL_DAC_Start_DMA' from incompatible pointer type [-Wincompatible-pointer-types]
  133 |   HAL_DAC_Start_DMA(&hdac1, DAC_CHANNEL_1, sine, SIZE, DAC_ALIGN_12B_R);
      |                                            ^~~~
      |                                            |
      |                                            uint16_t * {aka short unsigned int *}
In file included from ../Core/Inc/stm32l4xx_hal_conf.h:302,
                 from ../Drivers/STM32L4xx_HAL_Driver/Inc/stm32l4xx_hal.h:29,
                 from ../Core/Inc/main.h:30,
                 from ../Core/Src/main.c:20:
../Drivers/STM32L4xx_HAL_Driver/Inc/stm32l4xx_hal_dac.h:534:90: note: expected 'uint32_t *' {aka 'long unsigned int *'} but argument is of type 'uint16_t *' {aka 'short unsigned int *'}
  534 | HAL_StatusTypeDef HAL_DAC_Start_DMA(DAC_HandleTypeDef *hdac, uint32_t Channel, uint32_t *pData, uint32_t Length,
      |                                                                                ~~~~~~~~~~^~~~~
../Core/Src/main.c: In function 'HAL_GPIO_EXTI_Callback':
../Core/Src/main.c:467:60: warning: pointer targets in passing argument 2 of 'HAL_DFSDM_FilterRegularStart_DMA' differ in signedness [-Wpointer-sign]
  467 |         HAL_DFSDM_FilterRegularStart_DMA(&hdfsdm1_filter0, audio, AUDIO_SIZE);
      |                                                            ^~~~~
      |                                                            |
      |                                                            uint32_t * {aka long unsigned int *}
In file included from ../Core/Inc/stm32l4xx_hal_conf.h:270,
                 from ../Drivers/STM32L4xx_HAL_Driver/Inc/stm32l4xx_hal.h:29,
                 from ../Core/Inc/main.h:30,
                 from ../Core/Src/main.c:20:
../Drivers/STM32L4xx_HAL_Driver/Inc/stm32l4xx_hal_dfsdm.h:701:104: note: expected 'int32_t *' {aka 'long int *'} but argument is of type 'uint32_t *' {aka 'long unsigned int *'}
  701 | HAL_StatusTypeDef HAL_DFSDM_FilterRegularStart_DMA(DFSDM_Filter_HandleTypeDef *hdfsdm_filter, int32_t *pData, uint32_t Length);
      |                                                                                               ~~~~~~~~~^~~~~
arm-none-eabi-gcc -o "Lab_3.elf" @"objects.list"  -larm_cortexM4lf_math -mcpu=cortex-m4 -T"C:\Users\Admin\OneDrive\Documents\GitHub\444\Lab_3\STM32L4S5VITX_FLASH.ld" --specs=nosys.specs -Wl,-Map="Lab_3.map" -Wl,--gc-sections -static -L"C:\Users\Admin\OneDrive\Documents\GitHub\444\Lab_3\Core\Lib" --specs=nano.specs -mfpu=fpv4-sp-d16 -mfloat-abi=hard -mthumb -Wl,--start-group -lc -lm -Wl,--end-group
Finished building target: Lab_3.elf
 
arm-none-eabi-size   Lab_3.elf 
arm-none-eabi-objdump -h -S  Lab_3.elf  > "Lab_3.list"
   text	   data	    bss	    dec	    hex	filename
  23108	     20	 162276	 185404	  2d43c	Lab_3.elf
Finished building: default.size.stdout
 
Finished building: Lab_3.list
 
