17:47:53 **** Incremental Build of configuration Debug for project Lab_4 ****
make -j12 all 
arm-none-eabi-gcc "../Core/Src/main.c" -mcpu=cortex-m4 -std=gnu11 -g3 -DDEBUG -DUSE_HAL_DRIVER -DSTM32L4S5xx -c -I"C:/Users/Admin/OneDrive/Documents/GitHub/444/Lab_4/Drivers/BSP/Components/hts221" -I"C:/Users/Admin/OneDrive/Documents/GitHub/444/Lab_4/Drivers/BSP/Components/mx25r6435f" -I"C:/Users/Admin/OneDrive/Documents/GitHub/444/Lab_4/Drivers/BSP/Components/lsm6dsl" -I"C:/Users/Admin/OneDrive/Documents/GitHub/444/Lab_4/Drivers/BSP/Components/lis3mdl" -I"C:/Users/Admin/OneDrive/Documents/GitHub/444/Lab_4/Drivers/BSP/Components/lps22hb" -I../Core/Inc -I../Drivers/STM32L4xx_HAL_Driver/Inc -I../Drivers/STM32L4xx_HAL_Driver/Inc/Legacy -I../Drivers/CMSIS/Device/ST/STM32L4xx/Include -I../Drivers/CMSIS/Include -I"C:/Users/Admin/OneDrive/Documents/GitHub/444/Lab_4/Drivers/BSP/B-L4S5I-IOT01" -I../Middlewares/Third_Party/FreeRTOS/Source/include -I../Middlewares/Third_Party/FreeRTOS/Source/CMSIS_RTOS -I../Middlewares/Third_Party/FreeRTOS/Source/portable/GCC/ARM_CM4F -O0 -ffunction-sections -fdata-sections -Wall -fstack-usage -fcyclomatic-complexity -MMD -MP -MF"Core/Src/main.d" -MT"Core/Src/main.o" --specs=nano.specs -mfpu=fpv4-sp-d16 -mfloat-abi=hard -mthumb -o "Core/Src/main.o"
../Core/Src/main.c: In function 'startMonitorPB':
../Core/Src/main.c:534:43: warning: passing argument 1 of 'BSP_QSPI_Read' from incompatible pointer type [-Wincompatible-pointer-types]
  534 |                          if(BSP_QSPI_Read(humidity_array, HUMM_ADD, sizeof(float)*100)!= QSPI_OK){
      |                                           ^~~~~~~~~~~~~~
      |                                           |
      |                                           float *
In file included from ../Core/Src/main.c:36:
C:/Users/Admin/OneDrive/Documents/GitHub/444/Lab_4/Drivers/BSP/B-L4S5I-IOT01/stm32l4s5i_iot01_qspi.h:82:50: note: expected 'uint8_t *' {aka 'unsigned char *'} but argument is of type 'float *'
   82 | uint8_t BSP_QSPI_Read                  (uint8_t* pData, uint32_t ReadAddr, uint32_t Size);
      |                                         ~~~~~~~~~^~~~~
../Core/Src/main.c:537:43: warning: passing argument 1 of 'BSP_QSPI_Read' from incompatible pointer type [-Wincompatible-pointer-types]
  537 |                          if(BSP_QSPI_Read(accel_array, ACCEL_ADD, sizeof(int16_t)*100)!= QSPI_OK){
      |                                           ^~~~~~~~~~~
      |                                           |
      |                                           int16_t * {aka short int *}
In file included from ../Core/Src/main.c:36:
C:/Users/Admin/OneDrive/Documents/GitHub/444/Lab_4/Drivers/BSP/B-L4S5I-IOT01/stm32l4s5i_iot01_qspi.h:82:50: note: expected 'uint8_t *' {aka 'unsigned char *'} but argument is of type 'int16_t *' {aka 'short int *'}
   82 | uint8_t BSP_QSPI_Read                  (uint8_t* pData, uint32_t ReadAddr, uint32_t Size);
      |                                         ~~~~~~~~~^~~~~
../Core/Src/main.c:540:43: warning: passing argument 1 of 'BSP_QSPI_Read' from incompatible pointer type [-Wincompatible-pointer-types]
  540 |                          if(BSP_QSPI_Read(gyro_array, GYRO_ADD, sizeof(float)*100)!= QSPI_OK){
      |                                           ^~~~~~~~~~
      |                                           |
      |                                           float *
In file included from ../Core/Src/main.c:36:
C:/Users/Admin/OneDrive/Documents/GitHub/444/Lab_4/Drivers/BSP/B-L4S5I-IOT01/stm32l4s5i_iot01_qspi.h:82:50: note: expected 'uint8_t *' {aka 'unsigned char *'} but argument is of type 'float *'
   82 | uint8_t BSP_QSPI_Read                  (uint8_t* pData, uint32_t ReadAddr, uint32_t Size);
      |                                         ~~~~~~~~~^~~~~
../Core/Src/main.c:543:43: warning: passing argument 1 of 'BSP_QSPI_Read' from incompatible pointer type [-Wincompatible-pointer-types]
  543 |                          if(BSP_QSPI_Read(magneto_array, MAGNO_ADD, sizeof(int16_t)*100)!= QSPI_OK){
      |                                           ^~~~~~~~~~~~~
      |                                           |
      |                                           int16_t * {aka short int *}
In file included from ../Core/Src/main.c:36:
C:/Users/Admin/OneDrive/Documents/GitHub/444/Lab_4/Drivers/BSP/B-L4S5I-IOT01/stm32l4s5i_iot01_qspi.h:82:50: note: expected 'uint8_t *' {aka 'unsigned char *'} but argument is of type 'int16_t *' {aka 'short int *'}
   82 | uint8_t BSP_QSPI_Read                  (uint8_t* pData, uint32_t ReadAddr, uint32_t Size);
      |                                         ~~~~~~~~~^~~~~
../Core/Src/main.c: In function 'startReadSensors':
../Core/Src/main.c:579:35: warning: passing argument 1 of 'BSP_QSPI_Write' from incompatible pointer type [-Wincompatible-pointer-types]
  579 |                 if(BSP_QSPI_Write(&humidity, HUMM_ADD + INDEX*sizeof(float), sizeof(float)) != QSPI_OK){
      |                                   ^~~~~~~~~
      |                                   |
      |                                   float *
In file included from ../Core/Src/main.c:36:
C:/Users/Admin/OneDrive/Documents/GitHub/444/Lab_4/Drivers/BSP/B-L4S5I-IOT01/stm32l4s5i_iot01_qspi.h:83:50: note: expected 'uint8_t *' {aka 'unsigned char *'} but argument is of type 'float *'
   83 | uint8_t BSP_QSPI_Write                 (uint8_t* pData, uint32_t WriteAddr, uint32_t Size);
      |                                         ~~~~~~~~~^~~~~
../Core/Src/main.c:582:35: warning: passing argument 1 of 'BSP_QSPI_Write' from incompatible pointer type [-Wincompatible-pointer-types]
  582 |                 if(BSP_QSPI_Write(accel, ACCEL_ADD + INDEX*sizeof(int16_t)*3, sizeof(int16_t)*3) != QSPI_OK){
      |                                   ^~~~~
      |                                   |
      |                                   int16_t * {aka short int *}
In file included from ../Core/Src/main.c:36:
C:/Users/Admin/OneDrive/Documents/GitHub/444/Lab_4/Drivers/BSP/B-L4S5I-IOT01/stm32l4s5i_iot01_qspi.h:83:50: note: expected 'uint8_t *' {aka 'unsigned char *'} but argument is of type 'int16_t *' {aka 'short int *'}
   83 | uint8_t BSP_QSPI_Write                 (uint8_t* pData, uint32_t WriteAddr, uint32_t Size);
      |                                         ~~~~~~~~~^~~~~
../Core/Src/main.c:585:35: warning: passing argument 1 of 'BSP_QSPI_Write' from incompatible pointer type [-Wincompatible-pointer-types]
  585 |                 if(BSP_QSPI_Write(gyro, GYRO_ADD + INDEX*sizeof(float)*3, sizeof(float)*3) != QSPI_OK){
      |                                   ^~~~
      |                                   |
      |                                   float *
In file included from ../Core/Src/main.c:36:
C:/Users/Admin/OneDrive/Documents/GitHub/444/Lab_4/Drivers/BSP/B-L4S5I-IOT01/stm32l4s5i_iot01_qspi.h:83:50: note: expected 'uint8_t *' {aka 'unsigned char *'} but argument is of type 'float *'
   83 | uint8_t BSP_QSPI_Write                 (uint8_t* pData, uint32_t WriteAddr, uint32_t Size);
      |                                         ~~~~~~~~~^~~~~
../Core/Src/main.c:588:35: warning: passing argument 1 of 'BSP_QSPI_Write' from incompatible pointer type [-Wincompatible-pointer-types]
  588 |                 if(BSP_QSPI_Write(magneto, MAGNO_ADD + INDEX*sizeof(int16_t)*3, sizeof(int16_t)*3) != QSPI_OK){
      |                                   ^~~~~~~
      |                                   |
      |                                   int16_t * {aka short int *}
In file included from ../Core/Src/main.c:36:
C:/Users/Admin/OneDrive/Documents/GitHub/444/Lab_4/Drivers/BSP/B-L4S5I-IOT01/stm32l4s5i_iot01_qspi.h:83:50: note: expected 'uint8_t *' {aka 'unsigned char *'} but argument is of type 'int16_t *' {aka 'short int *'}
   83 | uint8_t BSP_QSPI_Write                 (uint8_t* pData, uint32_t WriteAddr, uint32_t Size);
      |                                         ~~~~~~~~~^~~~~
arm-none-eabi-gcc -o "Lab_4.elf" @"objects.list"  -larm_cortexM4lf_math -mcpu=cortex-m4 -T"C:\Users\Admin\OneDrive\Documents\GitHub\444\Lab_4\STM32L4S5VITX_FLASH.ld" --specs=nosys.specs -Wl,-Map="Lab_4.map" -Wl,--gc-sections -static -L"C:\Users\Admin\OneDrive\Documents\GitHub\444\Lab_4\Core\Lib" --specs=nano.specs -mfpu=fpv4-sp-d16 -mfloat-abi=hard -mthumb -Wl,--start-group -lc -lm -Wl,--end-group
Finished building target: Lab_4.elf
 
arm-none-eabi-size   Lab_4.elf 
arm-none-eabi-objdump -h -S  Lab_4.elf  > "Lab_4.list"
   text	   data	    bss	    dec	    hex	filename
  39912	    272	   9432	  49616	   c1d0	Lab_4.elf
Finished building: default.size.stdout
 
Finished building: Lab_4.list
 
