22:23:57 **** Clean-only build of configuration Debug for project Lab_4 ****
make -j12 clean 
rm -rf ./Drivers/STM32L4xx_HAL_Driver/Src/stm32l4xx_hal.cyclo ./Drivers/STM32L4xx_HAL_Driver/Src/stm32l4xx_hal.d ./Drivers/STM32L4xx_HAL_Driver/Src/stm32l4xx_hal.o ./Drivers/STM32L4xx_HAL_Driver/Src/stm32l4xx_hal.su ./Drivers/STM32L4xx_HAL_Driver/Src/stm32l4xx_hal_cortex.cyclo ./Drivers/STM32L4xx_HAL_Driver/Src/stm32l4xx_hal_cortex.d ./Drivers/STM32L4xx_HAL_Driver/Src/stm32l4xx_hal_cortex.o ./Drivers/STM32L4xx_HAL_Driver/Src/stm32l4xx_hal_cortex.su ./Drivers/STM32L4xx_HAL_Driver/Src/stm32l4xx_hal_dma.cyclo ./Drivers/STM32L4xx_HAL_Driver/Src/stm32l4xx_hal_dma.d ./Drivers/STM32L4xx_HAL_Driver/Src/stm32l4xx_hal_dma.o ./Drivers/STM32L4xx_HAL_Driver/Src/stm32l4xx_hal_dma.su ./Drivers/STM32L4xx_HAL_Driver/Src/stm32l4xx_hal_dma_ex.cyclo ./Drivers/STM32L4xx_HAL_Driver/Src/stm32l4xx_hal_dma_ex.d ./Drivers/STM32L4xx_HAL_Driver/Src/stm32l4xx_hal_dma_ex.o ./Drivers/STM32L4xx_HAL_Driver/Src/stm32l4xx_hal_dma_ex.su ./Drivers/STM32L4xx_HAL_Driver/Src/stm32l4xx_hal_exti.cyclo ./Drivers/STM32L4xx_HAL_Driver/Src/stm32l4xx_hal_exti.d ./Drivers/STM32L4xx_HAL_Driver/Src/stm32l4xx_hal_exti.o ./Drivers/STM32L4xx_HAL_Driver/Src/stm32l4xx_hal_exti.su ./Drivers/STM32L4xx_HAL_Driver/Src/stm32l4xx_hal_flash.cyclo ./Drivers/STM32L4xx_HAL_Driver/Src/stm32l4xx_hal_flash.d ./Drivers/STM32L4xx_HAL_Driver/Src/stm32l4xx_hal_flash.o ./Drivers/STM32L4xx_HAL_Driver/Src/stm32l4xx_hal_flash.su ./Drivers/STM32L4xx_HAL_Driver/Src/stm32l4xx_hal_flash_ex.cyclo ./Drivers/STM32L4xx_HAL_Driver/Src/stm32l4xx_hal_flash_ex.d ./Drivers/STM32L4xx_HAL_Driver/Src/stm32l4xx_hal_flash_ex.o ./Drivers/STM32L4xx_HAL_Driver/Src/stm32l4xx_hal_flash_ex.su ./Drivers/STM32L4xx_HAL_Driver/Src/stm32l4xx_hal_flash_ramfunc.cyclo ./Drivers/STM32L4xx_HAL_Driver/Src/stm32l4xx_hal_flash_ramfunc.d ./Drivers/STM32L4xx_HAL_Driver/Src/stm32l4xx_hal_flash_ramfunc.o ./Drivers/STM32L4xx_HAL_Driver/Src/stm32l4xx_hal_flash_ramfunc.su ./Drivers/STM32L4xx_HAL_Driver/Src/stm32l4xx_hal_gpio.cyclo ./Drivers/STM32L4xx_HAL_Driver/Src/stm32l4xx_hal_gpio.d ./Drivers/STM32L4xx_HAL_Driver/Src/stm32l4xx_hal_gpio.o ./Drivers/STM32L4xx_HAL_Driver/Src/stm32l4xx_hal_gpio.su ./Drivers/STM32L4xx_HAL_Driver/Src/stm32l4xx_hal_i2c.cyclo ./Drivers/STM32L4xx_HAL_Driver/Src/stm32l4xx_hal_i2c.d ./Drivers/STM32L4xx_HAL_Driver/Src/stm32l4xx_hal_i2c.o ./Drivers/STM32L4xx_HAL_Driver/Src/stm32l4xx_hal_i2c.su ./Drivers/STM32L4xx_HAL_Driver/Src/stm32l4xx_hal_i2c_ex.cyclo ./Drivers/STM32L4xx_HAL_Driver/Src/stm32l4xx_hal_i2c_ex.d ./Drivers/STM32L4xx_HAL_Driver/Src/stm32l4xx_hal_i2c_ex.o ./Drivers/STM32L4xx_HAL_Driver/Src/stm32l4xx_hal_i2c_ex.su ./Drivers/STM32L4xx_HAL_Driver/Src/stm32l4xx_hal_pwr.cyclo ./Drivers/STM32L4xx_HAL_Driver/Src/stm32l4xx_hal_pwr.d ./Drivers/STM32L4xx_HAL_Driver/Src/stm32l4xx_hal_pwr.o ./Drivers/STM32L4xx_HAL_Driver/Src/stm32l4xx_hal_pwr.su ./Drivers/STM32L4xx_HAL_Driver/Src/stm32l4xx_hal_pwr_ex.cyclo ./Drivers/STM32L4xx_HAL_Driver/Src/stm32l4xx_hal_pwr_ex.d ./Drivers/STM32L4xx_HAL_Driver/Src/stm32l4xx_hal_pwr_ex.o ./Drivers/STM32L4xx_HAL_Driver/Src/stm32l4xx_hal_pwr_ex.su ./Drivers/STM32L4xx_HAL_Driver/Src/stm32l4xx_hal_rcc.cyclo ./Drivers/STM32L4xx_HAL_Driver/Src/stm32l4xx_hal_rcc.d ./Drivers/STM32L4xx_HAL_Driver/Src/stm32l4xx_hal_rcc.o ./Drivers/STM32L4xx_HAL_Driver/Src/stm32l4xx_hal_rcc.su ./Drivers/STM32L4xx_HAL_Driver/Src/stm32l4xx_hal_rcc_ex.cyclo ./Drivers/STM32L4xx_HAL_Driver/Src/stm32l4xx_hal_rcc_ex.d ./Drivers/STM32L4xx_HAL_Driver/Src/stm32l4xx_hal_rcc_ex.o ./Drivers/STM32L4xx_HAL_Driver/Src/stm32l4xx_hal_rcc_ex.su ./Drivers/STM32L4xx_HAL_Driver/Src/stm32l4xx_hal_tim.cyclo ./Drivers/STM32L4xx_HAL_Driver/Src/stm32l4xx_hal_tim.d ./Drivers/STM32L4xx_HAL_Driver/Src/stm32l4xx_hal_tim.o ./Drivers/STM32L4xx_HAL_Driver/Src/stm32l4xx_hal_tim.su ./Drivers/STM32L4xx_HAL_Driver/Src/stm32l4xx_hal_tim_ex.cyclo ./Drivers/STM32L4xx_HAL_Driver/Src/stm32l4xx_hal_tim_ex.d ./Drivers/STM32L4xx_HAL_Driver/Src/stm32l4xx_hal_tim_ex.o ./Drivers/STM32L4xx_HAL_Driver/Src/stm32l4xx_hal_tim_ex.su ./Drivers/STM32L4xx_HAL_Driver/Src/stm32l4xx_hal_uart.cyclo ./Drivers/STM32L4xx_HAL_Driver/Src/stm32l4xx_hal_uart.d ./Drivers/STM32L4xx_HAL_Driver/Src/stm32l4xx_hal_uart.o ./Drivers/STM32L4xx_HAL_Driver/Src/stm32l4xx_hal_uart.su ./Drivers/STM32L4xx_HAL_Driver/Src/stm32l4xx_hal_uart_ex.cyclo ./Drivers/STM32L4xx_HAL_Driver/Src/stm32l4xx_hal_uart_ex.d ./Drivers/STM32L4xx_HAL_Driver/Src/stm32l4xx_hal_uart_ex.o ./Drivers/STM32L4xx_HAL_Driver/Src/stm32l4xx_hal_uart_ex.su
rm -rf ./Drivers/BSP/Components/lsm6dsl/lsm6dsl.cyclo ./Drivers/BSP/Components/lsm6dsl/lsm6dsl.d ./Drivers/BSP/Components/lsm6dsl/lsm6dsl.o ./Drivers/BSP/Components/lsm6dsl/lsm6dsl.su
rm -rf ./Drivers/BSP/Components/lps22hb/lps22hb.cyclo ./Drivers/BSP/Components/lps22hb/lps22hb.d ./Drivers/BSP/Components/lps22hb/lps22hb.o ./Drivers/BSP/Components/lps22hb/lps22hb.su
rm -rf ./Drivers/BSP/Components/lis3mdl/lis3mdl.cyclo ./Drivers/BSP/Components/lis3mdl/lis3mdl.d ./Drivers/BSP/Components/lis3mdl/lis3mdl.o ./Drivers/BSP/Components/lis3mdl/lis3mdl.su
rm -rf ./Drivers/BSP/Components/hts221/hts221.cyclo ./Drivers/BSP/Components/hts221/hts221.d ./Drivers/BSP/Components/hts221/hts221.o ./Drivers/BSP/Components/hts221/hts221.su
rm -rf ./Drivers/BSP/B-L4S5I-IOT01/stm32l4s5i_iot01.cyclo ./Drivers/BSP/B-L4S5I-IOT01/stm32l4s5i_iot01.d ./Drivers/BSP/B-L4S5I-IOT01/stm32l4s5i_iot01.o ./Drivers/BSP/B-L4S5I-IOT01/stm32l4s5i_iot01.su ./Drivers/BSP/B-L4S5I-IOT01/stm32l4s5i_iot01_accelero.cyclo ./Drivers/BSP/B-L4S5I-IOT01/stm32l4s5i_iot01_accelero.d ./Drivers/BSP/B-L4S5I-IOT01/stm32l4s5i_iot01_accelero.o ./Drivers/BSP/B-L4S5I-IOT01/stm32l4s5i_iot01_accelero.su ./Drivers/BSP/B-L4S5I-IOT01/stm32l4s5i_iot01_gyro.cyclo ./Drivers/BSP/B-L4S5I-IOT01/stm32l4s5i_iot01_gyro.d ./Drivers/BSP/B-L4S5I-IOT01/stm32l4s5i_iot01_gyro.o ./Drivers/BSP/B-L4S5I-IOT01/stm32l4s5i_iot01_gyro.su ./Drivers/BSP/B-L4S5I-IOT01/stm32l4s5i_iot01_hsensor.cyclo ./Drivers/BSP/B-L4S5I-IOT01/stm32l4s5i_iot01_hsensor.d ./Drivers/BSP/B-L4S5I-IOT01/stm32l4s5i_iot01_hsensor.o ./Drivers/BSP/B-L4S5I-IOT01/stm32l4s5i_iot01_hsensor.su ./Drivers/BSP/B-L4S5I-IOT01/stm32l4s5i_iot01_magneto.cyclo ./Drivers/BSP/B-L4S5I-IOT01/stm32l4s5i_iot01_magneto.d ./Drivers/BSP/B-L4S5I-IOT01/stm32l4s5i_iot01_magneto.o ./Drivers/BSP/B-L4S5I-IOT01/stm32l4s5i_iot01_magneto.su
rm -rf ./Core/Startup/startup_stm32l4s5vitx.d ./Core/Startup/startup_stm32l4s5vitx.o
rm -rf ./Core/Src/main.cyclo ./Core/Src/main.d ./Core/Src/main.o ./Core/Src/main.su ./Core/Src/stm32l4xx_hal_msp.cyclo ./Core/Src/stm32l4xx_hal_msp.d ./Core/Src/stm32l4xx_hal_msp.o ./Core/Src/stm32l4xx_hal_msp.su ./Core/Src/stm32l4xx_it.cyclo ./Core/Src/stm32l4xx_it.d ./Core/Src/stm32l4xx_it.o ./Core/Src/stm32l4xx_it.su ./Core/Src/syscalls.cyclo ./Core/Src/syscalls.d ./Core/Src/syscalls.o ./Core/Src/syscalls.su ./Core/Src/sysmem.cyclo ./Core/Src/sysmem.d ./Core/Src/sysmem.o ./Core/Src/sysmem.su ./Core/Src/system_stm32l4xx.cyclo ./Core/Src/system_stm32l4xx.d ./Core/Src/system_stm32l4xx.o ./Core/Src/system_stm32l4xx.su
rm -rf Lab_4.elf Lab_4.list Lab_4.map default.size.stdout
 
22:23:59 **** Incremental Build of configuration Debug for project Lab_4 ****
make -j12 all 
arm-none-eabi-gcc "../Drivers/STM32L4xx_HAL_Driver/Src/stm32l4xx_hal.c" -mcpu=cortex-m4 -std=gnu11 -g3 -DDEBUG -DUSE_HAL_DRIVER -DSTM32L4S5xx -c -I"C:/Users/Admin/STM32Cube/Repository/STM32Cube_FW_L4_V1.18.0/Drivers/BSP/Components/hts221" -I"C:/Users/Admin/STM32Cube/Repository/STM32Cube_FW_L4_V1.18.0/Drivers/BSP/Components/lsm6dsl" -I"C:/Users/Admin/STM32Cube/Repository/STM32Cube_FW_L4_V1.18.0/Drivers/BSP/Components/lis3mdl" -I"C:/Users/Admin/STM32Cube/Repository/STM32Cube_FW_L4_V1.18.0/Drivers/BSP/Components/lps22hb" -I../Core/Inc -I../Drivers/STM32L4xx_HAL_Driver/Inc -I../Drivers/STM32L4xx_HAL_Driver/Inc/Legacy -I../Drivers/CMSIS/Device/ST/STM32L4xx/Include -I../Drivers/CMSIS/Include -I"C:/Users/Admin/STM32Cube/Repository/STM32Cube_FW_L4_V1.18.0/Drivers/BSP/B-L4S5I-IOT01" -O0 -ffunction-sections -fdata-sections -Wall -fstack-usage -fcyclomatic-complexity -MMD -MP -MF"Drivers/STM32L4xx_HAL_Driver/Src/stm32l4xx_hal.d" -MT"Drivers/STM32L4xx_HAL_Driver/Src/stm32l4xx_hal.o" --specs=nano.specs -mfpu=fpv4-sp-d16 -mfloat-abi=hard -mthumb -o "Drivers/STM32L4xx_HAL_Driver/Src/stm32l4xx_hal.o"
arm-none-eabi-gcc "../Drivers/STM32L4xx_HAL_Driver/Src/stm32l4xx_hal_cortex.c" -mcpu=cortex-m4 -std=gnu11 -g3 -DDEBUG -DUSE_HAL_DRIVER -DSTM32L4S5xx -c -I"C:/Users/Admin/STM32Cube/Repository/STM32Cube_FW_L4_V1.18.0/Drivers/BSP/Components/hts221" -I"C:/Users/Admin/STM32Cube/Repository/STM32Cube_FW_L4_V1.18.0/Drivers/BSP/Components/lsm6dsl" -I"C:/Users/Admin/STM32Cube/Repository/STM32Cube_FW_L4_V1.18.0/Drivers/BSP/Components/lis3mdl" -I"C:/Users/Admin/STM32Cube/Repository/STM32Cube_FW_L4_V1.18.0/Drivers/BSP/Components/lps22hb" -I../Core/Inc -I../Drivers/STM32L4xx_HAL_Driver/Inc -I../Drivers/STM32L4xx_HAL_Driver/Inc/Legacy -I../Drivers/CMSIS/Device/ST/STM32L4xx/Include -I../Drivers/CMSIS/Include -I"C:/Users/Admin/STM32Cube/Repository/STM32Cube_FW_L4_V1.18.0/Drivers/BSP/B-L4S5I-IOT01" -O0 -ffunction-sections -fdata-sections -Wall -fstack-usage -fcyclomatic-complexity -MMD -MP -MF"Drivers/STM32L4xx_HAL_Driver/Src/stm32l4xx_hal_cortex.d" -MT"Drivers/STM32L4xx_HAL_Driver/Src/stm32l4xx_hal_cortex.o" --specs=nano.specs -mfpu=fpv4-sp-d16 -mfloat-abi=hard -mthumb -o "Drivers/STM32L4xx_HAL_Driver/Src/stm32l4xx_hal_cortex.o"
arm-none-eabi-gcc "../Drivers/STM32L4xx_HAL_Driver/Src/stm32l4xx_hal_dma.c" -mcpu=cortex-m4 -std=gnu11 -g3 -DDEBUG -DUSE_HAL_DRIVER -DSTM32L4S5xx -c -I"C:/Users/Admin/STM32Cube/Repository/STM32Cube_FW_L4_V1.18.0/Drivers/BSP/Components/hts221" -I"C:/Users/Admin/STM32Cube/Repository/STM32Cube_FW_L4_V1.18.0/Drivers/BSP/Components/lsm6dsl" -I"C:/Users/Admin/STM32Cube/Repository/STM32Cube_FW_L4_V1.18.0/Drivers/BSP/Components/lis3mdl" -I"C:/Users/Admin/STM32Cube/Repository/STM32Cube_FW_L4_V1.18.0/Drivers/BSP/Components/lps22hb" -I../Core/Inc -I../Drivers/STM32L4xx_HAL_Driver/Inc -I../Drivers/STM32L4xx_HAL_Driver/Inc/Legacy -I../Drivers/CMSIS/Device/ST/STM32L4xx/Include -I../Drivers/CMSIS/Include -I"C:/Users/Admin/STM32Cube/Repository/STM32Cube_FW_L4_V1.18.0/Drivers/BSP/B-L4S5I-IOT01" -O0 -ffunction-sections -fdata-sections -Wall -fstack-usage -fcyclomatic-complexity -MMD -MP -MF"Drivers/STM32L4xx_HAL_Driver/Src/stm32l4xx_hal_dma.d" -MT"Drivers/STM32L4xx_HAL_Driver/Src/stm32l4xx_hal_dma.o" --specs=nano.specs -mfpu=fpv4-sp-d16 -mfloat-abi=hard -mthumb -o "Drivers/STM32L4xx_HAL_Driver/Src/stm32l4xx_hal_dma.o"
arm-none-eabi-gcc "../Drivers/STM32L4xx_HAL_Driver/Src/stm32l4xx_hal_dma_ex.c" -mcpu=cortex-m4 -std=gnu11 -g3 -DDEBUG -DUSE_HAL_DRIVER -DSTM32L4S5xx -c -I"C:/Users/Admin/STM32Cube/Repository/STM32Cube_FW_L4_V1.18.0/Drivers/BSP/Components/hts221" -I"C:/Users/Admin/STM32Cube/Repository/STM32Cube_FW_L4_V1.18.0/Drivers/BSP/Components/lsm6dsl" -I"C:/Users/Admin/STM32Cube/Repository/STM32Cube_FW_L4_V1.18.0/Drivers/BSP/Components/lis3mdl" -I"C:/Users/Admin/STM32Cube/Repository/STM32Cube_FW_L4_V1.18.0/Drivers/BSP/Components/lps22hb" -I../Core/Inc -I../Drivers/STM32L4xx_HAL_Driver/Inc -I../Drivers/STM32L4xx_HAL_Driver/Inc/Legacy -I../Drivers/CMSIS/Device/ST/STM32L4xx/Include -I../Drivers/CMSIS/Include -I"C:/Users/Admin/STM32Cube/Repository/STM32Cube_FW_L4_V1.18.0/Drivers/BSP/B-L4S5I-IOT01" -O0 -ffunction-sections -fdata-sections -Wall -fstack-usage -fcyclomatic-complexity -MMD -MP -MF"Drivers/STM32L4xx_HAL_Driver/Src/stm32l4xx_hal_dma_ex.d" -MT"Drivers/STM32L4xx_HAL_Driver/Src/stm32l4xx_hal_dma_ex.o" --specs=nano.specs -mfpu=fpv4-sp-d16 -mfloat-abi=hard -mthumb -o "Drivers/STM32L4xx_HAL_Driver/Src/stm32l4xx_hal_dma_ex.o"
arm-none-eabi-gcc "../Drivers/STM32L4xx_HAL_Driver/Src/stm32l4xx_hal_exti.c" -mcpu=cortex-m4 -std=gnu11 -g3 -DDEBUG -DUSE_HAL_DRIVER -DSTM32L4S5xx -c -I"C:/Users/Admin/STM32Cube/Repository/STM32Cube_FW_L4_V1.18.0/Drivers/BSP/Components/hts221" -I"C:/Users/Admin/STM32Cube/Repository/STM32Cube_FW_L4_V1.18.0/Drivers/BSP/Components/lsm6dsl" -I"C:/Users/Admin/STM32Cube/Repository/STM32Cube_FW_L4_V1.18.0/Drivers/BSP/Components/lis3mdl" -I"C:/Users/Admin/STM32Cube/Repository/STM32Cube_FW_L4_V1.18.0/Drivers/BSP/Components/lps22hb" -I../Core/Inc -I../Drivers/STM32L4xx_HAL_Driver/Inc -I../Drivers/STM32L4xx_HAL_Driver/Inc/Legacy -I../Drivers/CMSIS/Device/ST/STM32L4xx/Include -I../Drivers/CMSIS/Include -I"C:/Users/Admin/STM32Cube/Repository/STM32Cube_FW_L4_V1.18.0/Drivers/BSP/B-L4S5I-IOT01" -O0 -ffunction-sections -fdata-sections -Wall -fstack-usage -fcyclomatic-complexity -MMD -MP -MF"Drivers/STM32L4xx_HAL_Driver/Src/stm32l4xx_hal_exti.d" -MT"Drivers/STM32L4xx_HAL_Driver/Src/stm32l4xx_hal_exti.o" --specs=nano.specs -mfpu=fpv4-sp-d16 -mfloat-abi=hard -mthumb -o "Drivers/STM32L4xx_HAL_Driver/Src/stm32l4xx_hal_exti.o"
arm-none-eabi-gcc "../Drivers/STM32L4xx_HAL_Driver/Src/stm32l4xx_hal_flash.c" -mcpu=cortex-m4 -std=gnu11 -g3 -DDEBUG -DUSE_HAL_DRIVER -DSTM32L4S5xx -c -I"C:/Users/Admin/STM32Cube/Repository/STM32Cube_FW_L4_V1.18.0/Drivers/BSP/Components/hts221" -I"C:/Users/Admin/STM32Cube/Repository/STM32Cube_FW_L4_V1.18.0/Drivers/BSP/Components/lsm6dsl" -I"C:/Users/Admin/STM32Cube/Repository/STM32Cube_FW_L4_V1.18.0/Drivers/BSP/Components/lis3mdl" -I"C:/Users/Admin/STM32Cube/Repository/STM32Cube_FW_L4_V1.18.0/Drivers/BSP/Components/lps22hb" -I../Core/Inc -I../Drivers/STM32L4xx_HAL_Driver/Inc -I../Drivers/STM32L4xx_HAL_Driver/Inc/Legacy -I../Drivers/CMSIS/Device/ST/STM32L4xx/Include -I../Drivers/CMSIS/Include -I"C:/Users/Admin/STM32Cube/Repository/STM32Cube_FW_L4_V1.18.0/Drivers/BSP/B-L4S5I-IOT01" -O0 -ffunction-sections -fdata-sections -Wall -fstack-usage -fcyclomatic-complexity -MMD -MP -MF"Drivers/STM32L4xx_HAL_Driver/Src/stm32l4xx_hal_flash.d" -MT"Drivers/STM32L4xx_HAL_Driver/Src/stm32l4xx_hal_flash.o" --specs=nano.specs -mfpu=fpv4-sp-d16 -mfloat-abi=hard -mthumb -o "Drivers/STM32L4xx_HAL_Driver/Src/stm32l4xx_hal_flash.o"
arm-none-eabi-gcc "../Drivers/STM32L4xx_HAL_Driver/Src/stm32l4xx_hal_flash_ex.c" -mcpu=cortex-m4 -std=gnu11 -g3 -DDEBUG -DUSE_HAL_DRIVER -DSTM32L4S5xx -c -I"C:/Users/Admin/STM32Cube/Repository/STM32Cube_FW_L4_V1.18.0/Drivers/BSP/Components/hts221" -I"C:/Users/Admin/STM32Cube/Repository/STM32Cube_FW_L4_V1.18.0/Drivers/BSP/Components/lsm6dsl" -I"C:/Users/Admin/STM32Cube/Repository/STM32Cube_FW_L4_V1.18.0/Drivers/BSP/Components/lis3mdl" -I"C:/Users/Admin/STM32Cube/Repository/STM32Cube_FW_L4_V1.18.0/Drivers/BSP/Components/lps22hb" -I../Core/Inc -I../Drivers/STM32L4xx_HAL_Driver/Inc -I../Drivers/STM32L4xx_HAL_Driver/Inc/Legacy -I../Drivers/CMSIS/Device/ST/STM32L4xx/Include -I../Drivers/CMSIS/Include -I"C:/Users/Admin/STM32Cube/Repository/STM32Cube_FW_L4_V1.18.0/Drivers/BSP/B-L4S5I-IOT01" -O0 -ffunction-sections -fdata-sections -Wall -fstack-usage -fcyclomatic-complexity -MMD -MP -MF"Drivers/STM32L4xx_HAL_Driver/Src/stm32l4xx_hal_flash_ex.d" -MT"Drivers/STM32L4xx_HAL_Driver/Src/stm32l4xx_hal_flash_ex.o" --specs=nano.specs -mfpu=fpv4-sp-d16 -mfloat-abi=hard -mthumb -o "Drivers/STM32L4xx_HAL_Driver/Src/stm32l4xx_hal_flash_ex.o"
arm-none-eabi-gcc "../Drivers/STM32L4xx_HAL_Driver/Src/stm32l4xx_hal_flash_ramfunc.c" -mcpu=cortex-m4 -std=gnu11 -g3 -DDEBUG -DUSE_HAL_DRIVER -DSTM32L4S5xx -c -I"C:/Users/Admin/STM32Cube/Repository/STM32Cube_FW_L4_V1.18.0/Drivers/BSP/Components/hts221" -I"C:/Users/Admin/STM32Cube/Repository/STM32Cube_FW_L4_V1.18.0/Drivers/BSP/Components/lsm6dsl" -I"C:/Users/Admin/STM32Cube/Repository/STM32Cube_FW_L4_V1.18.0/Drivers/BSP/Components/lis3mdl" -I"C:/Users/Admin/STM32Cube/Repository/STM32Cube_FW_L4_V1.18.0/Drivers/BSP/Components/lps22hb" -I../Core/Inc -I../Drivers/STM32L4xx_HAL_Driver/Inc -I../Drivers/STM32L4xx_HAL_Driver/Inc/Legacy -I../Drivers/CMSIS/Device/ST/STM32L4xx/Include -I../Drivers/CMSIS/Include -I"C:/Users/Admin/STM32Cube/Repository/STM32Cube_FW_L4_V1.18.0/Drivers/BSP/B-L4S5I-IOT01" -O0 -ffunction-sections -fdata-sections -Wall -fstack-usage -fcyclomatic-complexity -MMD -MP -MF"Drivers/STM32L4xx_HAL_Driver/Src/stm32l4xx_hal_flash_ramfunc.d" -MT"Drivers/STM32L4xx_HAL_Driver/Src/stm32l4xx_hal_flash_ramfunc.o" --specs=nano.specs -mfpu=fpv4-sp-d16 -mfloat-abi=hard -mthumb -o "Drivers/STM32L4xx_HAL_Driver/Src/stm32l4xx_hal_flash_ramfunc.o"
arm-none-eabi-gcc "../Drivers/STM32L4xx_HAL_Driver/Src/stm32l4xx_hal_gpio.c" -mcpu=cortex-m4 -std=gnu11 -g3 -DDEBUG -DUSE_HAL_DRIVER -DSTM32L4S5xx -c -I"C:/Users/Admin/STM32Cube/Repository/STM32Cube_FW_L4_V1.18.0/Drivers/BSP/Components/hts221" -I"C:/Users/Admin/STM32Cube/Repository/STM32Cube_FW_L4_V1.18.0/Drivers/BSP/Components/lsm6dsl" -I"C:/Users/Admin/STM32Cube/Repository/STM32Cube_FW_L4_V1.18.0/Drivers/BSP/Components/lis3mdl" -I"C:/Users/Admin/STM32Cube/Repository/STM32Cube_FW_L4_V1.18.0/Drivers/BSP/Components/lps22hb" -I../Core/Inc -I../Drivers/STM32L4xx_HAL_Driver/Inc -I../Drivers/STM32L4xx_HAL_Driver/Inc/Legacy -I../Drivers/CMSIS/Device/ST/STM32L4xx/Include -I../Drivers/CMSIS/Include -I"C:/Users/Admin/STM32Cube/Repository/STM32Cube_FW_L4_V1.18.0/Drivers/BSP/B-L4S5I-IOT01" -O0 -ffunction-sections -fdata-sections -Wall -fstack-usage -fcyclomatic-complexity -MMD -MP -MF"Drivers/STM32L4xx_HAL_Driver/Src/stm32l4xx_hal_gpio.d" -MT"Drivers/STM32L4xx_HAL_Driver/Src/stm32l4xx_hal_gpio.o" --specs=nano.specs -mfpu=fpv4-sp-d16 -mfloat-abi=hard -mthumb -o "Drivers/STM32L4xx_HAL_Driver/Src/stm32l4xx_hal_gpio.o"
arm-none-eabi-gcc "../Drivers/STM32L4xx_HAL_Driver/Src/stm32l4xx_hal_i2c.c" -mcpu=cortex-m4 -std=gnu11 -g3 -DDEBUG -DUSE_HAL_DRIVER -DSTM32L4S5xx -c -I"C:/Users/Admin/STM32Cube/Repository/STM32Cube_FW_L4_V1.18.0/Drivers/BSP/Components/hts221" -I"C:/Users/Admin/STM32Cube/Repository/STM32Cube_FW_L4_V1.18.0/Drivers/BSP/Components/lsm6dsl" -I"C:/Users/Admin/STM32Cube/Repository/STM32Cube_FW_L4_V1.18.0/Drivers/BSP/Components/lis3mdl" -I"C:/Users/Admin/STM32Cube/Repository/STM32Cube_FW_L4_V1.18.0/Drivers/BSP/Components/lps22hb" -I../Core/Inc -I../Drivers/STM32L4xx_HAL_Driver/Inc -I../Drivers/STM32L4xx_HAL_Driver/Inc/Legacy -I../Drivers/CMSIS/Device/ST/STM32L4xx/Include -I../Drivers/CMSIS/Include -I"C:/Users/Admin/STM32Cube/Repository/STM32Cube_FW_L4_V1.18.0/Drivers/BSP/B-L4S5I-IOT01" -O0 -ffunction-sections -fdata-sections -Wall -fstack-usage -fcyclomatic-complexity -MMD -MP -MF"Drivers/STM32L4xx_HAL_Driver/Src/stm32l4xx_hal_i2c.d" -MT"Drivers/STM32L4xx_HAL_Driver/Src/stm32l4xx_hal_i2c.o" --specs=nano.specs -mfpu=fpv4-sp-d16 -mfloat-abi=hard -mthumb -o "Drivers/STM32L4xx_HAL_Driver/Src/stm32l4xx_hal_i2c.o"
arm-none-eabi-gcc "../Drivers/STM32L4xx_HAL_Driver/Src/stm32l4xx_hal_i2c_ex.c" -mcpu=cortex-m4 -std=gnu11 -g3 -DDEBUG -DUSE_HAL_DRIVER -DSTM32L4S5xx -c -I"C:/Users/Admin/STM32Cube/Repository/STM32Cube_FW_L4_V1.18.0/Drivers/BSP/Components/hts221" -I"C:/Users/Admin/STM32Cube/Repository/STM32Cube_FW_L4_V1.18.0/Drivers/BSP/Components/lsm6dsl" -I"C:/Users/Admin/STM32Cube/Repository/STM32Cube_FW_L4_V1.18.0/Drivers/BSP/Components/lis3mdl" -I"C:/Users/Admin/STM32Cube/Repository/STM32Cube_FW_L4_V1.18.0/Drivers/BSP/Components/lps22hb" -I../Core/Inc -I../Drivers/STM32L4xx_HAL_Driver/Inc -I../Drivers/STM32L4xx_HAL_Driver/Inc/Legacy -I../Drivers/CMSIS/Device/ST/STM32L4xx/Include -I../Drivers/CMSIS/Include -I"C:/Users/Admin/STM32Cube/Repository/STM32Cube_FW_L4_V1.18.0/Drivers/BSP/B-L4S5I-IOT01" -O0 -ffunction-sections -fdata-sections -Wall -fstack-usage -fcyclomatic-complexity -MMD -MP -MF"Drivers/STM32L4xx_HAL_Driver/Src/stm32l4xx_hal_i2c_ex.d" -MT"Drivers/STM32L4xx_HAL_Driver/Src/stm32l4xx_hal_i2c_ex.o" --specs=nano.specs -mfpu=fpv4-sp-d16 -mfloat-abi=hard -mthumb -o "Drivers/STM32L4xx_HAL_Driver/Src/stm32l4xx_hal_i2c_ex.o"
arm-none-eabi-gcc "../Drivers/STM32L4xx_HAL_Driver/Src/stm32l4xx_hal_pwr.c" -mcpu=cortex-m4 -std=gnu11 -g3 -DDEBUG -DUSE_HAL_DRIVER -DSTM32L4S5xx -c -I"C:/Users/Admin/STM32Cube/Repository/STM32Cube_FW_L4_V1.18.0/Drivers/BSP/Components/hts221" -I"C:/Users/Admin/STM32Cube/Repository/STM32Cube_FW_L4_V1.18.0/Drivers/BSP/Components/lsm6dsl" -I"C:/Users/Admin/STM32Cube/Repository/STM32Cube_FW_L4_V1.18.0/Drivers/BSP/Components/lis3mdl" -I"C:/Users/Admin/STM32Cube/Repository/STM32Cube_FW_L4_V1.18.0/Drivers/BSP/Components/lps22hb" -I../Core/Inc -I../Drivers/STM32L4xx_HAL_Driver/Inc -I../Drivers/STM32L4xx_HAL_Driver/Inc/Legacy -I../Drivers/CMSIS/Device/ST/STM32L4xx/Include -I../Drivers/CMSIS/Include -I"C:/Users/Admin/STM32Cube/Repository/STM32Cube_FW_L4_V1.18.0/Drivers/BSP/B-L4S5I-IOT01" -O0 -ffunction-sections -fdata-sections -Wall -fstack-usage -fcyclomatic-complexity -MMD -MP -MF"Drivers/STM32L4xx_HAL_Driver/Src/stm32l4xx_hal_pwr.d" -MT"Drivers/STM32L4xx_HAL_Driver/Src/stm32l4xx_hal_pwr.o" --specs=nano.specs -mfpu=fpv4-sp-d16 -mfloat-abi=hard -mthumb -o "Drivers/STM32L4xx_HAL_Driver/Src/stm32l4xx_hal_pwr.o"
arm-none-eabi-gcc "../Drivers/STM32L4xx_HAL_Driver/Src/stm32l4xx_hal_pwr_ex.c" -mcpu=cortex-m4 -std=gnu11 -g3 -DDEBUG -DUSE_HAL_DRIVER -DSTM32L4S5xx -c -I"C:/Users/Admin/STM32Cube/Repository/STM32Cube_FW_L4_V1.18.0/Drivers/BSP/Components/hts221" -I"C:/Users/Admin/STM32Cube/Repository/STM32Cube_FW_L4_V1.18.0/Drivers/BSP/Components/lsm6dsl" -I"C:/Users/Admin/STM32Cube/Repository/STM32Cube_FW_L4_V1.18.0/Drivers/BSP/Components/lis3mdl" -I"C:/Users/Admin/STM32Cube/Repository/STM32Cube_FW_L4_V1.18.0/Drivers/BSP/Components/lps22hb" -I../Core/Inc -I../Drivers/STM32L4xx_HAL_Driver/Inc -I../Drivers/STM32L4xx_HAL_Driver/Inc/Legacy -I../Drivers/CMSIS/Device/ST/STM32L4xx/Include -I../Drivers/CMSIS/Include -I"C:/Users/Admin/STM32Cube/Repository/STM32Cube_FW_L4_V1.18.0/Drivers/BSP/B-L4S5I-IOT01" -O0 -ffunction-sections -fdata-sections -Wall -fstack-usage -fcyclomatic-complexity -MMD -MP -MF"Drivers/STM32L4xx_HAL_Driver/Src/stm32l4xx_hal_pwr_ex.d" -MT"Drivers/STM32L4xx_HAL_Driver/Src/stm32l4xx_hal_pwr_ex.o" --specs=nano.specs -mfpu=fpv4-sp-d16 -mfloat-abi=hard -mthumb -o "Drivers/STM32L4xx_HAL_Driver/Src/stm32l4xx_hal_pwr_ex.o"
arm-none-eabi-gcc "../Drivers/STM32L4xx_HAL_Driver/Src/stm32l4xx_hal_rcc.c" -mcpu=cortex-m4 -std=gnu11 -g3 -DDEBUG -DUSE_HAL_DRIVER -DSTM32L4S5xx -c -I"C:/Users/Admin/STM32Cube/Repository/STM32Cube_FW_L4_V1.18.0/Drivers/BSP/Components/hts221" -I"C:/Users/Admin/STM32Cube/Repository/STM32Cube_FW_L4_V1.18.0/Drivers/BSP/Components/lsm6dsl" -I"C:/Users/Admin/STM32Cube/Repository/STM32Cube_FW_L4_V1.18.0/Drivers/BSP/Components/lis3mdl" -I"C:/Users/Admin/STM32Cube/Repository/STM32Cube_FW_L4_V1.18.0/Drivers/BSP/Components/lps22hb" -I../Core/Inc -I../Drivers/STM32L4xx_HAL_Driver/Inc -I../Drivers/STM32L4xx_HAL_Driver/Inc/Legacy -I../Drivers/CMSIS/Device/ST/STM32L4xx/Include -I../Drivers/CMSIS/Include -I"C:/Users/Admin/STM32Cube/Repository/STM32Cube_FW_L4_V1.18.0/Drivers/BSP/B-L4S5I-IOT01" -O0 -ffunction-sections -fdata-sections -Wall -fstack-usage -fcyclomatic-complexity -MMD -MP -MF"Drivers/STM32L4xx_HAL_Driver/Src/stm32l4xx_hal_rcc.d" -MT"Drivers/STM32L4xx_HAL_Driver/Src/stm32l4xx_hal_rcc.o" --specs=nano.specs -mfpu=fpv4-sp-d16 -mfloat-abi=hard -mthumb -o "Drivers/STM32L4xx_HAL_Driver/Src/stm32l4xx_hal_rcc.o"
arm-none-eabi-gcc "../Drivers/STM32L4xx_HAL_Driver/Src/stm32l4xx_hal_rcc_ex.c" -mcpu=cortex-m4 -std=gnu11 -g3 -DDEBUG -DUSE_HAL_DRIVER -DSTM32L4S5xx -c -I"C:/Users/Admin/STM32Cube/Repository/STM32Cube_FW_L4_V1.18.0/Drivers/BSP/Components/hts221" -I"C:/Users/Admin/STM32Cube/Repository/STM32Cube_FW_L4_V1.18.0/Drivers/BSP/Components/lsm6dsl" -I"C:/Users/Admin/STM32Cube/Repository/STM32Cube_FW_L4_V1.18.0/Drivers/BSP/Components/lis3mdl" -I"C:/Users/Admin/STM32Cube/Repository/STM32Cube_FW_L4_V1.18.0/Drivers/BSP/Components/lps22hb" -I../Core/Inc -I../Drivers/STM32L4xx_HAL_Driver/Inc -I../Drivers/STM32L4xx_HAL_Driver/Inc/Legacy -I../Drivers/CMSIS/Device/ST/STM32L4xx/Include -I../Drivers/CMSIS/Include -I"C:/Users/Admin/STM32Cube/Repository/STM32Cube_FW_L4_V1.18.0/Drivers/BSP/B-L4S5I-IOT01" -O0 -ffunction-sections -fdata-sections -Wall -fstack-usage -fcyclomatic-complexity -MMD -MP -MF"Drivers/STM32L4xx_HAL_Driver/Src/stm32l4xx_hal_rcc_ex.d" -MT"Drivers/STM32L4xx_HAL_Driver/Src/stm32l4xx_hal_rcc_ex.o" --specs=nano.specs -mfpu=fpv4-sp-d16 -mfloat-abi=hard -mthumb -o "Drivers/STM32L4xx_HAL_Driver/Src/stm32l4xx_hal_rcc_ex.o"
arm-none-eabi-gcc "../Drivers/STM32L4xx_HAL_Driver/Src/stm32l4xx_hal_tim.c" -mcpu=cortex-m4 -std=gnu11 -g3 -DDEBUG -DUSE_HAL_DRIVER -DSTM32L4S5xx -c -I"C:/Users/Admin/STM32Cube/Repository/STM32Cube_FW_L4_V1.18.0/Drivers/BSP/Components/hts221" -I"C:/Users/Admin/STM32Cube/Repository/STM32Cube_FW_L4_V1.18.0/Drivers/BSP/Components/lsm6dsl" -I"C:/Users/Admin/STM32Cube/Repository/STM32Cube_FW_L4_V1.18.0/Drivers/BSP/Components/lis3mdl" -I"C:/Users/Admin/STM32Cube/Repository/STM32Cube_FW_L4_V1.18.0/Drivers/BSP/Components/lps22hb" -I../Core/Inc -I../Drivers/STM32L4xx_HAL_Driver/Inc -I../Drivers/STM32L4xx_HAL_Driver/Inc/Legacy -I../Drivers/CMSIS/Device/ST/STM32L4xx/Include -I../Drivers/CMSIS/Include -I"C:/Users/Admin/STM32Cube/Repository/STM32Cube_FW_L4_V1.18.0/Drivers/BSP/B-L4S5I-IOT01" -O0 -ffunction-sections -fdata-sections -Wall -fstack-usage -fcyclomatic-complexity -MMD -MP -MF"Drivers/STM32L4xx_HAL_Driver/Src/stm32l4xx_hal_tim.d" -MT"Drivers/STM32L4xx_HAL_Driver/Src/stm32l4xx_hal_tim.o" --specs=nano.specs -mfpu=fpv4-sp-d16 -mfloat-abi=hard -mthumb -o "Drivers/STM32L4xx_HAL_Driver/Src/stm32l4xx_hal_tim.o"
arm-none-eabi-gcc "../Drivers/STM32L4xx_HAL_Driver/Src/stm32l4xx_hal_tim_ex.c" -mcpu=cortex-m4 -std=gnu11 -g3 -DDEBUG -DUSE_HAL_DRIVER -DSTM32L4S5xx -c -I"C:/Users/Admin/STM32Cube/Repository/STM32Cube_FW_L4_V1.18.0/Drivers/BSP/Components/hts221" -I"C:/Users/Admin/STM32Cube/Repository/STM32Cube_FW_L4_V1.18.0/Drivers/BSP/Components/lsm6dsl" -I"C:/Users/Admin/STM32Cube/Repository/STM32Cube_FW_L4_V1.18.0/Drivers/BSP/Components/lis3mdl" -I"C:/Users/Admin/STM32Cube/Repository/STM32Cube_FW_L4_V1.18.0/Drivers/BSP/Components/lps22hb" -I../Core/Inc -I../Drivers/STM32L4xx_HAL_Driver/Inc -I../Drivers/STM32L4xx_HAL_Driver/Inc/Legacy -I../Drivers/CMSIS/Device/ST/STM32L4xx/Include -I../Drivers/CMSIS/Include -I"C:/Users/Admin/STM32Cube/Repository/STM32Cube_FW_L4_V1.18.0/Drivers/BSP/B-L4S5I-IOT01" -O0 -ffunction-sections -fdata-sections -Wall -fstack-usage -fcyclomatic-complexity -MMD -MP -MF"Drivers/STM32L4xx_HAL_Driver/Src/stm32l4xx_hal_tim_ex.d" -MT"Drivers/STM32L4xx_HAL_Driver/Src/stm32l4xx_hal_tim_ex.o" --specs=nano.specs -mfpu=fpv4-sp-d16 -mfloat-abi=hard -mthumb -o "Drivers/STM32L4xx_HAL_Driver/Src/stm32l4xx_hal_tim_ex.o"
arm-none-eabi-gcc "../Drivers/STM32L4xx_HAL_Driver/Src/stm32l4xx_hal_uart.c" -mcpu=cortex-m4 -std=gnu11 -g3 -DDEBUG -DUSE_HAL_DRIVER -DSTM32L4S5xx -c -I"C:/Users/Admin/STM32Cube/Repository/STM32Cube_FW_L4_V1.18.0/Drivers/BSP/Components/hts221" -I"C:/Users/Admin/STM32Cube/Repository/STM32Cube_FW_L4_V1.18.0/Drivers/BSP/Components/lsm6dsl" -I"C:/Users/Admin/STM32Cube/Repository/STM32Cube_FW_L4_V1.18.0/Drivers/BSP/Components/lis3mdl" -I"C:/Users/Admin/STM32Cube/Repository/STM32Cube_FW_L4_V1.18.0/Drivers/BSP/Components/lps22hb" -I../Core/Inc -I../Drivers/STM32L4xx_HAL_Driver/Inc -I../Drivers/STM32L4xx_HAL_Driver/Inc/Legacy -I../Drivers/CMSIS/Device/ST/STM32L4xx/Include -I../Drivers/CMSIS/Include -I"C:/Users/Admin/STM32Cube/Repository/STM32Cube_FW_L4_V1.18.0/Drivers/BSP/B-L4S5I-IOT01" -O0 -ffunction-sections -fdata-sections -Wall -fstack-usage -fcyclomatic-complexity -MMD -MP -MF"Drivers/STM32L4xx_HAL_Driver/Src/stm32l4xx_hal_uart.d" -MT"Drivers/STM32L4xx_HAL_Driver/Src/stm32l4xx_hal_uart.o" --specs=nano.specs -mfpu=fpv4-sp-d16 -mfloat-abi=hard -mthumb -o "Drivers/STM32L4xx_HAL_Driver/Src/stm32l4xx_hal_uart.o"
arm-none-eabi-gcc "../Drivers/STM32L4xx_HAL_Driver/Src/stm32l4xx_hal_uart_ex.c" -mcpu=cortex-m4 -std=gnu11 -g3 -DDEBUG -DUSE_HAL_DRIVER -DSTM32L4S5xx -c -I"C:/Users/Admin/STM32Cube/Repository/STM32Cube_FW_L4_V1.18.0/Drivers/BSP/Components/hts221" -I"C:/Users/Admin/STM32Cube/Repository/STM32Cube_FW_L4_V1.18.0/Drivers/BSP/Components/lsm6dsl" -I"C:/Users/Admin/STM32Cube/Repository/STM32Cube_FW_L4_V1.18.0/Drivers/BSP/Components/lis3mdl" -I"C:/Users/Admin/STM32Cube/Repository/STM32Cube_FW_L4_V1.18.0/Drivers/BSP/Components/lps22hb" -I../Core/Inc -I../Drivers/STM32L4xx_HAL_Driver/Inc -I../Drivers/STM32L4xx_HAL_Driver/Inc/Legacy -I../Drivers/CMSIS/Device/ST/STM32L4xx/Include -I../Drivers/CMSIS/Include -I"C:/Users/Admin/STM32Cube/Repository/STM32Cube_FW_L4_V1.18.0/Drivers/BSP/B-L4S5I-IOT01" -O0 -ffunction-sections -fdata-sections -Wall -fstack-usage -fcyclomatic-complexity -MMD -MP -MF"Drivers/STM32L4xx_HAL_Driver/Src/stm32l4xx_hal_uart_ex.d" -MT"Drivers/STM32L4xx_HAL_Driver/Src/stm32l4xx_hal_uart_ex.o" --specs=nano.specs -mfpu=fpv4-sp-d16 -mfloat-abi=hard -mthumb -o "Drivers/STM32L4xx_HAL_Driver/Src/stm32l4xx_hal_uart_ex.o"
arm-none-eabi-gcc "../Drivers/BSP/Components/lsm6dsl/lsm6dsl.c" -mcpu=cortex-m4 -std=gnu11 -g3 -DDEBUG -DUSE_HAL_DRIVER -DSTM32L4S5xx -c -I"C:/Users/Admin/STM32Cube/Repository/STM32Cube_FW_L4_V1.18.0/Drivers/BSP/Components/hts221" -I"C:/Users/Admin/STM32Cube/Repository/STM32Cube_FW_L4_V1.18.0/Drivers/BSP/Components/lsm6dsl" -I"C:/Users/Admin/STM32Cube/Repository/STM32Cube_FW_L4_V1.18.0/Drivers/BSP/Components/lis3mdl" -I"C:/Users/Admin/STM32Cube/Repository/STM32Cube_FW_L4_V1.18.0/Drivers/BSP/Components/lps22hb" -I../Core/Inc -I../Drivers/STM32L4xx_HAL_Driver/Inc -I../Drivers/STM32L4xx_HAL_Driver/Inc/Legacy -I../Drivers/CMSIS/Device/ST/STM32L4xx/Include -I../Drivers/CMSIS/Include -I"C:/Users/Admin/STM32Cube/Repository/STM32Cube_FW_L4_V1.18.0/Drivers/BSP/B-L4S5I-IOT01" -O0 -ffunction-sections -fdata-sections -Wall -fstack-usage -fcyclomatic-complexity -MMD -MP -MF"Drivers/BSP/Components/lsm6dsl/lsm6dsl.d" -MT"Drivers/BSP/Components/lsm6dsl/lsm6dsl.o" --specs=nano.specs -mfpu=fpv4-sp-d16 -mfloat-abi=hard -mthumb -o "Drivers/BSP/Components/lsm6dsl/lsm6dsl.o"
arm-none-eabi-gcc "../Drivers/BSP/Components/lps22hb/lps22hb.c" -mcpu=cortex-m4 -std=gnu11 -g3 -DDEBUG -DUSE_HAL_DRIVER -DSTM32L4S5xx -c -I"C:/Users/Admin/STM32Cube/Repository/STM32Cube_FW_L4_V1.18.0/Drivers/BSP/Components/hts221" -I"C:/Users/Admin/STM32Cube/Repository/STM32Cube_FW_L4_V1.18.0/Drivers/BSP/Components/lsm6dsl" -I"C:/Users/Admin/STM32Cube/Repository/STM32Cube_FW_L4_V1.18.0/Drivers/BSP/Components/lis3mdl" -I"C:/Users/Admin/STM32Cube/Repository/STM32Cube_FW_L4_V1.18.0/Drivers/BSP/Components/lps22hb" -I../Core/Inc -I../Drivers/STM32L4xx_HAL_Driver/Inc -I../Drivers/STM32L4xx_HAL_Driver/Inc/Legacy -I../Drivers/CMSIS/Device/ST/STM32L4xx/Include -I../Drivers/CMSIS/Include -I"C:/Users/Admin/STM32Cube/Repository/STM32Cube_FW_L4_V1.18.0/Drivers/BSP/B-L4S5I-IOT01" -O0 -ffunction-sections -fdata-sections -Wall -fstack-usage -fcyclomatic-complexity -MMD -MP -MF"Drivers/BSP/Components/lps22hb/lps22hb.d" -MT"Drivers/BSP/Components/lps22hb/lps22hb.o" --specs=nano.specs -mfpu=fpv4-sp-d16 -mfloat-abi=hard -mthumb -o "Drivers/BSP/Components/lps22hb/lps22hb.o"
arm-none-eabi-gcc "../Drivers/BSP/Components/lis3mdl/lis3mdl.c" -mcpu=cortex-m4 -std=gnu11 -g3 -DDEBUG -DUSE_HAL_DRIVER -DSTM32L4S5xx -c -I"C:/Users/Admin/STM32Cube/Repository/STM32Cube_FW_L4_V1.18.0/Drivers/BSP/Components/hts221" -I"C:/Users/Admin/STM32Cube/Repository/STM32Cube_FW_L4_V1.18.0/Drivers/BSP/Components/lsm6dsl" -I"C:/Users/Admin/STM32Cube/Repository/STM32Cube_FW_L4_V1.18.0/Drivers/BSP/Components/lis3mdl" -I"C:/Users/Admin/STM32Cube/Repository/STM32Cube_FW_L4_V1.18.0/Drivers/BSP/Components/lps22hb" -I../Core/Inc -I../Drivers/STM32L4xx_HAL_Driver/Inc -I../Drivers/STM32L4xx_HAL_Driver/Inc/Legacy -I../Drivers/CMSIS/Device/ST/STM32L4xx/Include -I../Drivers/CMSIS/Include -I"C:/Users/Admin/STM32Cube/Repository/STM32Cube_FW_L4_V1.18.0/Drivers/BSP/B-L4S5I-IOT01" -O0 -ffunction-sections -fdata-sections -Wall -fstack-usage -fcyclomatic-complexity -MMD -MP -MF"Drivers/BSP/Components/lis3mdl/lis3mdl.d" -MT"Drivers/BSP/Components/lis3mdl/lis3mdl.o" --specs=nano.specs -mfpu=fpv4-sp-d16 -mfloat-abi=hard -mthumb -o "Drivers/BSP/Components/lis3mdl/lis3mdl.o"
arm-none-eabi-gcc "../Drivers/BSP/Components/hts221/hts221.c" -mcpu=cortex-m4 -std=gnu11 -g3 -DDEBUG -DUSE_HAL_DRIVER -DSTM32L4S5xx -c -I"C:/Users/Admin/STM32Cube/Repository/STM32Cube_FW_L4_V1.18.0/Drivers/BSP/Components/hts221" -I"C:/Users/Admin/STM32Cube/Repository/STM32Cube_FW_L4_V1.18.0/Drivers/BSP/Components/lsm6dsl" -I"C:/Users/Admin/STM32Cube/Repository/STM32Cube_FW_L4_V1.18.0/Drivers/BSP/Components/lis3mdl" -I"C:/Users/Admin/STM32Cube/Repository/STM32Cube_FW_L4_V1.18.0/Drivers/BSP/Components/lps22hb" -I../Core/Inc -I../Drivers/STM32L4xx_HAL_Driver/Inc -I../Drivers/STM32L4xx_HAL_Driver/Inc/Legacy -I../Drivers/CMSIS/Device/ST/STM32L4xx/Include -I../Drivers/CMSIS/Include -I"C:/Users/Admin/STM32Cube/Repository/STM32Cube_FW_L4_V1.18.0/Drivers/BSP/B-L4S5I-IOT01" -O0 -ffunction-sections -fdata-sections -Wall -fstack-usage -fcyclomatic-complexity -MMD -MP -MF"Drivers/BSP/Components/hts221/hts221.d" -MT"Drivers/BSP/Components/hts221/hts221.o" --specs=nano.specs -mfpu=fpv4-sp-d16 -mfloat-abi=hard -mthumb -o "Drivers/BSP/Components/hts221/hts221.o"
arm-none-eabi-gcc "../Drivers/BSP/B-L4S5I-IOT01/stm32l4s5i_iot01.c" -mcpu=cortex-m4 -std=gnu11 -g3 -DDEBUG -DUSE_HAL_DRIVER -DSTM32L4S5xx -c -I"C:/Users/Admin/STM32Cube/Repository/STM32Cube_FW_L4_V1.18.0/Drivers/BSP/Components/hts221" -I"C:/Users/Admin/STM32Cube/Repository/STM32Cube_FW_L4_V1.18.0/Drivers/BSP/Components/lsm6dsl" -I"C:/Users/Admin/STM32Cube/Repository/STM32Cube_FW_L4_V1.18.0/Drivers/BSP/Components/lis3mdl" -I"C:/Users/Admin/STM32Cube/Repository/STM32Cube_FW_L4_V1.18.0/Drivers/BSP/Components/lps22hb" -I../Core/Inc -I../Drivers/STM32L4xx_HAL_Driver/Inc -I../Drivers/STM32L4xx_HAL_Driver/Inc/Legacy -I../Drivers/CMSIS/Device/ST/STM32L4xx/Include -I../Drivers/CMSIS/Include -I"C:/Users/Admin/STM32Cube/Repository/STM32Cube_FW_L4_V1.18.0/Drivers/BSP/B-L4S5I-IOT01" -O0 -ffunction-sections -fdata-sections -Wall -fstack-usage -fcyclomatic-complexity -MMD -MP -MF"Drivers/BSP/B-L4S5I-IOT01/stm32l4s5i_iot01.d" -MT"Drivers/BSP/B-L4S5I-IOT01/stm32l4s5i_iot01.o" --specs=nano.specs -mfpu=fpv4-sp-d16 -mfloat-abi=hard -mthumb -o "Drivers/BSP/B-L4S5I-IOT01/stm32l4s5i_iot01.o"
arm-none-eabi-gcc "../Drivers/BSP/B-L4S5I-IOT01/stm32l4s5i_iot01_accelero.c" -mcpu=cortex-m4 -std=gnu11 -g3 -DDEBUG -DUSE_HAL_DRIVER -DSTM32L4S5xx -c -I"C:/Users/Admin/STM32Cube/Repository/STM32Cube_FW_L4_V1.18.0/Drivers/BSP/Components/hts221" -I"C:/Users/Admin/STM32Cube/Repository/STM32Cube_FW_L4_V1.18.0/Drivers/BSP/Components/lsm6dsl" -I"C:/Users/Admin/STM32Cube/Repository/STM32Cube_FW_L4_V1.18.0/Drivers/BSP/Components/lis3mdl" -I"C:/Users/Admin/STM32Cube/Repository/STM32Cube_FW_L4_V1.18.0/Drivers/BSP/Components/lps22hb" -I../Core/Inc -I../Drivers/STM32L4xx_HAL_Driver/Inc -I../Drivers/STM32L4xx_HAL_Driver/Inc/Legacy -I../Drivers/CMSIS/Device/ST/STM32L4xx/Include -I../Drivers/CMSIS/Include -I"C:/Users/Admin/STM32Cube/Repository/STM32Cube_FW_L4_V1.18.0/Drivers/BSP/B-L4S5I-IOT01" -O0 -ffunction-sections -fdata-sections -Wall -fstack-usage -fcyclomatic-complexity -MMD -MP -MF"Drivers/BSP/B-L4S5I-IOT01/stm32l4s5i_iot01_accelero.d" -MT"Drivers/BSP/B-L4S5I-IOT01/stm32l4s5i_iot01_accelero.o" --specs=nano.specs -mfpu=fpv4-sp-d16 -mfloat-abi=hard -mthumb -o "Drivers/BSP/B-L4S5I-IOT01/stm32l4s5i_iot01_accelero.o"
arm-none-eabi-gcc "../Drivers/BSP/B-L4S5I-IOT01/stm32l4s5i_iot01_gyro.c" -mcpu=cortex-m4 -std=gnu11 -g3 -DDEBUG -DUSE_HAL_DRIVER -DSTM32L4S5xx -c -I"C:/Users/Admin/STM32Cube/Repository/STM32Cube_FW_L4_V1.18.0/Drivers/BSP/Components/hts221" -I"C:/Users/Admin/STM32Cube/Repository/STM32Cube_FW_L4_V1.18.0/Drivers/BSP/Components/lsm6dsl" -I"C:/Users/Admin/STM32Cube/Repository/STM32Cube_FW_L4_V1.18.0/Drivers/BSP/Components/lis3mdl" -I"C:/Users/Admin/STM32Cube/Repository/STM32Cube_FW_L4_V1.18.0/Drivers/BSP/Components/lps22hb" -I../Core/Inc -I../Drivers/STM32L4xx_HAL_Driver/Inc -I../Drivers/STM32L4xx_HAL_Driver/Inc/Legacy -I../Drivers/CMSIS/Device/ST/STM32L4xx/Include -I../Drivers/CMSIS/Include -I"C:/Users/Admin/STM32Cube/Repository/STM32Cube_FW_L4_V1.18.0/Drivers/BSP/B-L4S5I-IOT01" -O0 -ffunction-sections -fdata-sections -Wall -fstack-usage -fcyclomatic-complexity -MMD -MP -MF"Drivers/BSP/B-L4S5I-IOT01/stm32l4s5i_iot01_gyro.d" -MT"Drivers/BSP/B-L4S5I-IOT01/stm32l4s5i_iot01_gyro.o" --specs=nano.specs -mfpu=fpv4-sp-d16 -mfloat-abi=hard -mthumb -o "Drivers/BSP/B-L4S5I-IOT01/stm32l4s5i_iot01_gyro.o"
arm-none-eabi-gcc "../Drivers/BSP/B-L4S5I-IOT01/stm32l4s5i_iot01_hsensor.c" -mcpu=cortex-m4 -std=gnu11 -g3 -DDEBUG -DUSE_HAL_DRIVER -DSTM32L4S5xx -c -I"C:/Users/Admin/STM32Cube/Repository/STM32Cube_FW_L4_V1.18.0/Drivers/BSP/Components/hts221" -I"C:/Users/Admin/STM32Cube/Repository/STM32Cube_FW_L4_V1.18.0/Drivers/BSP/Components/lsm6dsl" -I"C:/Users/Admin/STM32Cube/Repository/STM32Cube_FW_L4_V1.18.0/Drivers/BSP/Components/lis3mdl" -I"C:/Users/Admin/STM32Cube/Repository/STM32Cube_FW_L4_V1.18.0/Drivers/BSP/Components/lps22hb" -I../Core/Inc -I../Drivers/STM32L4xx_HAL_Driver/Inc -I../Drivers/STM32L4xx_HAL_Driver/Inc/Legacy -I../Drivers/CMSIS/Device/ST/STM32L4xx/Include -I../Drivers/CMSIS/Include -I"C:/Users/Admin/STM32Cube/Repository/STM32Cube_FW_L4_V1.18.0/Drivers/BSP/B-L4S5I-IOT01" -O0 -ffunction-sections -fdata-sections -Wall -fstack-usage -fcyclomatic-complexity -MMD -MP -MF"Drivers/BSP/B-L4S5I-IOT01/stm32l4s5i_iot01_hsensor.d" -MT"Drivers/BSP/B-L4S5I-IOT01/stm32l4s5i_iot01_hsensor.o" --specs=nano.specs -mfpu=fpv4-sp-d16 -mfloat-abi=hard -mthumb -o "Drivers/BSP/B-L4S5I-IOT01/stm32l4s5i_iot01_hsensor.o"
arm-none-eabi-gcc "../Drivers/BSP/B-L4S5I-IOT01/stm32l4s5i_iot01_magneto.c" -mcpu=cortex-m4 -std=gnu11 -g3 -DDEBUG -DUSE_HAL_DRIVER -DSTM32L4S5xx -c -I"C:/Users/Admin/STM32Cube/Repository/STM32Cube_FW_L4_V1.18.0/Drivers/BSP/Components/hts221" -I"C:/Users/Admin/STM32Cube/Repository/STM32Cube_FW_L4_V1.18.0/Drivers/BSP/Components/lsm6dsl" -I"C:/Users/Admin/STM32Cube/Repository/STM32Cube_FW_L4_V1.18.0/Drivers/BSP/Components/lis3mdl" -I"C:/Users/Admin/STM32Cube/Repository/STM32Cube_FW_L4_V1.18.0/Drivers/BSP/Components/lps22hb" -I../Core/Inc -I../Drivers/STM32L4xx_HAL_Driver/Inc -I../Drivers/STM32L4xx_HAL_Driver/Inc/Legacy -I../Drivers/CMSIS/Device/ST/STM32L4xx/Include -I../Drivers/CMSIS/Include -I"C:/Users/Admin/STM32Cube/Repository/STM32Cube_FW_L4_V1.18.0/Drivers/BSP/B-L4S5I-IOT01" -O0 -ffunction-sections -fdata-sections -Wall -fstack-usage -fcyclomatic-complexity -MMD -MP -MF"Drivers/BSP/B-L4S5I-IOT01/stm32l4s5i_iot01_magneto.d" -MT"Drivers/BSP/B-L4S5I-IOT01/stm32l4s5i_iot01_magneto.o" --specs=nano.specs -mfpu=fpv4-sp-d16 -mfloat-abi=hard -mthumb -o "Drivers/BSP/B-L4S5I-IOT01/stm32l4s5i_iot01_magneto.o"
arm-none-eabi-gcc -mcpu=cortex-m4 -g3 -DDEBUG -c -x assembler-with-cpp -MMD -MP -MF"Core/Startup/startup_stm32l4s5vitx.d" -MT"Core/Startup/startup_stm32l4s5vitx.o" --specs=nano.specs -mfpu=fpv4-sp-d16 -mfloat-abi=hard -mthumb -o "Core/Startup/startup_stm32l4s5vitx.o" "../Core/Startup/startup_stm32l4s5vitx.s"
arm-none-eabi-gcc "../Core/Src/main.c" -mcpu=cortex-m4 -std=gnu11 -g3 -DDEBUG -DUSE_HAL_DRIVER -DSTM32L4S5xx -c -I"C:/Users/Admin/STM32Cube/Repository/STM32Cube_FW_L4_V1.18.0/Drivers/BSP/Components/hts221" -I"C:/Users/Admin/STM32Cube/Repository/STM32Cube_FW_L4_V1.18.0/Drivers/BSP/Components/lsm6dsl" -I"C:/Users/Admin/STM32Cube/Repository/STM32Cube_FW_L4_V1.18.0/Drivers/BSP/Components/lis3mdl" -I"C:/Users/Admin/STM32Cube/Repository/STM32Cube_FW_L4_V1.18.0/Drivers/BSP/Components/lps22hb" -I../Core/Inc -I../Drivers/STM32L4xx_HAL_Driver/Inc -I../Drivers/STM32L4xx_HAL_Driver/Inc/Legacy -I../Drivers/CMSIS/Device/ST/STM32L4xx/Include -I../Drivers/CMSIS/Include -I"C:/Users/Admin/STM32Cube/Repository/STM32Cube_FW_L4_V1.18.0/Drivers/BSP/B-L4S5I-IOT01" -O0 -ffunction-sections -fdata-sections -Wall -fstack-usage -fcyclomatic-complexity -MMD -MP -MF"Core/Src/main.d" -MT"Core/Src/main.o" --specs=nano.specs -mfpu=fpv4-sp-d16 -mfloat-abi=hard -mthumb -o "Core/Src/main.o"
arm-none-eabi-gcc "../Core/Src/stm32l4xx_hal_msp.c" -mcpu=cortex-m4 -std=gnu11 -g3 -DDEBUG -DUSE_HAL_DRIVER -DSTM32L4S5xx -c -I"C:/Users/Admin/STM32Cube/Repository/STM32Cube_FW_L4_V1.18.0/Drivers/BSP/Components/hts221" -I"C:/Users/Admin/STM32Cube/Repository/STM32Cube_FW_L4_V1.18.0/Drivers/BSP/Components/lsm6dsl" -I"C:/Users/Admin/STM32Cube/Repository/STM32Cube_FW_L4_V1.18.0/Drivers/BSP/Components/lis3mdl" -I"C:/Users/Admin/STM32Cube/Repository/STM32Cube_FW_L4_V1.18.0/Drivers/BSP/Components/lps22hb" -I../Core/Inc -I../Drivers/STM32L4xx_HAL_Driver/Inc -I../Drivers/STM32L4xx_HAL_Driver/Inc/Legacy -I../Drivers/CMSIS/Device/ST/STM32L4xx/Include -I../Drivers/CMSIS/Include -I"C:/Users/Admin/STM32Cube/Repository/STM32Cube_FW_L4_V1.18.0/Drivers/BSP/B-L4S5I-IOT01" -O0 -ffunction-sections -fdata-sections -Wall -fstack-usage -fcyclomatic-complexity -MMD -MP -MF"Core/Src/stm32l4xx_hal_msp.d" -MT"Core/Src/stm32l4xx_hal_msp.o" --specs=nano.specs -mfpu=fpv4-sp-d16 -mfloat-abi=hard -mthumb -o "Core/Src/stm32l4xx_hal_msp.o"
arm-none-eabi-gcc "../Core/Src/stm32l4xx_it.c" -mcpu=cortex-m4 -std=gnu11 -g3 -DDEBUG -DUSE_HAL_DRIVER -DSTM32L4S5xx -c -I"C:/Users/Admin/STM32Cube/Repository/STM32Cube_FW_L4_V1.18.0/Drivers/BSP/Components/hts221" -I"C:/Users/Admin/STM32Cube/Repository/STM32Cube_FW_L4_V1.18.0/Drivers/BSP/Components/lsm6dsl" -I"C:/Users/Admin/STM32Cube/Repository/STM32Cube_FW_L4_V1.18.0/Drivers/BSP/Components/lis3mdl" -I"C:/Users/Admin/STM32Cube/Repository/STM32Cube_FW_L4_V1.18.0/Drivers/BSP/Components/lps22hb" -I../Core/Inc -I../Drivers/STM32L4xx_HAL_Driver/Inc -I../Drivers/STM32L4xx_HAL_Driver/Inc/Legacy -I../Drivers/CMSIS/Device/ST/STM32L4xx/Include -I../Drivers/CMSIS/Include -I"C:/Users/Admin/STM32Cube/Repository/STM32Cube_FW_L4_V1.18.0/Drivers/BSP/B-L4S5I-IOT01" -O0 -ffunction-sections -fdata-sections -Wall -fstack-usage -fcyclomatic-complexity -MMD -MP -MF"Core/Src/stm32l4xx_it.d" -MT"Core/Src/stm32l4xx_it.o" --specs=nano.specs -mfpu=fpv4-sp-d16 -mfloat-abi=hard -mthumb -o "Core/Src/stm32l4xx_it.o"
arm-none-eabi-gcc "../Core/Src/syscalls.c" -mcpu=cortex-m4 -std=gnu11 -g3 -DDEBUG -DUSE_HAL_DRIVER -DSTM32L4S5xx -c -I"C:/Users/Admin/STM32Cube/Repository/STM32Cube_FW_L4_V1.18.0/Drivers/BSP/Components/hts221" -I"C:/Users/Admin/STM32Cube/Repository/STM32Cube_FW_L4_V1.18.0/Drivers/BSP/Components/lsm6dsl" -I"C:/Users/Admin/STM32Cube/Repository/STM32Cube_FW_L4_V1.18.0/Drivers/BSP/Components/lis3mdl" -I"C:/Users/Admin/STM32Cube/Repository/STM32Cube_FW_L4_V1.18.0/Drivers/BSP/Components/lps22hb" -I../Core/Inc -I../Drivers/STM32L4xx_HAL_Driver/Inc -I../Drivers/STM32L4xx_HAL_Driver/Inc/Legacy -I../Drivers/CMSIS/Device/ST/STM32L4xx/Include -I../Drivers/CMSIS/Include -I"C:/Users/Admin/STM32Cube/Repository/STM32Cube_FW_L4_V1.18.0/Drivers/BSP/B-L4S5I-IOT01" -O0 -ffunction-sections -fdata-sections -Wall -fstack-usage -fcyclomatic-complexity -MMD -MP -MF"Core/Src/syscalls.d" -MT"Core/Src/syscalls.o" --specs=nano.specs -mfpu=fpv4-sp-d16 -mfloat-abi=hard -mthumb -o "Core/Src/syscalls.o"
arm-none-eabi-gcc "../Core/Src/sysmem.c" -mcpu=cortex-m4 -std=gnu11 -g3 -DDEBUG -DUSE_HAL_DRIVER -DSTM32L4S5xx -c -I"C:/Users/Admin/STM32Cube/Repository/STM32Cube_FW_L4_V1.18.0/Drivers/BSP/Components/hts221" -I"C:/Users/Admin/STM32Cube/Repository/STM32Cube_FW_L4_V1.18.0/Drivers/BSP/Components/lsm6dsl" -I"C:/Users/Admin/STM32Cube/Repository/STM32Cube_FW_L4_V1.18.0/Drivers/BSP/Components/lis3mdl" -I"C:/Users/Admin/STM32Cube/Repository/STM32Cube_FW_L4_V1.18.0/Drivers/BSP/Components/lps22hb" -I../Core/Inc -I../Drivers/STM32L4xx_HAL_Driver/Inc -I../Drivers/STM32L4xx_HAL_Driver/Inc/Legacy -I../Drivers/CMSIS/Device/ST/STM32L4xx/Include -I../Drivers/CMSIS/Include -I"C:/Users/Admin/STM32Cube/Repository/STM32Cube_FW_L4_V1.18.0/Drivers/BSP/B-L4S5I-IOT01" -O0 -ffunction-sections -fdata-sections -Wall -fstack-usage -fcyclomatic-complexity -MMD -MP -MF"Core/Src/sysmem.d" -MT"Core/Src/sysmem.o" --specs=nano.specs -mfpu=fpv4-sp-d16 -mfloat-abi=hard -mthumb -o "Core/Src/sysmem.o"
arm-none-eabi-gcc "../Core/Src/system_stm32l4xx.c" -mcpu=cortex-m4 -std=gnu11 -g3 -DDEBUG -DUSE_HAL_DRIVER -DSTM32L4S5xx -c -I"C:/Users/Admin/STM32Cube/Repository/STM32Cube_FW_L4_V1.18.0/Drivers/BSP/Components/hts221" -I"C:/Users/Admin/STM32Cube/Repository/STM32Cube_FW_L4_V1.18.0/Drivers/BSP/Components/lsm6dsl" -I"C:/Users/Admin/STM32Cube/Repository/STM32Cube_FW_L4_V1.18.0/Drivers/BSP/Components/lis3mdl" -I"C:/Users/Admin/STM32Cube/Repository/STM32Cube_FW_L4_V1.18.0/Drivers/BSP/Components/lps22hb" -I../Core/Inc -I../Drivers/STM32L4xx_HAL_Driver/Inc -I../Drivers/STM32L4xx_HAL_Driver/Inc/Legacy -I../Drivers/CMSIS/Device/ST/STM32L4xx/Include -I../Drivers/CMSIS/Include -I"C:/Users/Admin/STM32Cube/Repository/STM32Cube_FW_L4_V1.18.0/Drivers/BSP/B-L4S5I-IOT01" -O0 -ffunction-sections -fdata-sections -Wall -fstack-usage -fcyclomatic-complexity -MMD -MP -MF"Core/Src/system_stm32l4xx.d" -MT"Core/Src/system_stm32l4xx.o" --specs=nano.specs -mfpu=fpv4-sp-d16 -mfloat-abi=hard -mthumb -o "Core/Src/system_stm32l4xx.o"
../Core/Src/main.c: In function 'main':
../Core/Src/main.c:136:15: warning: unused variable 'humInt2' [-Wunused-variable]
  136 |           int humInt2 = trunc(humfrac * 100);
      |               ^~~~~~~
arm-none-eabi-gcc -o "Lab_4.elf" @"objects.list"  -larm_cortexM4lf_math -mcpu=cortex-m4 -T"C:\Users\Admin\OneDrive\Documents\GitHub\444\Lab_4\STM32L4S5VITX_FLASH.ld" --specs=nosys.specs -Wl,-Map="Lab_4.map" -Wl,--gc-sections -static -L"C:\Users\Admin\OneDrive\Documents\GitHub\444\Lab_4\Core\Lib" --specs=nano.specs -mfpu=fpv4-sp-d16 -mfloat-abi=hard -mthumb -Wl,--start-group -lc -lm -Wl,--end-group
Finished building target: Lab_4.elf
 
arm-none-eabi-size   Lab_4.elf 
arm-none-eabi-objdump -h -S  Lab_4.elf  > "Lab_4.list"
   text	   data	    bss	    dec	    hex	filename
  24764	    124	   2228	  27116	   69ec	Lab_4.elf
Finished building: default.size.stdout
 
Finished building: Lab_4.list
 
22:24:59 **** Incremental Build of configuration Debug for project Lab_4 ****
make -j12 all 
arm-none-eabi-size   Lab_4.elf 
   text	   data	    bss	    dec	    hex	filename
  24764	    124	   2228	  27116	   69ec	Lab_4.elf
Finished building: default.size.stdout
 
