18:53:15 **** Incremental Build of configuration Debug for project Lab_3 ****
make -j12 all 
arm-none-eabi-gcc "../Core/Src/main.c" -mcpu=cortex-m4 -std=gnu11 -g3 -DDEBUG -DUSE_HAL_DRIVER -DSTM32L4S5xx -c -I../Core/Inc -I../Drivers/STM32L4xx_HAL_Driver/Inc -I../Drivers/STM32L4xx_HAL_Driver/Inc/Legacy -I../Drivers/CMSIS/Device/ST/STM32L4xx/Include -I../Drivers/CMSIS/Include -O0 -ffunction-sections -fdata-sections -Wall -fstack-usage -fcyclomatic-complexity -MMD -MP -MF"Core/Src/main.d" -MT"Core/Src/main.o" --specs=nano.specs -mfpu=fpv4-sp-d16 -mfloat-abi=hard -mthumb -o "Core/Src/main.o"
../Core/Src/main.c: In function 'main':
../Core/Src/main.c:161:11: warning: assignment to 'uint16_t' {aka 'short unsigned int'} from 'uint16_t *' {aka 'short unsigned int *'} makes integer from pointer without a cast [-Wint-conversion]
  161 |   *note_0 = gen_notes(SIZE);
      |           ^
../Core/Src/main.c:162:11: warning: assignment to 'uint16_t' {aka 'short unsigned int'} from 'uint16_t *' {aka 'short unsigned int *'} makes integer from pointer without a cast [-Wint-conversion]
  162 |   *note_1 = gen_notes(SIZE*2);
      |           ^
../Core/Src/main.c:163:11: warning: assignment to 'uint16_t' {aka 'short unsigned int'} from 'uint16_t *' {aka 'short unsigned int *'} makes integer from pointer without a cast [-Wint-conversion]
  163 |   *note_2 = gen_notes(SIZE*4);
      |           ^
../Core/Src/main.c:164:11: warning: assignment to 'uint16_t' {aka 'short unsigned int'} from 'uint16_t *' {aka 'short unsigned int *'} makes integer from pointer without a cast [-Wint-conversion]
  164 |   *note_3 = gen_notes(SIZE*8);
      |           ^
../Core/Src/main.c:165:11: warning: assignment to 'uint16_t' {aka 'short unsigned int'} from 'uint16_t *' {aka 'short unsigned int *'} makes integer from pointer without a cast [-Wint-conversion]
  165 |   *note_4 = gen_notes(SIZE*16);
      |           ^
../Core/Src/main.c:166:11: warning: assignment to 'uint16_t' {aka 'short unsigned int'} from 'uint16_t *' {aka 'short unsigned int *'} makes integer from pointer without a cast [-Wint-conversion]
  166 |   *note_5 = gen_notes(SIZE*32);
      |           ^
../Core/Src/main.c:168:44: warning: passing argument 3 of 'HAL_DAC_Start_DMA' from incompatible pointer type [-Wincompatible-pointer-types]
  168 |   HAL_DAC_Start_DMA(&hdac1, DAC_CHANNEL_1, note_0, SIZE, DAC_ALIGN_12B_R);
      |                                            ^~~~~~
      |                                            |
      |                                            uint16_t * {aka short unsigned int *}
In file included from ../Core/Inc/stm32l4xx_hal_conf.h:302,
                 from ../Drivers/STM32L4xx_HAL_Driver/Inc/stm32l4xx_hal.h:29,
                 from ../Core/Inc/main.h:30,
                 from ../Core/Src/main.c:20:
../Drivers/STM32L4xx_HAL_Driver/Inc/stm32l4xx_hal_dac.h:534:90: note: expected 'uint32_t *' {aka 'long unsigned int *'} but argument is of type 'uint16_t *' {aka 'short unsigned int *'}
  534 | HAL_StatusTypeDef HAL_DAC_Start_DMA(DAC_HandleTypeDef *hdac, uint32_t Channel, uint32_t *pData, uint32_t Length,
      |                                                                                ~~~~~~~~~~^~~~~
../Core/Src/main.c: In function 'HAL_GPIO_EXTI_Callback':
../Core/Src/main.c:637:60: warning: pointer targets in passing argument 2 of 'HAL_DFSDM_FilterRegularStart_DMA' differ in signedness [-Wpointer-sign]
  637 |         HAL_DFSDM_FilterRegularStart_DMA(&hdfsdm1_filter0, audio, AUDIO_SIZE);  // Start recording
      |                                                            ^~~~~
      |                                                            |
      |                                                            uint32_t * {aka long unsigned int *}
In file included from ../Core/Inc/stm32l4xx_hal_conf.h:270,
                 from ../Drivers/STM32L4xx_HAL_Driver/Inc/stm32l4xx_hal.h:29,
                 from ../Core/Inc/main.h:30,
                 from ../Core/Src/main.c:20:
../Drivers/STM32L4xx_HAL_Driver/Inc/stm32l4xx_hal_dfsdm.h:701:104: note: expected 'int32_t *' {aka 'long int *'} but argument is of type 'uint32_t *' {aka 'long unsigned int *'}
  701 | HAL_StatusTypeDef HAL_DFSDM_FilterRegularStart_DMA(DFSDM_Filter_HandleTypeDef *hdfsdm_filter, int32_t *pData, uint32_t Length);
      |                                                                                               ~~~~~~~~~^~~~~
../Core/Src/main.c: In function 'gen_notes':
../Core/Src/main.c:677:38: warning: implicit declaration of function 'malloc' [-Wimplicit-function-declaration]
  677 |         uint16_t *arr = (uint16_t *) malloc(size*sizeof(uint16_t));
      |                                      ^~~~~~
../Core/Src/main.c:26:1: note: include '<stdlib.h>' or provide a declaration of 'malloc'
   25 | #include "arm_math.h"
  +++ |+#include <stdlib.h>
   26 | #include <math.h>
../Core/Src/main.c:677:38: warning: incompatible implicit declaration of built-in function 'malloc' [-Wbuiltin-declaration-mismatch]
  677 |         uint16_t *arr = (uint16_t *) malloc(size*sizeof(uint16_t));
      |                                      ^~~~~~
../Core/Src/main.c:677:38: note: include '<stdlib.h>' or provide a declaration of 'malloc'
arm-none-eabi-gcc -o "Lab_3.elf" @"objects.list"  -larm_cortexM4lf_math -mcpu=cortex-m4 -T"C:\Users\Admin\OneDrive\Documents\GitHub\444\Lab_3\STM32L4S5VITX_FLASH.ld" --specs=nosys.specs -Wl,-Map="Lab_3.map" -Wl,--gc-sections -static -L"C:\Users\Admin\OneDrive\Documents\GitHub\444\Lab_3\Core\Lib" --specs=nano.specs -mfpu=fpv4-sp-d16 -mfloat-abi=hard -mthumb -Wl,--start-group -lc -lm -Wl,--end-group
Finished building target: Lab_3.elf
 
arm-none-eabi-size   Lab_3.elf 
arm-none-eabi-objdump -h -S  Lab_3.elf  > "Lab_3.list"
   text	   data	    bss	    dec	    hex	filename
  24380	    100	 163092	 187572	  2dcb4	Lab_3.elf
Finished building: default.size.stdout
 
Finished building: Lab_3.list
 
18:53:25 **** Incremental Build of configuration Debug for project Lab_3 ****
make -j12 all 
arm-none-eabi-size   Lab_3.elf 
   text	   data	    bss	    dec	    hex	filename
  24380	    100	 163092	 187572	  2dcb4	Lab_3.elf
Finished building: default.size.stdout
 
18:54:18 **** Incremental Build of configuration Debug for project Lab_3 ****
make -j12 all 
arm-none-eabi-gcc "../Core/Src/main.c" -mcpu=cortex-m4 -std=gnu11 -g3 -DDEBUG -DUSE_HAL_DRIVER -DSTM32L4S5xx -c -I../Core/Inc -I../Drivers/STM32L4xx_HAL_Driver/Inc -I../Drivers/STM32L4xx_HAL_Driver/Inc/Legacy -I../Drivers/CMSIS/Device/ST/STM32L4xx/Include -I../Drivers/CMSIS/Include -O0 -ffunction-sections -fdata-sections -Wall -fstack-usage -fcyclomatic-complexity -MMD -MP -MF"Core/Src/main.d" -MT"Core/Src/main.o" --specs=nano.specs -mfpu=fpv4-sp-d16 -mfloat-abi=hard -mthumb -o "Core/Src/main.o"
../Core/Src/main.c: In function 'main':
../Core/Src/main.c:161:11: warning: assignment to 'uint16_t' {aka 'short unsigned int'} from 'uint16_t *' {aka 'short unsigned int *'} makes integer from pointer without a cast [-Wint-conversion]
  161 |   *note_0 = gen_notes(SIZE);
      |           ^
../Core/Src/main.c:162:11: warning: assignment to 'uint16_t' {aka 'short unsigned int'} from 'uint16_t *' {aka 'short unsigned int *'} makes integer from pointer without a cast [-Wint-conversion]
  162 |   *note_1 = gen_notes(SIZE*2);
      |           ^
../Core/Src/main.c:163:11: warning: assignment to 'uint16_t' {aka 'short unsigned int'} from 'uint16_t *' {aka 'short unsigned int *'} makes integer from pointer without a cast [-Wint-conversion]
  163 |   *note_2 = gen_notes(SIZE*4);
      |           ^
../Core/Src/main.c:164:11: warning: assignment to 'uint16_t' {aka 'short unsigned int'} from 'uint16_t *' {aka 'short unsigned int *'} makes integer from pointer without a cast [-Wint-conversion]
  164 |   *note_3 = gen_notes(SIZE*8);
      |           ^
../Core/Src/main.c:165:11: warning: assignment to 'uint16_t' {aka 'short unsigned int'} from 'uint16_t *' {aka 'short unsigned int *'} makes integer from pointer without a cast [-Wint-conversion]
  165 |   *note_4 = gen_notes(SIZE*16);
      |           ^
../Core/Src/main.c:166:11: warning: assignment to 'uint16_t' {aka 'short unsigned int'} from 'uint16_t *' {aka 'short unsigned int *'} makes integer from pointer without a cast [-Wint-conversion]
  166 |   *note_5 = gen_notes(SIZE*32);
      |           ^
../Core/Src/main.c:168:44: warning: passing argument 3 of 'HAL_DAC_Start_DMA' from incompatible pointer type [-Wincompatible-pointer-types]
  168 |   HAL_DAC_Start_DMA(&hdac1, DAC_CHANNEL_1, note_1, SIZE*2, DAC_ALIGN_12B_R);
      |                                            ^~~~~~
      |                                            |
      |                                            uint16_t * {aka short unsigned int *}
In file included from ../Core/Inc/stm32l4xx_hal_conf.h:302,
                 from ../Drivers/STM32L4xx_HAL_Driver/Inc/stm32l4xx_hal.h:29,
                 from ../Core/Inc/main.h:30,
                 from ../Core/Src/main.c:20:
../Drivers/STM32L4xx_HAL_Driver/Inc/stm32l4xx_hal_dac.h:534:90: note: expected 'uint32_t *' {aka 'long unsigned int *'} but argument is of type 'uint16_t *' {aka 'short unsigned int *'}
  534 | HAL_StatusTypeDef HAL_DAC_Start_DMA(DAC_HandleTypeDef *hdac, uint32_t Channel, uint32_t *pData, uint32_t Length,
      |                                                                                ~~~~~~~~~~^~~~~
../Core/Src/main.c: In function 'HAL_GPIO_EXTI_Callback':
../Core/Src/main.c:637:60: warning: pointer targets in passing argument 2 of 'HAL_DFSDM_FilterRegularStart_DMA' differ in signedness [-Wpointer-sign]
  637 |         HAL_DFSDM_FilterRegularStart_DMA(&hdfsdm1_filter0, audio, AUDIO_SIZE);  // Start recording
      |                                                            ^~~~~
      |                                                            |
      |                                                            uint32_t * {aka long unsigned int *}
In file included from ../Core/Inc/stm32l4xx_hal_conf.h:270,
                 from ../Drivers/STM32L4xx_HAL_Driver/Inc/stm32l4xx_hal.h:29,
                 from ../Core/Inc/main.h:30,
                 from ../Core/Src/main.c:20:
../Drivers/STM32L4xx_HAL_Driver/Inc/stm32l4xx_hal_dfsdm.h:701:104: note: expected 'int32_t *' {aka 'long int *'} but argument is of type 'uint32_t *' {aka 'long unsigned int *'}
  701 | HAL_StatusTypeDef HAL_DFSDM_FilterRegularStart_DMA(DFSDM_Filter_HandleTypeDef *hdfsdm_filter, int32_t *pData, uint32_t Length);
      |                                                                                               ~~~~~~~~~^~~~~
../Core/Src/main.c: In function 'gen_notes':
../Core/Src/main.c:677:38: warning: implicit declaration of function 'malloc' [-Wimplicit-function-declaration]
  677 |         uint16_t *arr = (uint16_t *) malloc(size*sizeof(uint16_t));
      |                                      ^~~~~~
../Core/Src/main.c:26:1: note: include '<stdlib.h>' or provide a declaration of 'malloc'
   25 | #include "arm_math.h"
  +++ |+#include <stdlib.h>
   26 | #include <math.h>
../Core/Src/main.c:677:38: warning: incompatible implicit declaration of built-in function 'malloc' [-Wbuiltin-declaration-mismatch]
  677 |         uint16_t *arr = (uint16_t *) malloc(size*sizeof(uint16_t));
      |                                      ^~~~~~
../Core/Src/main.c:677:38: note: include '<stdlib.h>' or provide a declaration of 'malloc'
arm-none-eabi-gcc -o "Lab_3.elf" @"objects.list"  -larm_cortexM4lf_math -mcpu=cortex-m4 -T"C:\Users\Admin\OneDrive\Documents\GitHub\444\Lab_3\STM32L4S5VITX_FLASH.ld" --specs=nosys.specs -Wl,-Map="Lab_3.map" -Wl,--gc-sections -static -L"C:\Users\Admin\OneDrive\Documents\GitHub\444\Lab_3\Core\Lib" --specs=nano.specs -mfpu=fpv4-sp-d16 -mfloat-abi=hard -mthumb -Wl,--start-group -lc -lm -Wl,--end-group
Finished building target: Lab_3.elf
 
arm-none-eabi-size   Lab_3.elf 
arm-none-eabi-objdump -h -S  Lab_3.elf  > "Lab_3.list"
   text	   data	    bss	    dec	    hex	filename
  24380	    100	 163092	 187572	  2dcb4	Lab_3.elf
Finished building: default.size.stdout
 
Finished building: Lab_3.list
 
19:01:47 **** Incremental Build of configuration Debug for project Lab_3 ****
make -j12 all 
arm-none-eabi-gcc "../Core/Src/main.c" -mcpu=cortex-m4 -std=gnu11 -g3 -DDEBUG -DUSE_HAL_DRIVER -DSTM32L4S5xx -c -I../Core/Inc -I../Drivers/STM32L4xx_HAL_Driver/Inc -I../Drivers/STM32L4xx_HAL_Driver/Inc/Legacy -I../Drivers/CMSIS/Device/ST/STM32L4xx/Include -I../Drivers/CMSIS/Include -O0 -ffunction-sections -fdata-sections -Wall -fstack-usage -fcyclomatic-complexity -MMD -MP -MF"Core/Src/main.d" -MT"Core/Src/main.o" --specs=nano.specs -mfpu=fpv4-sp-d16 -mfloat-abi=hard -mthumb -o "Core/Src/main.o"
../Core/Src/main.c: In function 'main':
../Core/Src/main.c:161:11: warning: assignment to 'uint16_t' {aka 'short unsigned int'} from 'uint16_t *' {aka 'short unsigned int *'} makes integer from pointer without a cast [-Wint-conversion]
  161 |   *note_0 = gen_notes(SIZE);
      |           ^
../Core/Src/main.c:162:11: warning: assignment to 'uint16_t' {aka 'short unsigned int'} from 'uint16_t *' {aka 'short unsigned int *'} makes integer from pointer without a cast [-Wint-conversion]
  162 |   *note_1 = gen_notes(SIZE*2);
      |           ^
../Core/Src/main.c:163:11: warning: assignment to 'uint16_t' {aka 'short unsigned int'} from 'uint16_t *' {aka 'short unsigned int *'} makes integer from pointer without a cast [-Wint-conversion]
  163 |   *note_2 = gen_notes(SIZE*4);
      |           ^
../Core/Src/main.c:164:11: warning: assignment to 'uint16_t' {aka 'short unsigned int'} from 'uint16_t *' {aka 'short unsigned int *'} makes integer from pointer without a cast [-Wint-conversion]
  164 |   *note_3 = gen_notes(SIZE*8);
      |           ^
../Core/Src/main.c:165:11: warning: assignment to 'uint16_t' {aka 'short unsigned int'} from 'uint16_t *' {aka 'short unsigned int *'} makes integer from pointer without a cast [-Wint-conversion]
  165 |   *note_4 = gen_notes(SIZE*16);
      |           ^
../Core/Src/main.c:166:11: warning: assignment to 'uint16_t' {aka 'short unsigned int'} from 'uint16_t *' {aka 'short unsigned int *'} makes integer from pointer without a cast [-Wint-conversion]
  166 |   *note_5 = gen_notes(SIZE*32);
      |           ^
../Core/Src/main.c:168:44: warning: passing argument 3 of 'HAL_DAC_Start_DMA' from incompatible pointer type [-Wincompatible-pointer-types]
  168 |   HAL_DAC_Start_DMA(&hdac1, DAC_CHANNEL_1, note_0, SIZE, DAC_ALIGN_12B_R);
      |                                            ^~~~~~
      |                                            |
      |                                            uint16_t * {aka short unsigned int *}
In file included from ../Core/Inc/stm32l4xx_hal_conf.h:302,
                 from ../Drivers/STM32L4xx_HAL_Driver/Inc/stm32l4xx_hal.h:29,
                 from ../Core/Inc/main.h:30,
                 from ../Core/Src/main.c:20:
../Drivers/STM32L4xx_HAL_Driver/Inc/stm32l4xx_hal_dac.h:534:90: note: expected 'uint32_t *' {aka 'long unsigned int *'} but argument is of type 'uint16_t *' {aka 'short unsigned int *'}
  534 | HAL_StatusTypeDef HAL_DAC_Start_DMA(DAC_HandleTypeDef *hdac, uint32_t Channel, uint32_t *pData, uint32_t Length,
      |                                                                                ~~~~~~~~~~^~~~~
../Core/Src/main.c: In function 'HAL_GPIO_EXTI_Callback':
../Core/Src/main.c:637:60: warning: pointer targets in passing argument 2 of 'HAL_DFSDM_FilterRegularStart_DMA' differ in signedness [-Wpointer-sign]
  637 |         HAL_DFSDM_FilterRegularStart_DMA(&hdfsdm1_filter0, audio, AUDIO_SIZE);  // Start recording
      |                                                            ^~~~~
      |                                                            |
      |                                                            uint32_t * {aka long unsigned int *}
In file included from ../Core/Inc/stm32l4xx_hal_conf.h:270,
                 from ../Drivers/STM32L4xx_HAL_Driver/Inc/stm32l4xx_hal.h:29,
                 from ../Core/Inc/main.h:30,
                 from ../Core/Src/main.c:20:
../Drivers/STM32L4xx_HAL_Driver/Inc/stm32l4xx_hal_dfsdm.h:701:104: note: expected 'int32_t *' {aka 'long int *'} but argument is of type 'uint32_t *' {aka 'long unsigned int *'}
  701 | HAL_StatusTypeDef HAL_DFSDM_FilterRegularStart_DMA(DFSDM_Filter_HandleTypeDef *hdfsdm_filter, int32_t *pData, uint32_t Length);
      |                                                                                               ~~~~~~~~~^~~~~
../Core/Src/main.c: In function 'HAL_TIM_PeriodElapsedCallback':
../Core/Src/main.c:663:74: warning: passing argument 3 of 'HAL_DAC_Start_DMA' from incompatible pointer type [-Wincompatible-pointer-types]
  663 |                                 HAL_DAC_Start_DMA(&hdac1, DAC_CHANNEL_2, note_0, SIZE, DAC_ALIGN_12B_R);
      |                                                                          ^~~~~~
      |                                                                          |
      |                                                                          uint16_t * {aka short unsigned int *}
In file included from ../Core/Inc/stm32l4xx_hal_conf.h:302,
                 from ../Drivers/STM32L4xx_HAL_Driver/Inc/stm32l4xx_hal.h:29,
                 from ../Core/Inc/main.h:30,
                 from ../Core/Src/main.c:20:
../Drivers/STM32L4xx_HAL_Driver/Inc/stm32l4xx_hal_dac.h:534:90: note: expected 'uint32_t *' {aka 'long unsigned int *'} but argument is of type 'uint16_t *' {aka 'short unsigned int *'}
  534 | HAL_StatusTypeDef HAL_DAC_Start_DMA(DAC_HandleTypeDef *hdac, uint32_t Channel, uint32_t *pData, uint32_t Length,
      |                                                                                ~~~~~~~~~~^~~~~
../Core/Src/main.c:666:74: warning: passing argument 3 of 'HAL_DAC_Start_DMA' from incompatible pointer type [-Wincompatible-pointer-types]
  666 |                                 HAL_DAC_Start_DMA(&hdac1, DAC_CHANNEL_2, note_1, SIZE*2, DAC_ALIGN_12B_R);
      |                                                                          ^~~~~~
      |                                                                          |
      |                                                                          uint16_t * {aka short unsigned int *}
In file included from ../Core/Inc/stm32l4xx_hal_conf.h:302,
                 from ../Drivers/STM32L4xx_HAL_Driver/Inc/stm32l4xx_hal.h:29,
                 from ../Core/Inc/main.h:30,
                 from ../Core/Src/main.c:20:
../Drivers/STM32L4xx_HAL_Driver/Inc/stm32l4xx_hal_dac.h:534:90: note: expected 'uint32_t *' {aka 'long unsigned int *'} but argument is of type 'uint16_t *' {aka 'short unsigned int *'}
  534 | HAL_StatusTypeDef HAL_DAC_Start_DMA(DAC_HandleTypeDef *hdac, uint32_t Channel, uint32_t *pData, uint32_t Length,
      |                                                                                ~~~~~~~~~~^~~~~
../Core/Src/main.c:669:74: warning: passing argument 3 of 'HAL_DAC_Start_DMA' from incompatible pointer type [-Wincompatible-pointer-types]
  669 |                                 HAL_DAC_Start_DMA(&hdac1, DAC_CHANNEL_2, note_2, SIZE*4, DAC_ALIGN_12B_R);
      |                                                                          ^~~~~~
      |                                                                          |
      |                                                                          uint16_t * {aka short unsigned int *}
In file included from ../Core/Inc/stm32l4xx_hal_conf.h:302,
                 from ../Drivers/STM32L4xx_HAL_Driver/Inc/stm32l4xx_hal.h:29,
                 from ../Core/Inc/main.h:30,
                 from ../Core/Src/main.c:20:
../Drivers/STM32L4xx_HAL_Driver/Inc/stm32l4xx_hal_dac.h:534:90: note: expected 'uint32_t *' {aka 'long unsigned int *'} but argument is of type 'uint16_t *' {aka 'short unsigned int *'}
  534 | HAL_StatusTypeDef HAL_DAC_Start_DMA(DAC_HandleTypeDef *hdac, uint32_t Channel, uint32_t *pData, uint32_t Length,
      |                                                                                ~~~~~~~~~~^~~~~
../Core/Src/main.c:672:74: warning: passing argument 3 of 'HAL_DAC_Start_DMA' from incompatible pointer type [-Wincompatible-pointer-types]
  672 |                                 HAL_DAC_Start_DMA(&hdac1, DAC_CHANNEL_2, note_3, SIZE*8, DAC_ALIGN_12B_R);
      |                                                                          ^~~~~~
      |                                                                          |
      |                                                                          uint16_t * {aka short unsigned int *}
In file included from ../Core/Inc/stm32l4xx_hal_conf.h:302,
                 from ../Drivers/STM32L4xx_HAL_Driver/Inc/stm32l4xx_hal.h:29,
                 from ../Core/Inc/main.h:30,
                 from ../Core/Src/main.c:20:
../Drivers/STM32L4xx_HAL_Driver/Inc/stm32l4xx_hal_dac.h:534:90: note: expected 'uint32_t *' {aka 'long unsigned int *'} but argument is of type 'uint16_t *' {aka 'short unsigned int *'}
  534 | HAL_StatusTypeDef HAL_DAC_Start_DMA(DAC_HandleTypeDef *hdac, uint32_t Channel, uint32_t *pData, uint32_t Length,
      |                                                                                ~~~~~~~~~~^~~~~
../Core/Src/main.c:675:74: warning: passing argument 3 of 'HAL_DAC_Start_DMA' from incompatible pointer type [-Wincompatible-pointer-types]
  675 |                                 HAL_DAC_Start_DMA(&hdac1, DAC_CHANNEL_2, note_4, SIZE*16, DAC_ALIGN_12B_R);
      |                                                                          ^~~~~~
      |                                                                          |
      |                                                                          uint16_t * {aka short unsigned int *}
In file included from ../Core/Inc/stm32l4xx_hal_conf.h:302,
                 from ../Drivers/STM32L4xx_HAL_Driver/Inc/stm32l4xx_hal.h:29,
                 from ../Core/Inc/main.h:30,
                 from ../Core/Src/main.c:20:
../Drivers/STM32L4xx_HAL_Driver/Inc/stm32l4xx_hal_dac.h:534:90: note: expected 'uint32_t *' {aka 'long unsigned int *'} but argument is of type 'uint16_t *' {aka 'short unsigned int *'}
  534 | HAL_StatusTypeDef HAL_DAC_Start_DMA(DAC_HandleTypeDef *hdac, uint32_t Channel, uint32_t *pData, uint32_t Length,
      |                                                                                ~~~~~~~~~~^~~~~
../Core/Src/main.c:678:74: warning: passing argument 3 of 'HAL_DAC_Start_DMA' from incompatible pointer type [-Wincompatible-pointer-types]
  678 |                                 HAL_DAC_Start_DMA(&hdac1, DAC_CHANNEL_2, note_5, SIZE*32, DAC_ALIGN_12B_R);
      |                                                                          ^~~~~~
      |                                                                          |
      |                                                                          uint16_t * {aka short unsigned int *}
In file included from ../Core/Inc/stm32l4xx_hal_conf.h:302,
                 from ../Drivers/STM32L4xx_HAL_Driver/Inc/stm32l4xx_hal.h:29,
                 from ../Core/Inc/main.h:30,
                 from ../Core/Src/main.c:20:
../Drivers/STM32L4xx_HAL_Driver/Inc/stm32l4xx_hal_dac.h:534:90: note: expected 'uint32_t *' {aka 'long unsigned int *'} but argument is of type 'uint16_t *' {aka 'short unsigned int *'}
  534 | HAL_StatusTypeDef HAL_DAC_Start_DMA(DAC_HandleTypeDef *hdac, uint32_t Channel, uint32_t *pData, uint32_t Length,
      |                                                                                ~~~~~~~~~~^~~~~
../Core/Src/main.c: In function 'gen_notes':
../Core/Src/main.c:699:38: warning: implicit declaration of function 'malloc' [-Wimplicit-function-declaration]
  699 |         uint16_t *arr = (uint16_t *) malloc(size*sizeof(uint16_t));
      |                                      ^~~~~~
../Core/Src/main.c:26:1: note: include '<stdlib.h>' or provide a declaration of 'malloc'
   25 | #include "arm_math.h"
  +++ |+#include <stdlib.h>
   26 | #include <math.h>
../Core/Src/main.c:699:38: warning: incompatible implicit declaration of built-in function 'malloc' [-Wbuiltin-declaration-mismatch]
  699 |         uint16_t *arr = (uint16_t *) malloc(size*sizeof(uint16_t));
      |                                      ^~~~~~
../Core/Src/main.c:699:38: note: include '<stdlib.h>' or provide a declaration of 'malloc'
arm-none-eabi-gcc -o "Lab_3.elf" @"objects.list"  -larm_cortexM4lf_math -mcpu=cortex-m4 -T"C:\Users\Admin\OneDrive\Documents\GitHub\444\Lab_3\STM32L4S5VITX_FLASH.ld" --specs=nosys.specs -Wl,-Map="Lab_3.map" -Wl,--gc-sections -static -L"C:\Users\Admin\OneDrive\Documents\GitHub\444\Lab_3\Core\Lib" --specs=nano.specs -mfpu=fpv4-sp-d16 -mfloat-abi=hard -mthumb -Wl,--start-group -lc -lm -Wl,--end-group
Finished building target: Lab_3.elf
 
arm-none-eabi-size   Lab_3.elf 
arm-none-eabi-objdump -h -S  Lab_3.elf  > "Lab_3.list"
   text	   data	    bss	    dec	    hex	filename
  24636	    100	 163092	 187828	  2ddb4	Lab_3.elf
Finished building: default.size.stdout
Finished building: Lab_3.list
 
 
19:04:48 **** Incremental Build of configuration Debug for project Lab_3 ****
make -j12 all 
arm-none-eabi-gcc "../Core/Src/main.c" -mcpu=cortex-m4 -std=gnu11 -g3 -DDEBUG -DUSE_HAL_DRIVER -DSTM32L4S5xx -c -I../Core/Inc -I../Drivers/STM32L4xx_HAL_Driver/Inc -I../Drivers/STM32L4xx_HAL_Driver/Inc/Legacy -I../Drivers/CMSIS/Device/ST/STM32L4xx/Include -I../Drivers/CMSIS/Include -O0 -ffunction-sections -fdata-sections -Wall -fstack-usage -fcyclomatic-complexity -MMD -MP -MF"Core/Src/main.d" -MT"Core/Src/main.o" --specs=nano.specs -mfpu=fpv4-sp-d16 -mfloat-abi=hard -mthumb -o "Core/Src/main.o"
../Core/Src/main.c: In function 'main':
../Core/Src/main.c:161:11: warning: assignment to 'uint16_t' {aka 'short unsigned int'} from 'uint16_t *' {aka 'short unsigned int *'} makes integer from pointer without a cast [-Wint-conversion]
  161 |   *note_0 = gen_notes(SIZE);
      |           ^
../Core/Src/main.c:162:11: warning: assignment to 'uint16_t' {aka 'short unsigned int'} from 'uint16_t *' {aka 'short unsigned int *'} makes integer from pointer without a cast [-Wint-conversion]
  162 |   *note_1 = gen_notes(SIZE*2);
      |           ^
../Core/Src/main.c:163:11: warning: assignment to 'uint16_t' {aka 'short unsigned int'} from 'uint16_t *' {aka 'short unsigned int *'} makes integer from pointer without a cast [-Wint-conversion]
  163 |   *note_2 = gen_notes(SIZE*4);
      |           ^
../Core/Src/main.c:164:11: warning: assignment to 'uint16_t' {aka 'short unsigned int'} from 'uint16_t *' {aka 'short unsigned int *'} makes integer from pointer without a cast [-Wint-conversion]
  164 |   *note_3 = gen_notes(SIZE*8);
      |           ^
../Core/Src/main.c:165:11: warning: assignment to 'uint16_t' {aka 'short unsigned int'} from 'uint16_t *' {aka 'short unsigned int *'} makes integer from pointer without a cast [-Wint-conversion]
  165 |   *note_4 = gen_notes(SIZE*16);
      |           ^
../Core/Src/main.c:166:11: warning: assignment to 'uint16_t' {aka 'short unsigned int'} from 'uint16_t *' {aka 'short unsigned int *'} makes integer from pointer without a cast [-Wint-conversion]
  166 |   *note_5 = gen_notes(SIZE*32);
      |           ^
../Core/Src/main.c: In function 'HAL_GPIO_EXTI_Callback':
../Core/Src/main.c:637:60: warning: pointer targets in passing argument 2 of 'HAL_DFSDM_FilterRegularStart_DMA' differ in signedness [-Wpointer-sign]
  637 |         HAL_DFSDM_FilterRegularStart_DMA(&hdfsdm1_filter0, audio, AUDIO_SIZE);  // Start recording
      |                                                            ^~~~~
      |                                                            |
      |                                                            uint32_t * {aka long unsigned int *}
In file included from ../Core/Inc/stm32l4xx_hal_conf.h:270,
                 from ../Drivers/STM32L4xx_HAL_Driver/Inc/stm32l4xx_hal.h:29,
                 from ../Core/Inc/main.h:30,
                 from ../Core/Src/main.c:20:
../Drivers/STM32L4xx_HAL_Driver/Inc/stm32l4xx_hal_dfsdm.h:701:104: note: expected 'int32_t *' {aka 'long int *'} but argument is of type 'uint32_t *' {aka 'long unsigned int *'}
  701 | HAL_StatusTypeDef HAL_DFSDM_FilterRegularStart_DMA(DFSDM_Filter_HandleTypeDef *hdfsdm_filter, int32_t *pData, uint32_t Length);
      |                                                                                               ~~~~~~~~~^~~~~
../Core/Src/main.c: In function 'HAL_TIM_PeriodElapsedCallback':
../Core/Src/main.c:663:74: warning: passing argument 3 of 'HAL_DAC_Start_DMA' from incompatible pointer type [-Wincompatible-pointer-types]
  663 |                                 HAL_DAC_Start_DMA(&hdac1, DAC_CHANNEL_2, note_0, SIZE, DAC_ALIGN_12B_R);
      |                                                                          ^~~~~~
      |                                                                          |
      |                                                                          uint16_t * {aka short unsigned int *}
In file included from ../Core/Inc/stm32l4xx_hal_conf.h:302,
                 from ../Drivers/STM32L4xx_HAL_Driver/Inc/stm32l4xx_hal.h:29,
                 from ../Core/Inc/main.h:30,
                 from ../Core/Src/main.c:20:
../Drivers/STM32L4xx_HAL_Driver/Inc/stm32l4xx_hal_dac.h:534:90: note: expected 'uint32_t *' {aka 'long unsigned int *'} but argument is of type 'uint16_t *' {aka 'short unsigned int *'}
  534 | HAL_StatusTypeDef HAL_DAC_Start_DMA(DAC_HandleTypeDef *hdac, uint32_t Channel, uint32_t *pData, uint32_t Length,
      |                                                                                ~~~~~~~~~~^~~~~
../Core/Src/main.c:666:74: warning: passing argument 3 of 'HAL_DAC_Start_DMA' from incompatible pointer type [-Wincompatible-pointer-types]
  666 |                                 HAL_DAC_Start_DMA(&hdac1, DAC_CHANNEL_2, note_1, SIZE*2, DAC_ALIGN_12B_R);
      |                                                                          ^~~~~~
      |                                                                          |
      |                                                                          uint16_t * {aka short unsigned int *}
In file included from ../Core/Inc/stm32l4xx_hal_conf.h:302,
                 from ../Drivers/STM32L4xx_HAL_Driver/Inc/stm32l4xx_hal.h:29,
                 from ../Core/Inc/main.h:30,
                 from ../Core/Src/main.c:20:
../Drivers/STM32L4xx_HAL_Driver/Inc/stm32l4xx_hal_dac.h:534:90: note: expected 'uint32_t *' {aka 'long unsigned int *'} but argument is of type 'uint16_t *' {aka 'short unsigned int *'}
  534 | HAL_StatusTypeDef HAL_DAC_Start_DMA(DAC_HandleTypeDef *hdac, uint32_t Channel, uint32_t *pData, uint32_t Length,
      |                                                                                ~~~~~~~~~~^~~~~
../Core/Src/main.c:669:74: warning: passing argument 3 of 'HAL_DAC_Start_DMA' from incompatible pointer type [-Wincompatible-pointer-types]
  669 |                                 HAL_DAC_Start_DMA(&hdac1, DAC_CHANNEL_2, note_2, SIZE*4, DAC_ALIGN_12B_R);
      |                                                                          ^~~~~~
      |                                                                          |
      |                                                                          uint16_t * {aka short unsigned int *}
In file included from ../Core/Inc/stm32l4xx_hal_conf.h:302,
                 from ../Drivers/STM32L4xx_HAL_Driver/Inc/stm32l4xx_hal.h:29,
                 from ../Core/Inc/main.h:30,
                 from ../Core/Src/main.c:20:
../Drivers/STM32L4xx_HAL_Driver/Inc/stm32l4xx_hal_dac.h:534:90: note: expected 'uint32_t *' {aka 'long unsigned int *'} but argument is of type 'uint16_t *' {aka 'short unsigned int *'}
  534 | HAL_StatusTypeDef HAL_DAC_Start_DMA(DAC_HandleTypeDef *hdac, uint32_t Channel, uint32_t *pData, uint32_t Length,
      |                                                                                ~~~~~~~~~~^~~~~
../Core/Src/main.c:672:74: warning: passing argument 3 of 'HAL_DAC_Start_DMA' from incompatible pointer type [-Wincompatible-pointer-types]
  672 |                                 HAL_DAC_Start_DMA(&hdac1, DAC_CHANNEL_2, note_3, SIZE*8, DAC_ALIGN_12B_R);
      |                                                                          ^~~~~~
      |                                                                          |
      |                                                                          uint16_t * {aka short unsigned int *}
In file included from ../Core/Inc/stm32l4xx_hal_conf.h:302,
                 from ../Drivers/STM32L4xx_HAL_Driver/Inc/stm32l4xx_hal.h:29,
                 from ../Core/Inc/main.h:30,
                 from ../Core/Src/main.c:20:
../Drivers/STM32L4xx_HAL_Driver/Inc/stm32l4xx_hal_dac.h:534:90: note: expected 'uint32_t *' {aka 'long unsigned int *'} but argument is of type 'uint16_t *' {aka 'short unsigned int *'}
  534 | HAL_StatusTypeDef HAL_DAC_Start_DMA(DAC_HandleTypeDef *hdac, uint32_t Channel, uint32_t *pData, uint32_t Length,
      |                                                                                ~~~~~~~~~~^~~~~
../Core/Src/main.c:675:74: warning: passing argument 3 of 'HAL_DAC_Start_DMA' from incompatible pointer type [-Wincompatible-pointer-types]
  675 |                                 HAL_DAC_Start_DMA(&hdac1, DAC_CHANNEL_2, note_4, SIZE*16, DAC_ALIGN_12B_R);
      |                                                                          ^~~~~~
      |                                                                          |
      |                                                                          uint16_t * {aka short unsigned int *}
In file included from ../Core/Inc/stm32l4xx_hal_conf.h:302,
                 from ../Drivers/STM32L4xx_HAL_Driver/Inc/stm32l4xx_hal.h:29,
                 from ../Core/Inc/main.h:30,
                 from ../Core/Src/main.c:20:
../Drivers/STM32L4xx_HAL_Driver/Inc/stm32l4xx_hal_dac.h:534:90: note: expected 'uint32_t *' {aka 'long unsigned int *'} but argument is of type 'uint16_t *' {aka 'short unsigned int *'}
  534 | HAL_StatusTypeDef HAL_DAC_Start_DMA(DAC_HandleTypeDef *hdac, uint32_t Channel, uint32_t *pData, uint32_t Length,
      |                                                                                ~~~~~~~~~~^~~~~
../Core/Src/main.c:678:74: warning: passing argument 3 of 'HAL_DAC_Start_DMA' from incompatible pointer type [-Wincompatible-pointer-types]
  678 |                                 HAL_DAC_Start_DMA(&hdac1, DAC_CHANNEL_2, note_5, SIZE*32, DAC_ALIGN_12B_R);
      |                                                                          ^~~~~~
      |                                                                          |
      |                                                                          uint16_t * {aka short unsigned int *}
In file included from ../Core/Inc/stm32l4xx_hal_conf.h:302,
                 from ../Drivers/STM32L4xx_HAL_Driver/Inc/stm32l4xx_hal.h:29,
                 from ../Core/Inc/main.h:30,
                 from ../Core/Src/main.c:20:
../Drivers/STM32L4xx_HAL_Driver/Inc/stm32l4xx_hal_dac.h:534:90: note: expected 'uint32_t *' {aka 'long unsigned int *'} but argument is of type 'uint16_t *' {aka 'short unsigned int *'}
  534 | HAL_StatusTypeDef HAL_DAC_Start_DMA(DAC_HandleTypeDef *hdac, uint32_t Channel, uint32_t *pData, uint32_t Length,
      |                                                                                ~~~~~~~~~~^~~~~
../Core/Src/main.c: In function 'gen_notes':
../Core/Src/main.c:699:38: warning: implicit declaration of function 'malloc' [-Wimplicit-function-declaration]
  699 |         uint16_t *arr = (uint16_t *) malloc(size*sizeof(uint16_t));
      |                                      ^~~~~~
../Core/Src/main.c:26:1: note: include '<stdlib.h>' or provide a declaration of 'malloc'
   25 | #include "arm_math.h"
  +++ |+#include <stdlib.h>
   26 | #include <math.h>
../Core/Src/main.c:699:38: warning: incompatible implicit declaration of built-in function 'malloc' [-Wbuiltin-declaration-mismatch]
  699 |         uint16_t *arr = (uint16_t *) malloc(size*sizeof(uint16_t));
      |                                      ^~~~~~
../Core/Src/main.c:699:38: note: include '<stdlib.h>' or provide a declaration of 'malloc'
arm-none-eabi-gcc -o "Lab_3.elf" @"objects.list"  -larm_cortexM4lf_math -mcpu=cortex-m4 -T"C:\Users\Admin\OneDrive\Documents\GitHub\444\Lab_3\STM32L4S5VITX_FLASH.ld" --specs=nosys.specs -Wl,-Map="Lab_3.map" -Wl,--gc-sections -static -L"C:\Users\Admin\OneDrive\Documents\GitHub\444\Lab_3\Core\Lib" --specs=nano.specs -mfpu=fpv4-sp-d16 -mfloat-abi=hard -mthumb -Wl,--start-group -lc -lm -Wl,--end-group
Finished building target: Lab_3.elf
 
arm-none-eabi-size   Lab_3.elf 
arm-none-eabi-objdump -h -S  Lab_3.elf  > "Lab_3.list"
   text	   data	    bss	    dec	    hex	filename
  24620	    100	 163092	 187812	  2dda4	Lab_3.elf
Finished building: default.size.stdout
 
Finished building: Lab_3.list
 
19:07:53 **** Incremental Build of configuration Debug for project Lab_3 ****
make -j12 all 
arm-none-eabi-gcc "../Core/Src/main.c" -mcpu=cortex-m4 -std=gnu11 -g3 -DDEBUG -DUSE_HAL_DRIVER -DSTM32L4S5xx -c -I../Core/Inc -I../Drivers/STM32L4xx_HAL_Driver/Inc -I../Drivers/STM32L4xx_HAL_Driver/Inc/Legacy -I../Drivers/CMSIS/Device/ST/STM32L4xx/Include -I../Drivers/CMSIS/Include -O0 -ffunction-sections -fdata-sections -Wall -fstack-usage -fcyclomatic-complexity -MMD -MP -MF"Core/Src/main.d" -MT"Core/Src/main.o" --specs=nano.specs -mfpu=fpv4-sp-d16 -mfloat-abi=hard -mthumb -o "Core/Src/main.o"
arm-none-eabi-gcc "../Core/Src/stm32l4xx_hal_msp.c" -mcpu=cortex-m4 -std=gnu11 -g3 -DDEBUG -DUSE_HAL_DRIVER -DSTM32L4S5xx -c -I../Core/Inc -I../Drivers/STM32L4xx_HAL_Driver/Inc -I../Drivers/STM32L4xx_HAL_Driver/Inc/Legacy -I../Drivers/CMSIS/Device/ST/STM32L4xx/Include -I../Drivers/CMSIS/Include -O0 -ffunction-sections -fdata-sections -Wall -fstack-usage -fcyclomatic-complexity -MMD -MP -MF"Core/Src/stm32l4xx_hal_msp.d" -MT"Core/Src/stm32l4xx_hal_msp.o" --specs=nano.specs -mfpu=fpv4-sp-d16 -mfloat-abi=hard -mthumb -o "Core/Src/stm32l4xx_hal_msp.o"
arm-none-eabi-gcc "../Core/Src/stm32l4xx_it.c" -mcpu=cortex-m4 -std=gnu11 -g3 -DDEBUG -DUSE_HAL_DRIVER -DSTM32L4S5xx -c -I../Core/Inc -I../Drivers/STM32L4xx_HAL_Driver/Inc -I../Drivers/STM32L4xx_HAL_Driver/Inc/Legacy -I../Drivers/CMSIS/Device/ST/STM32L4xx/Include -I../Drivers/CMSIS/Include -O0 -ffunction-sections -fdata-sections -Wall -fstack-usage -fcyclomatic-complexity -MMD -MP -MF"Core/Src/stm32l4xx_it.d" -MT"Core/Src/stm32l4xx_it.o" --specs=nano.specs -mfpu=fpv4-sp-d16 -mfloat-abi=hard -mthumb -o "Core/Src/stm32l4xx_it.o"
../Core/Src/main.c: In function 'main':
../Core/Src/main.c:158:11: warning: assignment to 'uint16_t' {aka 'short unsigned int'} from 'uint16_t *' {aka 'short unsigned int *'} makes integer from pointer without a cast [-Wint-conversion]
  158 |   *note_0 = gen_notes(SIZE);
      |           ^
../Core/Src/main.c:159:11: warning: assignment to 'uint16_t' {aka 'short unsigned int'} from 'uint16_t *' {aka 'short unsigned int *'} makes integer from pointer without a cast [-Wint-conversion]
  159 |   *note_1 = gen_notes(SIZE*2);
      |           ^
../Core/Src/main.c:160:11: warning: assignment to 'uint16_t' {aka 'short unsigned int'} from 'uint16_t *' {aka 'short unsigned int *'} makes integer from pointer without a cast [-Wint-conversion]
  160 |   *note_2 = gen_notes(SIZE*4);
      |           ^
../Core/Src/main.c:161:11: warning: assignment to 'uint16_t' {aka 'short unsigned int'} from 'uint16_t *' {aka 'short unsigned int *'} makes integer from pointer without a cast [-Wint-conversion]
  161 |   *note_3 = gen_notes(SIZE*8);
      |           ^
../Core/Src/main.c:162:11: warning: assignment to 'uint16_t' {aka 'short unsigned int'} from 'uint16_t *' {aka 'short unsigned int *'} makes integer from pointer without a cast [-Wint-conversion]
  162 |   *note_4 = gen_notes(SIZE*16);
      |           ^
../Core/Src/main.c:163:11: warning: assignment to 'uint16_t' {aka 'short unsigned int'} from 'uint16_t *' {aka 'short unsigned int *'} makes integer from pointer without a cast [-Wint-conversion]
  163 |   *note_5 = gen_notes(SIZE*32);
      |           ^
../Core/Src/main.c: In function 'HAL_GPIO_EXTI_Callback':
../Core/Src/main.c:589:60: warning: pointer targets in passing argument 2 of 'HAL_DFSDM_FilterRegularStart_DMA' differ in signedness [-Wpointer-sign]
  589 |         HAL_DFSDM_FilterRegularStart_DMA(&hdfsdm1_filter0, audio, AUDIO_SIZE);  // Start recording
      |                                                            ^~~~~
      |                                                            |
      |                                                            uint32_t * {aka long unsigned int *}
In file included from ../Core/Inc/stm32l4xx_hal_conf.h:270,
                 from ../Drivers/STM32L4xx_HAL_Driver/Inc/stm32l4xx_hal.h:29,
                 from ../Core/Inc/main.h:30,
                 from ../Core/Src/main.c:20:
../Drivers/STM32L4xx_HAL_Driver/Inc/stm32l4xx_hal_dfsdm.h:701:104: note: expected 'int32_t *' {aka 'long int *'} but argument is of type 'uint32_t *' {aka 'long unsigned int *'}
  701 | HAL_StatusTypeDef HAL_DFSDM_FilterRegularStart_DMA(DFSDM_Filter_HandleTypeDef *hdfsdm_filter, int32_t *pData, uint32_t Length);
      |                                                                                               ~~~~~~~~~^~~~~
../Core/Src/main.c: In function 'HAL_TIM_PeriodElapsedCallback':
../Core/Src/main.c:615:74: warning: passing argument 3 of 'HAL_DAC_Start_DMA' from incompatible pointer type [-Wincompatible-pointer-types]
  615 |                                 HAL_DAC_Start_DMA(&hdac1, DAC_CHANNEL_2, note_0, SIZE, DAC_ALIGN_12B_R);
      |                                                                          ^~~~~~
      |                                                                          |
      |                                                                          uint16_t * {aka short unsigned int *}
In file included from ../Core/Inc/stm32l4xx_hal_conf.h:302,
                 from ../Drivers/STM32L4xx_HAL_Driver/Inc/stm32l4xx_hal.h:29,
                 from ../Core/Inc/main.h:30,
                 from ../Core/Src/main.c:20:
../Drivers/STM32L4xx_HAL_Driver/Inc/stm32l4xx_hal_dac.h:534:90: note: expected 'uint32_t *' {aka 'long unsigned int *'} but argument is of type 'uint16_t *' {aka 'short unsigned int *'}
  534 | HAL_StatusTypeDef HAL_DAC_Start_DMA(DAC_HandleTypeDef *hdac, uint32_t Channel, uint32_t *pData, uint32_t Length,
      |                                                                                ~~~~~~~~~~^~~~~
../Core/Src/main.c:618:74: warning: passing argument 3 of 'HAL_DAC_Start_DMA' from incompatible pointer type [-Wincompatible-pointer-types]
  618 |                                 HAL_DAC_Start_DMA(&hdac1, DAC_CHANNEL_2, note_1, SIZE*2, DAC_ALIGN_12B_R);
      |                                                                          ^~~~~~
      |                                                                          |
      |                                                                          uint16_t * {aka short unsigned int *}
In file included from ../Core/Inc/stm32l4xx_hal_conf.h:302,
                 from ../Drivers/STM32L4xx_HAL_Driver/Inc/stm32l4xx_hal.h:29,
                 from ../Core/Inc/main.h:30,
                 from ../Core/Src/main.c:20:
../Drivers/STM32L4xx_HAL_Driver/Inc/stm32l4xx_hal_dac.h:534:90: note: expected 'uint32_t *' {aka 'long unsigned int *'} but argument is of type 'uint16_t *' {aka 'short unsigned int *'}
  534 | HAL_StatusTypeDef HAL_DAC_Start_DMA(DAC_HandleTypeDef *hdac, uint32_t Channel, uint32_t *pData, uint32_t Length,
      |                                                                                ~~~~~~~~~~^~~~~
../Core/Src/main.c:621:74: warning: passing argument 3 of 'HAL_DAC_Start_DMA' from incompatible pointer type [-Wincompatible-pointer-types]
  621 |                                 HAL_DAC_Start_DMA(&hdac1, DAC_CHANNEL_2, note_2, SIZE*4, DAC_ALIGN_12B_R);
      |                                                                          ^~~~~~
      |                                                                          |
      |                                                                          uint16_t * {aka short unsigned int *}
In file included from ../Core/Inc/stm32l4xx_hal_conf.h:302,
                 from ../Drivers/STM32L4xx_HAL_Driver/Inc/stm32l4xx_hal.h:29,
                 from ../Core/Inc/main.h:30,
                 from ../Core/Src/main.c:20:
../Drivers/STM32L4xx_HAL_Driver/Inc/stm32l4xx_hal_dac.h:534:90: note: expected 'uint32_t *' {aka 'long unsigned int *'} but argument is of type 'uint16_t *' {aka 'short unsigned int *'}
  534 | HAL_StatusTypeDef HAL_DAC_Start_DMA(DAC_HandleTypeDef *hdac, uint32_t Channel, uint32_t *pData, uint32_t Length,
      |                                                                                ~~~~~~~~~~^~~~~
../Core/Src/main.c:624:74: warning: passing argument 3 of 'HAL_DAC_Start_DMA' from incompatible pointer type [-Wincompatible-pointer-types]
  624 |                                 HAL_DAC_Start_DMA(&hdac1, DAC_CHANNEL_2, note_3, SIZE*8, DAC_ALIGN_12B_R);
      |                                                                          ^~~~~~
      |                                                                          |
      |                                                                          uint16_t * {aka short unsigned int *}
In file included from ../Core/Inc/stm32l4xx_hal_conf.h:302,
                 from ../Drivers/STM32L4xx_HAL_Driver/Inc/stm32l4xx_hal.h:29,
                 from ../Core/Inc/main.h:30,
                 from ../Core/Src/main.c:20:
../Drivers/STM32L4xx_HAL_Driver/Inc/stm32l4xx_hal_dac.h:534:90: note: expected 'uint32_t *' {aka 'long unsigned int *'} but argument is of type 'uint16_t *' {aka 'short unsigned int *'}
  534 | HAL_StatusTypeDef HAL_DAC_Start_DMA(DAC_HandleTypeDef *hdac, uint32_t Channel, uint32_t *pData, uint32_t Length,
      |                                                                                ~~~~~~~~~~^~~~~
../Core/Src/main.c:627:74: warning: passing argument 3 of 'HAL_DAC_Start_DMA' from incompatible pointer type [-Wincompatible-pointer-types]
  627 |                                 HAL_DAC_Start_DMA(&hdac1, DAC_CHANNEL_2, note_4, SIZE*16, DAC_ALIGN_12B_R);
      |                                                                          ^~~~~~
      |                                                                          |
      |                                                                          uint16_t * {aka short unsigned int *}
In file included from ../Core/Inc/stm32l4xx_hal_conf.h:302,
                 from ../Drivers/STM32L4xx_HAL_Driver/Inc/stm32l4xx_hal.h:29,
                 from ../Core/Inc/main.h:30,
                 from ../Core/Src/main.c:20:
../Drivers/STM32L4xx_HAL_Driver/Inc/stm32l4xx_hal_dac.h:534:90: note: expected 'uint32_t *' {aka 'long unsigned int *'} but argument is of type 'uint16_t *' {aka 'short unsigned int *'}
  534 | HAL_StatusTypeDef HAL_DAC_Start_DMA(DAC_HandleTypeDef *hdac, uint32_t Channel, uint32_t *pData, uint32_t Length,
      |                                                                                ~~~~~~~~~~^~~~~
../Core/Src/main.c:630:74: warning: passing argument 3 of 'HAL_DAC_Start_DMA' from incompatible pointer type [-Wincompatible-pointer-types]
  630 |                                 HAL_DAC_Start_DMA(&hdac1, DAC_CHANNEL_2, note_5, SIZE*32, DAC_ALIGN_12B_R);
      |                                                                          ^~~~~~
      |                                                                          |
      |                                                                          uint16_t * {aka short unsigned int *}
In file included from ../Core/Inc/stm32l4xx_hal_conf.h:302,
                 from ../Drivers/STM32L4xx_HAL_Driver/Inc/stm32l4xx_hal.h:29,
                 from ../Core/Inc/main.h:30,
                 from ../Core/Src/main.c:20:
../Drivers/STM32L4xx_HAL_Driver/Inc/stm32l4xx_hal_dac.h:534:90: note: expected 'uint32_t *' {aka 'long unsigned int *'} but argument is of type 'uint16_t *' {aka 'short unsigned int *'}
  534 | HAL_StatusTypeDef HAL_DAC_Start_DMA(DAC_HandleTypeDef *hdac, uint32_t Channel, uint32_t *pData, uint32_t Length,
      |                                                                                ~~~~~~~~~~^~~~~
../Core/Src/main.c: In function 'gen_notes':
../Core/Src/main.c:651:38: warning: implicit declaration of function 'malloc' [-Wimplicit-function-declaration]
  651 |         uint16_t *arr = (uint16_t *) malloc(size*sizeof(uint16_t));
      |                                      ^~~~~~
../Core/Src/main.c:26:1: note: include '<stdlib.h>' or provide a declaration of 'malloc'
   25 | #include "arm_math.h"
  +++ |+#include <stdlib.h>
   26 | #include <math.h>
../Core/Src/main.c:651:38: warning: incompatible implicit declaration of built-in function 'malloc' [-Wbuiltin-declaration-mismatch]
  651 |         uint16_t *arr = (uint16_t *) malloc(size*sizeof(uint16_t));
      |                                      ^~~~~~
../Core/Src/main.c:651:38: note: include '<stdlib.h>' or provide a declaration of 'malloc'
arm-none-eabi-gcc -o "Lab_3.elf" @"objects.list"  -larm_cortexM4lf_math -mcpu=cortex-m4 -T"C:\Users\Admin\OneDrive\Documents\GitHub\444\Lab_3\STM32L4S5VITX_FLASH.ld" --specs=nosys.specs -Wl,-Map="Lab_3.map" -Wl,--gc-sections -static -L"C:\Users\Admin\OneDrive\Documents\GitHub\444\Lab_3\Core\Lib" --specs=nano.specs -mfpu=fpv4-sp-d16 -mfloat-abi=hard -mthumb -Wl,--start-group -lc -lm -Wl,--end-group
Finished building target: Lab_3.elf
 
arm-none-eabi-size   Lab_3.elf 
arm-none-eabi-objdump -h -S  Lab_3.elf  > "Lab_3.list"
   text	   data	    bss	    dec	    hex	filename
  24528	    100	 163020	 187648	  2dd00	Lab_3.elf
Finished building: default.size.stdout
 
Finished building: Lab_3.list
 
19:11:29 **** Incremental Build of configuration Debug for project Lab_3 ****
make -j12 all 
arm-none-eabi-gcc "../Core/Src/main.c" -mcpu=cortex-m4 -std=gnu11 -g3 -DDEBUG -DUSE_HAL_DRIVER -DSTM32L4S5xx -c -I../Core/Inc -I../Drivers/STM32L4xx_HAL_Driver/Inc -I../Drivers/STM32L4xx_HAL_Driver/Inc/Legacy -I../Drivers/CMSIS/Device/ST/STM32L4xx/Include -I../Drivers/CMSIS/Include -O0 -ffunction-sections -fdata-sections -Wall -fstack-usage -fcyclomatic-complexity -MMD -MP -MF"Core/Src/main.d" -MT"Core/Src/main.o" --specs=nano.specs -mfpu=fpv4-sp-d16 -mfloat-abi=hard -mthumb -o "Core/Src/main.o"
../Core/Src/main.c: In function 'main':
../Core/Src/main.c:158:11: warning: assignment to 'uint16_t' {aka 'short unsigned int'} from 'uint16_t *' {aka 'short unsigned int *'} makes integer from pointer without a cast [-Wint-conversion]
  158 |   *note_0 = gen_notes(SIZE);
      |           ^
../Core/Src/main.c:159:11: warning: assignment to 'uint16_t' {aka 'short unsigned int'} from 'uint16_t *' {aka 'short unsigned int *'} makes integer from pointer without a cast [-Wint-conversion]
  159 |   *note_1 = gen_notes(SIZE*2);
      |           ^
../Core/Src/main.c:160:11: warning: assignment to 'uint16_t' {aka 'short unsigned int'} from 'uint16_t *' {aka 'short unsigned int *'} makes integer from pointer without a cast [-Wint-conversion]
  160 |   *note_2 = gen_notes(SIZE*4);
      |           ^
../Core/Src/main.c:161:11: warning: assignment to 'uint16_t' {aka 'short unsigned int'} from 'uint16_t *' {aka 'short unsigned int *'} makes integer from pointer without a cast [-Wint-conversion]
  161 |   *note_3 = gen_notes(SIZE*8);
      |           ^
../Core/Src/main.c:162:11: warning: assignment to 'uint16_t' {aka 'short unsigned int'} from 'uint16_t *' {aka 'short unsigned int *'} makes integer from pointer without a cast [-Wint-conversion]
  162 |   *note_4 = gen_notes(SIZE*16);
      |           ^
../Core/Src/main.c:163:11: warning: assignment to 'uint16_t' {aka 'short unsigned int'} from 'uint16_t *' {aka 'short unsigned int *'} makes integer from pointer without a cast [-Wint-conversion]
  163 |   *note_5 = gen_notes(SIZE*32);
      |           ^
../Core/Src/main.c: In function 'HAL_GPIO_EXTI_Callback':
../Core/Src/main.c:589:60: warning: pointer targets in passing argument 2 of 'HAL_DFSDM_FilterRegularStart_DMA' differ in signedness [-Wpointer-sign]
  589 |         HAL_DFSDM_FilterRegularStart_DMA(&hdfsdm1_filter0, audio, AUDIO_SIZE);  // Start recording
      |                                                            ^~~~~
      |                                                            |
      |                                                            uint32_t * {aka long unsigned int *}
In file included from ../Core/Inc/stm32l4xx_hal_conf.h:270,
                 from ../Drivers/STM32L4xx_HAL_Driver/Inc/stm32l4xx_hal.h:29,
                 from ../Core/Inc/main.h:30,
                 from ../Core/Src/main.c:20:
../Drivers/STM32L4xx_HAL_Driver/Inc/stm32l4xx_hal_dfsdm.h:701:104: note: expected 'int32_t *' {aka 'long int *'} but argument is of type 'uint32_t *' {aka 'long unsigned int *'}
  701 | HAL_StatusTypeDef HAL_DFSDM_FilterRegularStart_DMA(DFSDM_Filter_HandleTypeDef *hdfsdm_filter, int32_t *pData, uint32_t Length);
      |                                                                                               ~~~~~~~~~^~~~~
../Core/Src/main.c: In function 'HAL_TIM_PeriodElapsedCallback':
../Core/Src/main.c:615:74: warning: passing argument 3 of 'HAL_DAC_Start_DMA' from incompatible pointer type [-Wincompatible-pointer-types]
  615 |                                 HAL_DAC_Start_DMA(&hdac1, DAC_CHANNEL_2, note_0, SIZE, DAC_ALIGN_12B_R);
      |                                                                          ^~~~~~
      |                                                                          |
      |                                                                          uint16_t * {aka short unsigned int *}
In file included from ../Core/Inc/stm32l4xx_hal_conf.h:302,
                 from ../Drivers/STM32L4xx_HAL_Driver/Inc/stm32l4xx_hal.h:29,
                 from ../Core/Inc/main.h:30,
                 from ../Core/Src/main.c:20:
../Drivers/STM32L4xx_HAL_Driver/Inc/stm32l4xx_hal_dac.h:534:90: note: expected 'uint32_t *' {aka 'long unsigned int *'} but argument is of type 'uint16_t *' {aka 'short unsigned int *'}
  534 | HAL_StatusTypeDef HAL_DAC_Start_DMA(DAC_HandleTypeDef *hdac, uint32_t Channel, uint32_t *pData, uint32_t Length,
      |                                                                                ~~~~~~~~~~^~~~~
../Core/Src/main.c:618:74: warning: passing argument 3 of 'HAL_DAC_Start_DMA' from incompatible pointer type [-Wincompatible-pointer-types]
  618 |                                 HAL_DAC_Start_DMA(&hdac1, DAC_CHANNEL_2, note_1, SIZE*2, DAC_ALIGN_12B_R);
      |                                                                          ^~~~~~
      |                                                                          |
      |                                                                          uint16_t * {aka short unsigned int *}
In file included from ../Core/Inc/stm32l4xx_hal_conf.h:302,
                 from ../Drivers/STM32L4xx_HAL_Driver/Inc/stm32l4xx_hal.h:29,
                 from ../Core/Inc/main.h:30,
                 from ../Core/Src/main.c:20:
../Drivers/STM32L4xx_HAL_Driver/Inc/stm32l4xx_hal_dac.h:534:90: note: expected 'uint32_t *' {aka 'long unsigned int *'} but argument is of type 'uint16_t *' {aka 'short unsigned int *'}
  534 | HAL_StatusTypeDef HAL_DAC_Start_DMA(DAC_HandleTypeDef *hdac, uint32_t Channel, uint32_t *pData, uint32_t Length,
      |                                                                                ~~~~~~~~~~^~~~~
../Core/Src/main.c:621:74: warning: passing argument 3 of 'HAL_DAC_Start_DMA' from incompatible pointer type [-Wincompatible-pointer-types]
  621 |                                 HAL_DAC_Start_DMA(&hdac1, DAC_CHANNEL_2, note_2, SIZE*4, DAC_ALIGN_12B_R);
      |                                                                          ^~~~~~
      |                                                                          |
      |                                                                          uint16_t * {aka short unsigned int *}
In file included from ../Core/Inc/stm32l4xx_hal_conf.h:302,
                 from ../Drivers/STM32L4xx_HAL_Driver/Inc/stm32l4xx_hal.h:29,
                 from ../Core/Inc/main.h:30,
                 from ../Core/Src/main.c:20:
../Drivers/STM32L4xx_HAL_Driver/Inc/stm32l4xx_hal_dac.h:534:90: note: expected 'uint32_t *' {aka 'long unsigned int *'} but argument is of type 'uint16_t *' {aka 'short unsigned int *'}
  534 | HAL_StatusTypeDef HAL_DAC_Start_DMA(DAC_HandleTypeDef *hdac, uint32_t Channel, uint32_t *pData, uint32_t Length,
      |                                                                                ~~~~~~~~~~^~~~~
../Core/Src/main.c:624:74: warning: passing argument 3 of 'HAL_DAC_Start_DMA' from incompatible pointer type [-Wincompatible-pointer-types]
  624 |                                 HAL_DAC_Start_DMA(&hdac1, DAC_CHANNEL_2, note_3, SIZE*8, DAC_ALIGN_12B_R);
      |                                                                          ^~~~~~
      |                                                                          |
      |                                                                          uint16_t * {aka short unsigned int *}
In file included from ../Core/Inc/stm32l4xx_hal_conf.h:302,
                 from ../Drivers/STM32L4xx_HAL_Driver/Inc/stm32l4xx_hal.h:29,
                 from ../Core/Inc/main.h:30,
                 from ../Core/Src/main.c:20:
../Drivers/STM32L4xx_HAL_Driver/Inc/stm32l4xx_hal_dac.h:534:90: note: expected 'uint32_t *' {aka 'long unsigned int *'} but argument is of type 'uint16_t *' {aka 'short unsigned int *'}
  534 | HAL_StatusTypeDef HAL_DAC_Start_DMA(DAC_HandleTypeDef *hdac, uint32_t Channel, uint32_t *pData, uint32_t Length,
      |                                                                                ~~~~~~~~~~^~~~~
../Core/Src/main.c:627:74: warning: passing argument 3 of 'HAL_DAC_Start_DMA' from incompatible pointer type [-Wincompatible-pointer-types]
  627 |                                 HAL_DAC_Start_DMA(&hdac1, DAC_CHANNEL_2, note_4, SIZE*16, DAC_ALIGN_12B_R);
      |                                                                          ^~~~~~
      |                                                                          |
      |                                                                          uint16_t * {aka short unsigned int *}
In file included from ../Core/Inc/stm32l4xx_hal_conf.h:302,
                 from ../Drivers/STM32L4xx_HAL_Driver/Inc/stm32l4xx_hal.h:29,
                 from ../Core/Inc/main.h:30,
                 from ../Core/Src/main.c:20:
../Drivers/STM32L4xx_HAL_Driver/Inc/stm32l4xx_hal_dac.h:534:90: note: expected 'uint32_t *' {aka 'long unsigned int *'} but argument is of type 'uint16_t *' {aka 'short unsigned int *'}
  534 | HAL_StatusTypeDef HAL_DAC_Start_DMA(DAC_HandleTypeDef *hdac, uint32_t Channel, uint32_t *pData, uint32_t Length,
      |                                                                                ~~~~~~~~~~^~~~~
../Core/Src/main.c:630:74: warning: passing argument 3 of 'HAL_DAC_Start_DMA' from incompatible pointer type [-Wincompatible-pointer-types]
  630 |                                 HAL_DAC_Start_DMA(&hdac1, DAC_CHANNEL_2, note_5, SIZE*32, DAC_ALIGN_12B_R);
      |                                                                          ^~~~~~
      |                                                                          |
      |                                                                          uint16_t * {aka short unsigned int *}
In file included from ../Core/Inc/stm32l4xx_hal_conf.h:302,
                 from ../Drivers/STM32L4xx_HAL_Driver/Inc/stm32l4xx_hal.h:29,
                 from ../Core/Inc/main.h:30,
                 from ../Core/Src/main.c:20:
../Drivers/STM32L4xx_HAL_Driver/Inc/stm32l4xx_hal_dac.h:534:90: note: expected 'uint32_t *' {aka 'long unsigned int *'} but argument is of type 'uint16_t *' {aka 'short unsigned int *'}
  534 | HAL_StatusTypeDef HAL_DAC_Start_DMA(DAC_HandleTypeDef *hdac, uint32_t Channel, uint32_t *pData, uint32_t Length,
      |                                                                                ~~~~~~~~~~^~~~~
../Core/Src/main.c: In function 'gen_notes':
../Core/Src/main.c:651:38: warning: implicit declaration of function 'malloc' [-Wimplicit-function-declaration]
  651 |         uint16_t *arr = (uint16_t *) malloc(size*sizeof(uint16_t));
      |                                      ^~~~~~
../Core/Src/main.c:26:1: note: include '<stdlib.h>' or provide a declaration of 'malloc'
   25 | #include "arm_math.h"
  +++ |+#include <stdlib.h>
   26 | #include <math.h>
../Core/Src/main.c:651:38: warning: incompatible implicit declaration of built-in function 'malloc' [-Wbuiltin-declaration-mismatch]
  651 |         uint16_t *arr = (uint16_t *) malloc(size*sizeof(uint16_t));
      |                                      ^~~~~~
../Core/Src/main.c:651:38: note: include '<stdlib.h>' or provide a declaration of 'malloc'
arm-none-eabi-gcc -o "Lab_3.elf" @"objects.list"  -larm_cortexM4lf_math -mcpu=cortex-m4 -T"C:\Users\Admin\OneDrive\Documents\GitHub\444\Lab_3\STM32L4S5VITX_FLASH.ld" --specs=nosys.specs -Wl,-Map="Lab_3.map" -Wl,--gc-sections -static -L"C:\Users\Admin\OneDrive\Documents\GitHub\444\Lab_3\Core\Lib" --specs=nano.specs -mfpu=fpv4-sp-d16 -mfloat-abi=hard -mthumb -Wl,--start-group -lc -lm -Wl,--end-group
Finished building target: Lab_3.elf
 
arm-none-eabi-size   Lab_3.elf 
arm-none-eabi-objdump -h -S  Lab_3.elf  > "Lab_3.list"
   text	   data	    bss	    dec	    hex	filename
  24520	    100	 163020	 187640	  2dcf8	Lab_3.elf
Finished building: default.size.stdout
 
Finished building: Lab_3.list
 
19:18:20 **** Incremental Build of configuration Debug for project Lab_3 ****
make -j12 all 
arm-none-eabi-gcc "../Core/Src/main.c" -mcpu=cortex-m4 -std=gnu11 -g3 -DDEBUG -DUSE_HAL_DRIVER -DSTM32L4S5xx -c -I../Core/Inc -I../Drivers/STM32L4xx_HAL_Driver/Inc -I../Drivers/STM32L4xx_HAL_Driver/Inc/Legacy -I../Drivers/CMSIS/Device/ST/STM32L4xx/Include -I../Drivers/CMSIS/Include -O0 -ffunction-sections -fdata-sections -Wall -fstack-usage -fcyclomatic-complexity -MMD -MP -MF"Core/Src/main.d" -MT"Core/Src/main.o" --specs=nano.specs -mfpu=fpv4-sp-d16 -mfloat-abi=hard -mthumb -o "Core/Src/main.o"
../Core/Src/main.c: In function 'main':
../Core/Src/main.c:158:11: warning: assignment to 'uint16_t' {aka 'short unsigned int'} from 'uint16_t *' {aka 'short unsigned int *'} makes integer from pointer without a cast [-Wint-conversion]
  158 |   *note_0 = gen_notes(SIZE);
      |           ^
../Core/Src/main.c:159:11: warning: assignment to 'uint16_t' {aka 'short unsigned int'} from 'uint16_t *' {aka 'short unsigned int *'} makes integer from pointer without a cast [-Wint-conversion]
  159 |   *note_1 = gen_notes(SIZE*2);
      |           ^
../Core/Src/main.c:160:11: warning: assignment to 'uint16_t' {aka 'short unsigned int'} from 'uint16_t *' {aka 'short unsigned int *'} makes integer from pointer without a cast [-Wint-conversion]
  160 |   *note_2 = gen_notes(SIZE*4);
      |           ^
../Core/Src/main.c:161:11: warning: assignment to 'uint16_t' {aka 'short unsigned int'} from 'uint16_t *' {aka 'short unsigned int *'} makes integer from pointer without a cast [-Wint-conversion]
  161 |   *note_3 = gen_notes(SIZE*8);
      |           ^
../Core/Src/main.c:162:11: warning: assignment to 'uint16_t' {aka 'short unsigned int'} from 'uint16_t *' {aka 'short unsigned int *'} makes integer from pointer without a cast [-Wint-conversion]
  162 |   *note_4 = gen_notes(SIZE*16);
      |           ^
../Core/Src/main.c:163:11: warning: assignment to 'uint16_t' {aka 'short unsigned int'} from 'uint16_t *' {aka 'short unsigned int *'} makes integer from pointer without a cast [-Wint-conversion]
  163 |   *note_5 = gen_notes(SIZE*32);
      |           ^
../Core/Src/main.c: In function 'HAL_GPIO_EXTI_Callback':
../Core/Src/main.c:589:60: warning: pointer targets in passing argument 2 of 'HAL_DFSDM_FilterRegularStart_DMA' differ in signedness [-Wpointer-sign]
  589 |         HAL_DFSDM_FilterRegularStart_DMA(&hdfsdm1_filter0, audio, AUDIO_SIZE);  // Start recording
      |                                                            ^~~~~
      |                                                            |
      |                                                            uint32_t * {aka long unsigned int *}
In file included from ../Core/Inc/stm32l4xx_hal_conf.h:270,
                 from ../Drivers/STM32L4xx_HAL_Driver/Inc/stm32l4xx_hal.h:29,
                 from ../Core/Inc/main.h:30,
                 from ../Core/Src/main.c:20:
../Drivers/STM32L4xx_HAL_Driver/Inc/stm32l4xx_hal_dfsdm.h:701:104: note: expected 'int32_t *' {aka 'long int *'} but argument is of type 'uint32_t *' {aka 'long unsigned int *'}
  701 | HAL_StatusTypeDef HAL_DFSDM_FilterRegularStart_DMA(DFSDM_Filter_HandleTypeDef *hdfsdm_filter, int32_t *pData, uint32_t Length);
      |                                                                                               ~~~~~~~~~^~~~~
../Core/Src/main.c: In function 'HAL_TIM_PeriodElapsedCallback':
../Core/Src/main.c:614:74: warning: passing argument 3 of 'HAL_DAC_Start_DMA' from incompatible pointer type [-Wincompatible-pointer-types]
  614 |                                 HAL_DAC_Start_DMA(&hdac1, DAC_CHANNEL_2, note_0, SIZE, DAC_ALIGN_12B_R);
      |                                                                          ^~~~~~
      |                                                                          |
      |                                                                          uint16_t * {aka short unsigned int *}
In file included from ../Core/Inc/stm32l4xx_hal_conf.h:302,
                 from ../Drivers/STM32L4xx_HAL_Driver/Inc/stm32l4xx_hal.h:29,
                 from ../Core/Inc/main.h:30,
                 from ../Core/Src/main.c:20:
../Drivers/STM32L4xx_HAL_Driver/Inc/stm32l4xx_hal_dac.h:534:90: note: expected 'uint32_t *' {aka 'long unsigned int *'} but argument is of type 'uint16_t *' {aka 'short unsigned int *'}
  534 | HAL_StatusTypeDef HAL_DAC_Start_DMA(DAC_HandleTypeDef *hdac, uint32_t Channel, uint32_t *pData, uint32_t Length,
      |                                                                                ~~~~~~~~~~^~~~~
../Core/Src/main.c:617:74: warning: passing argument 3 of 'HAL_DAC_Start_DMA' from incompatible pointer type [-Wincompatible-pointer-types]
  617 |                                 HAL_DAC_Start_DMA(&hdac1, DAC_CHANNEL_2, note_1, SIZE*2, DAC_ALIGN_12B_R);
      |                                                                          ^~~~~~
      |                                                                          |
      |                                                                          uint16_t * {aka short unsigned int *}
In file included from ../Core/Inc/stm32l4xx_hal_conf.h:302,
                 from ../Drivers/STM32L4xx_HAL_Driver/Inc/stm32l4xx_hal.h:29,
                 from ../Core/Inc/main.h:30,
                 from ../Core/Src/main.c:20:
../Drivers/STM32L4xx_HAL_Driver/Inc/stm32l4xx_hal_dac.h:534:90: note: expected 'uint32_t *' {aka 'long unsigned int *'} but argument is of type 'uint16_t *' {aka 'short unsigned int *'}
  534 | HAL_StatusTypeDef HAL_DAC_Start_DMA(DAC_HandleTypeDef *hdac, uint32_t Channel, uint32_t *pData, uint32_t Length,
      |                                                                                ~~~~~~~~~~^~~~~
../Core/Src/main.c:620:74: warning: passing argument 3 of 'HAL_DAC_Start_DMA' from incompatible pointer type [-Wincompatible-pointer-types]
  620 |                                 HAL_DAC_Start_DMA(&hdac1, DAC_CHANNEL_2, note_2, SIZE*4, DAC_ALIGN_12B_R);
      |                                                                          ^~~~~~
      |                                                                          |
      |                                                                          uint16_t * {aka short unsigned int *}
In file included from ../Core/Inc/stm32l4xx_hal_conf.h:302,
                 from ../Drivers/STM32L4xx_HAL_Driver/Inc/stm32l4xx_hal.h:29,
                 from ../Core/Inc/main.h:30,
                 from ../Core/Src/main.c:20:
../Drivers/STM32L4xx_HAL_Driver/Inc/stm32l4xx_hal_dac.h:534:90: note: expected 'uint32_t *' {aka 'long unsigned int *'} but argument is of type 'uint16_t *' {aka 'short unsigned int *'}
  534 | HAL_StatusTypeDef HAL_DAC_Start_DMA(DAC_HandleTypeDef *hdac, uint32_t Channel, uint32_t *pData, uint32_t Length,
      |                                                                                ~~~~~~~~~~^~~~~
../Core/Src/main.c:623:74: warning: passing argument 3 of 'HAL_DAC_Start_DMA' from incompatible pointer type [-Wincompatible-pointer-types]
  623 |                                 HAL_DAC_Start_DMA(&hdac1, DAC_CHANNEL_2, note_3, SIZE*8, DAC_ALIGN_12B_R);
      |                                                                          ^~~~~~
      |                                                                          |
      |                                                                          uint16_t * {aka short unsigned int *}
In file included from ../Core/Inc/stm32l4xx_hal_conf.h:302,
                 from ../Drivers/STM32L4xx_HAL_Driver/Inc/stm32l4xx_hal.h:29,
                 from ../Core/Inc/main.h:30,
                 from ../Core/Src/main.c:20:
../Drivers/STM32L4xx_HAL_Driver/Inc/stm32l4xx_hal_dac.h:534:90: note: expected 'uint32_t *' {aka 'long unsigned int *'} but argument is of type 'uint16_t *' {aka 'short unsigned int *'}
  534 | HAL_StatusTypeDef HAL_DAC_Start_DMA(DAC_HandleTypeDef *hdac, uint32_t Channel, uint32_t *pData, uint32_t Length,
      |                                                                                ~~~~~~~~~~^~~~~
../Core/Src/main.c:626:74: warning: passing argument 3 of 'HAL_DAC_Start_DMA' from incompatible pointer type [-Wincompatible-pointer-types]
  626 |                                 HAL_DAC_Start_DMA(&hdac1, DAC_CHANNEL_2, note_4, SIZE*16, DAC_ALIGN_12B_R);
      |                                                                          ^~~~~~
      |                                                                          |
      |                                                                          uint16_t * {aka short unsigned int *}
In file included from ../Core/Inc/stm32l4xx_hal_conf.h:302,
                 from ../Drivers/STM32L4xx_HAL_Driver/Inc/stm32l4xx_hal.h:29,
                 from ../Core/Inc/main.h:30,
                 from ../Core/Src/main.c:20:
../Drivers/STM32L4xx_HAL_Driver/Inc/stm32l4xx_hal_dac.h:534:90: note: expected 'uint32_t *' {aka 'long unsigned int *'} but argument is of type 'uint16_t *' {aka 'short unsigned int *'}
  534 | HAL_StatusTypeDef HAL_DAC_Start_DMA(DAC_HandleTypeDef *hdac, uint32_t Channel, uint32_t *pData, uint32_t Length,
      |                                                                                ~~~~~~~~~~^~~~~
../Core/Src/main.c:629:74: warning: passing argument 3 of 'HAL_DAC_Start_DMA' from incompatible pointer type [-Wincompatible-pointer-types]
  629 |                                 HAL_DAC_Start_DMA(&hdac1, DAC_CHANNEL_2, note_5, SIZE*32, DAC_ALIGN_12B_R);
      |                                                                          ^~~~~~
      |                                                                          |
      |                                                                          uint16_t * {aka short unsigned int *}
In file included from ../Core/Inc/stm32l4xx_hal_conf.h:302,
                 from ../Drivers/STM32L4xx_HAL_Driver/Inc/stm32l4xx_hal.h:29,
                 from ../Core/Inc/main.h:30,
                 from ../Core/Src/main.c:20:
../Drivers/STM32L4xx_HAL_Driver/Inc/stm32l4xx_hal_dac.h:534:90: note: expected 'uint32_t *' {aka 'long unsigned int *'} but argument is of type 'uint16_t *' {aka 'short unsigned int *'}
  534 | HAL_StatusTypeDef HAL_DAC_Start_DMA(DAC_HandleTypeDef *hdac, uint32_t Channel, uint32_t *pData, uint32_t Length,
      |                                                                                ~~~~~~~~~~^~~~~
../Core/Src/main.c: In function 'gen_notes':
../Core/Src/main.c:651:38: warning: implicit declaration of function 'malloc' [-Wimplicit-function-declaration]
  651 |         uint16_t *arr = (uint16_t *) malloc(size*sizeof(uint16_t));
      |                                      ^~~~~~
../Core/Src/main.c:26:1: note: include '<stdlib.h>' or provide a declaration of 'malloc'
   25 | #include "arm_math.h"
  +++ |+#include <stdlib.h>
   26 | #include <math.h>
../Core/Src/main.c:651:38: warning: incompatible implicit declaration of built-in function 'malloc' [-Wbuiltin-declaration-mismatch]
  651 |         uint16_t *arr = (uint16_t *) malloc(size*sizeof(uint16_t));
      |                                      ^~~~~~
../Core/Src/main.c:651:38: note: include '<stdlib.h>' or provide a declaration of 'malloc'
arm-none-eabi-gcc -o "Lab_3.elf" @"objects.list"  -larm_cortexM4lf_math -mcpu=cortex-m4 -T"C:\Users\Admin\OneDrive\Documents\GitHub\444\Lab_3\STM32L4S5VITX_FLASH.ld" --specs=nosys.specs -Wl,-Map="Lab_3.map" -Wl,--gc-sections -static -L"C:\Users\Admin\OneDrive\Documents\GitHub\444\Lab_3\Core\Lib" --specs=nano.specs -mfpu=fpv4-sp-d16 -mfloat-abi=hard -mthumb -Wl,--start-group -lc -lm -Wl,--end-group
Finished building target: Lab_3.elf
 
arm-none-eabi-size   Lab_3.elf 
arm-none-eabi-objdump -h -S  Lab_3.elf  > "Lab_3.list"
   text	   data	    bss	    dec	    hex	filename
  24512	    100	 163020	 187632	  2dcf0	Lab_3.elf
Finished building: default.size.stdout
 
Finished building: Lab_3.list
 
19:19:39 **** Incremental Build of configuration Debug for project Lab_3 ****
make -j12 all 
arm-none-eabi-gcc "../Core/Src/main.c" -mcpu=cortex-m4 -std=gnu11 -g3 -DDEBUG -DUSE_HAL_DRIVER -DSTM32L4S5xx -c -I../Core/Inc -I../Drivers/STM32L4xx_HAL_Driver/Inc -I../Drivers/STM32L4xx_HAL_Driver/Inc/Legacy -I../Drivers/CMSIS/Device/ST/STM32L4xx/Include -I../Drivers/CMSIS/Include -O0 -ffunction-sections -fdata-sections -Wall -fstack-usage -fcyclomatic-complexity -MMD -MP -MF"Core/Src/main.d" -MT"Core/Src/main.o" --specs=nano.specs -mfpu=fpv4-sp-d16 -mfloat-abi=hard -mthumb -o "Core/Src/main.o"
../Core/Src/main.c: In function 'main':
../Core/Src/main.c:158:11: warning: assignment to 'uint16_t' {aka 'short unsigned int'} from 'uint16_t *' {aka 'short unsigned int *'} makes integer from pointer without a cast [-Wint-conversion]
  158 |   *note_0 = gen_notes(SIZE);
      |           ^
../Core/Src/main.c:159:11: warning: assignment to 'uint16_t' {aka 'short unsigned int'} from 'uint16_t *' {aka 'short unsigned int *'} makes integer from pointer without a cast [-Wint-conversion]
  159 |   *note_1 = gen_notes(SIZE*2);
      |           ^
../Core/Src/main.c:160:11: warning: assignment to 'uint16_t' {aka 'short unsigned int'} from 'uint16_t *' {aka 'short unsigned int *'} makes integer from pointer without a cast [-Wint-conversion]
  160 |   *note_2 = gen_notes(SIZE*4);
      |           ^
../Core/Src/main.c:161:11: warning: assignment to 'uint16_t' {aka 'short unsigned int'} from 'uint16_t *' {aka 'short unsigned int *'} makes integer from pointer without a cast [-Wint-conversion]
  161 |   *note_3 = gen_notes(SIZE*8);
      |           ^
../Core/Src/main.c:162:11: warning: assignment to 'uint16_t' {aka 'short unsigned int'} from 'uint16_t *' {aka 'short unsigned int *'} makes integer from pointer without a cast [-Wint-conversion]
  162 |   *note_4 = gen_notes(SIZE*16);
      |           ^
../Core/Src/main.c:163:11: warning: assignment to 'uint16_t' {aka 'short unsigned int'} from 'uint16_t *' {aka 'short unsigned int *'} makes integer from pointer without a cast [-Wint-conversion]
  163 |   *note_5 = gen_notes(SIZE*32);
      |           ^
../Core/Src/main.c: In function 'HAL_GPIO_EXTI_Callback':
../Core/Src/main.c:589:60: warning: pointer targets in passing argument 2 of 'HAL_DFSDM_FilterRegularStart_DMA' differ in signedness [-Wpointer-sign]
  589 |         HAL_DFSDM_FilterRegularStart_DMA(&hdfsdm1_filter0, audio, AUDIO_SIZE);  // Start recording
      |                                                            ^~~~~
      |                                                            |
      |                                                            uint32_t * {aka long unsigned int *}
In file included from ../Core/Inc/stm32l4xx_hal_conf.h:270,
                 from ../Drivers/STM32L4xx_HAL_Driver/Inc/stm32l4xx_hal.h:29,
                 from ../Core/Inc/main.h:30,
                 from ../Core/Src/main.c:20:
../Drivers/STM32L4xx_HAL_Driver/Inc/stm32l4xx_hal_dfsdm.h:701:104: note: expected 'int32_t *' {aka 'long int *'} but argument is of type 'uint32_t *' {aka 'long unsigned int *'}
  701 | HAL_StatusTypeDef HAL_DFSDM_FilterRegularStart_DMA(DFSDM_Filter_HandleTypeDef *hdfsdm_filter, int32_t *pData, uint32_t Length);
      |                                                                                               ~~~~~~~~~^~~~~
../Core/Src/main.c: In function 'HAL_TIM_PeriodElapsedCallback':
../Core/Src/main.c:614:74: warning: passing argument 3 of 'HAL_DAC_Start_DMA' from incompatible pointer type [-Wincompatible-pointer-types]
  614 |                                 HAL_DAC_Start_DMA(&hdac1, DAC_CHANNEL_2, note_0, SIZE, DAC_ALIGN_12B_R);
      |                                                                          ^~~~~~
      |                                                                          |
      |                                                                          uint16_t * {aka short unsigned int *}
In file included from ../Core/Inc/stm32l4xx_hal_conf.h:302,
                 from ../Drivers/STM32L4xx_HAL_Driver/Inc/stm32l4xx_hal.h:29,
                 from ../Core/Inc/main.h:30,
                 from ../Core/Src/main.c:20:
../Drivers/STM32L4xx_HAL_Driver/Inc/stm32l4xx_hal_dac.h:534:90: note: expected 'uint32_t *' {aka 'long unsigned int *'} but argument is of type 'uint16_t *' {aka 'short unsigned int *'}
  534 | HAL_StatusTypeDef HAL_DAC_Start_DMA(DAC_HandleTypeDef *hdac, uint32_t Channel, uint32_t *pData, uint32_t Length,
      |                                                                                ~~~~~~~~~~^~~~~
../Core/Src/main.c:617:74: warning: passing argument 3 of 'HAL_DAC_Start_DMA' from incompatible pointer type [-Wincompatible-pointer-types]
  617 |                                 HAL_DAC_Start_DMA(&hdac1, DAC_CHANNEL_2, note_1, SIZE*2, DAC_ALIGN_12B_R);
      |                                                                          ^~~~~~
      |                                                                          |
      |                                                                          uint16_t * {aka short unsigned int *}
In file included from ../Core/Inc/stm32l4xx_hal_conf.h:302,
                 from ../Drivers/STM32L4xx_HAL_Driver/Inc/stm32l4xx_hal.h:29,
                 from ../Core/Inc/main.h:30,
                 from ../Core/Src/main.c:20:
[...]
                 from ../Core/Inc/main.h:30,
                 from ../Core/Src/main.c:20:
../Drivers/STM32L4xx_HAL_Driver/Inc/stm32l4xx_hal_dac.h:534:90: note: expected 'uint32_t *' {aka 'long unsigned int *'} but argument is of type 'uint16_t *' {aka 'short unsigned int *'}
  534 | HAL_StatusTypeDef HAL_DAC_Start_DMA(DAC_HandleTypeDef *hdac, uint32_t Channel, uint32_t *pData, uint32_t Length,
      |                                                                                ~~~~~~~~~~^~~~~
../Core/Src/main.c:635:74: warning: passing argument 3 of 'HAL_DAC_Start_DMA' from incompatible pointer type [-Wincompatible-pointer-types]
  635 |                                 HAL_DAC_Start_DMA(&hdac1, DAC_CHANNEL_2, note_1, SIZE*2, DAC_ALIGN_12B_R);
      |                                                                          ^~~~~~
      |                                                                          |
      |                                                                          uint16_t * {aka short unsigned int *}
In file included from ../Core/Inc/stm32l4xx_hal_conf.h:302,
                 from ../Drivers/STM32L4xx_HAL_Driver/Inc/stm32l4xx_hal.h:29,
                 from ../Core/Inc/main.h:30,
                 from ../Core/Src/main.c:20:
../Drivers/STM32L4xx_HAL_Driver/Inc/stm32l4xx_hal_dac.h:534:90: note: expected 'uint32_t *' {aka 'long unsigned int *'} but argument is of type 'uint16_t *' {aka 'short unsigned int *'}
  534 | HAL_StatusTypeDef HAL_DAC_Start_DMA(DAC_HandleTypeDef *hdac, uint32_t Channel, uint32_t *pData, uint32_t Length,
      |                                                                                ~~~~~~~~~~^~~~~
../Core/Src/main.c:638:74: warning: passing argument 3 of 'HAL_DAC_Start_DMA' from incompatible pointer type [-Wincompatible-pointer-types]
  638 |                                 HAL_DAC_Start_DMA(&hdac1, DAC_CHANNEL_2, note_2, SIZE*4, DAC_ALIGN_12B_R);
      |                                                                          ^~~~~~
      |                                                                          |
      |                                                                          uint16_t * {aka short unsigned int *}
In file included from ../Core/Inc/stm32l4xx_hal_conf.h:302,
                 from ../Drivers/STM32L4xx_HAL_Driver/Inc/stm32l4xx_hal.h:29,
                 from ../Core/Inc/main.h:30,
                 from ../Core/Src/main.c:20:
../Drivers/STM32L4xx_HAL_Driver/Inc/stm32l4xx_hal_dac.h:534:90: note: expected 'uint32_t *' {aka 'long unsigned int *'} but argument is of type 'uint16_t *' {aka 'short unsigned int *'}
  534 | HAL_StatusTypeDef HAL_DAC_Start_DMA(DAC_HandleTypeDef *hdac, uint32_t Channel, uint32_t *pData, uint32_t Length,
      |                                                                                ~~~~~~~~~~^~~~~
../Core/Src/main.c:641:74: warning: passing argument 3 of 'HAL_DAC_Start_DMA' from incompatible pointer type [-Wincompatible-pointer-types]
  641 |                                 HAL_DAC_Start_DMA(&hdac1, DAC_CHANNEL_2, note_3, SIZE*8, DAC_ALIGN_12B_R);
      |                                                                          ^~~~~~
      |                                                                          |
      |                                                                          uint16_t * {aka short unsigned int *}
In file included from ../Core/Inc/stm32l4xx_hal_conf.h:302,
                 from ../Drivers/STM32L4xx_HAL_Driver/Inc/stm32l4xx_hal.h:29,
                 from ../Core/Inc/main.h:30,
                 from ../Core/Src/main.c:20:
../Drivers/STM32L4xx_HAL_Driver/Inc/stm32l4xx_hal_dac.h:534:90: note: expected 'uint32_t *' {aka 'long unsigned int *'} but argument is of type 'uint16_t *' {aka 'short unsigned int *'}
  534 | HAL_StatusTypeDef HAL_DAC_Start_DMA(DAC_HandleTypeDef *hdac, uint32_t Channel, uint32_t *pData, uint32_t Length,
      |                                                                                ~~~~~~~~~~^~~~~
../Core/Src/main.c:644:74: warning: passing argument 3 of 'HAL_DAC_Start_DMA' from incompatible pointer type [-Wincompatible-pointer-types]
  644 |                                 HAL_DAC_Start_DMA(&hdac1, DAC_CHANNEL_2, note_4, SIZE*16, DAC_ALIGN_12B_R);
      |                                                                          ^~~~~~
      |                                                                          |
      |                                                                          uint16_t * {aka short unsigned int *}
In file included from ../Core/Inc/stm32l4xx_hal_conf.h:302,
                 from ../Drivers/STM32L4xx_HAL_Driver/Inc/stm32l4xx_hal.h:29,
                 from ../Core/Inc/main.h:30,
                 from ../Core/Src/main.c:20:
../Drivers/STM32L4xx_HAL_Driver/Inc/stm32l4xx_hal_dac.h:534:90: note: expected 'uint32_t *' {aka 'long unsigned int *'} but argument is of type 'uint16_t *' {aka 'short unsigned int *'}
  534 | HAL_StatusTypeDef HAL_DAC_Start_DMA(DAC_HandleTypeDef *hdac, uint32_t Channel, uint32_t *pData, uint32_t Length,
      |                                                                                ~~~~~~~~~~^~~~~
../Core/Src/main.c:647:74: warning: passing argument 3 of 'HAL_DAC_Start_DMA' from incompatible pointer type [-Wincompatible-pointer-types]
  647 |                                 HAL_DAC_Start_DMA(&hdac1, DAC_CHANNEL_2, note_5, SIZE*32, DAC_ALIGN_12B_R);
      |                                                                          ^~~~~~
      |                                                                          |
      |                                                                          uint16_t * {aka short unsigned int *}
In file included from ../Core/Inc/stm32l4xx_hal_conf.h:302,
                 from ../Drivers/STM32L4xx_HAL_Driver/Inc/stm32l4xx_hal.h:29,
                 from ../Core/Inc/main.h:30,
                 from ../Core/Src/main.c:20:
../Drivers/STM32L4xx_HAL_Driver/Inc/stm32l4xx_hal_dac.h:534:90: note: expected 'uint32_t *' {aka 'long unsigned int *'} but argument is of type 'uint16_t *' {aka 'short unsigned int *'}
  534 | HAL_StatusTypeDef HAL_DAC_Start_DMA(DAC_HandleTypeDef *hdac, uint32_t Channel, uint32_t *pData, uint32_t Length,
      |                                                                                ~~~~~~~~~~^~~~~
../Core/Src/main.c: In function 'gen_notes':
../Core/Src/main.c:679:38: warning: implicit declaration of function 'malloc' [-Wimplicit-function-declaration]
  679 |         uint16_t *arr = (uint16_t *) malloc(size*sizeof(uint16_t));
      |                                      ^~~~~~
../Core/Src/main.c:26:1: note: include '<stdlib.h>' or provide a declaration of 'malloc'
   25 | #include "arm_math.h"
  +++ |+#include <stdlib.h>
   26 | #include <math.h>
../Core/Src/main.c:679:38: warning: incompatible implicit declaration of built-in function 'malloc' [-Wbuiltin-declaration-mismatch]
  679 |         uint16_t *arr = (uint16_t *) malloc(size*sizeof(uint16_t));
      |                                      ^~~~~~
../Core/Src/main.c:679:38: note: include '<stdlib.h>' or provide a declaration of 'malloc'
arm-none-eabi-gcc -o "Lab_3.elf" @"objects.list"  -larm_cortexM4lf_math -mcpu=cortex-m4 -T"C:\Users\Admin\OneDrive\Documents\GitHub\444\Lab_3\STM32L4S5VITX_FLASH.ld" --specs=nosys.specs -Wl,-Map="Lab_3.map" -Wl,--gc-sections -static -L"C:\Users\Admin\OneDrive\Documents\GitHub\444\Lab_3\Core\Lib" --specs=nano.specs -mfpu=fpv4-sp-d16 -mfloat-abi=hard -mthumb -Wl,--start-group -lc -lm -Wl,--end-group
Finished building target: Lab_3.elf
 
arm-none-eabi-size   Lab_3.elf 
arm-none-eabi-objdump -h -S  Lab_3.elf  > "Lab_3.list"
   text	   data	    bss	    dec	    hex	filename
  24712	    104	 163016	 187832	  2ddb8	Lab_3.elf
Finished building: default.size.stdout
 
Finished building: Lab_3.list
 
19:59:20 **** Incremental Build of configuration Debug for project Lab_3 ****
make -j12 all 
arm-none-eabi-gcc "../Core/Src/main.c" -mcpu=cortex-m4 -std=gnu11 -g3 -DDEBUG -DUSE_HAL_DRIVER -DSTM32L4S5xx -c -I../Core/Inc -I../Drivers/STM32L4xx_HAL_Driver/Inc -I../Drivers/STM32L4xx_HAL_Driver/Inc/Legacy -I../Drivers/CMSIS/Device/ST/STM32L4xx/Include -I../Drivers/CMSIS/Include -O0 -ffunction-sections -fdata-sections -Wall -fstack-usage -fcyclomatic-complexity -MMD -MP -MF"Core/Src/main.d" -MT"Core/Src/main.o" --specs=nano.specs -mfpu=fpv4-sp-d16 -mfloat-abi=hard -mthumb -o "Core/Src/main.o"
../Core/Src/main.c: In function 'main':
../Core/Src/main.c:158:11: warning: assignment to 'uint16_t' {aka 'short unsigned int'} from 'uint16_t *' {aka 'short unsigned int *'} makes integer from pointer without a cast [-Wint-conversion]
  158 |   *note_0 = gen_notes(SIZE);
      |           ^
../Core/Src/main.c:159:11: warning: assignment to 'uint16_t' {aka 'short unsigned int'} from 'uint16_t *' {aka 'short unsigned int *'} makes integer from pointer without a cast [-Wint-conversion]
  159 |   *note_1 = gen_notes(SIZE*2);
      |           ^
../Core/Src/main.c:160:11: warning: assignment to 'uint16_t' {aka 'short unsigned int'} from 'uint16_t *' {aka 'short unsigned int *'} makes integer from pointer without a cast [-Wint-conversion]
  160 |   *note_2 = gen_notes(SIZE*4);
      |           ^
../Core/Src/main.c:161:11: warning: assignment to 'uint16_t' {aka 'short unsigned int'} from 'uint16_t *' {aka 'short unsigned int *'} makes integer from pointer without a cast [-Wint-conversion]
  161 |   *note_3 = gen_notes(SIZE*8);
      |           ^
../Core/Src/main.c:162:11: warning: assignment to 'uint16_t' {aka 'short unsigned int'} from 'uint16_t *' {aka 'short unsigned int *'} makes integer from pointer without a cast [-Wint-conversion]
  162 |   *note_4 = gen_notes(SIZE*16);
      |           ^
../Core/Src/main.c:163:11: warning: assignment to 'uint16_t' {aka 'short unsigned int'} from 'uint16_t *' {aka 'short unsigned int *'} makes integer from pointer without a cast [-Wint-conversion]
  163 |   *note_5 = gen_notes(SIZE*32);
      |           ^
../Core/Src/main.c: In function 'HAL_GPIO_EXTI_Callback':
../Core/Src/main.c:590:60: warning: pointer targets in passing argument 2 of 'HAL_DFSDM_FilterRegularStart_DMA' differ in signedness [-Wpointer-sign]
  590 |         HAL_DFSDM_FilterRegularStart_DMA(&hdfsdm1_filter0, audio, AUDIO_SIZE);  // Start recording
      |                                                            ^~~~~
      |                                                            |
      |                                                            uint32_t * {aka long unsigned int *}
In file included from ../Core/Inc/stm32l4xx_hal_conf.h:270,
                 from ../Drivers/STM32L4xx_HAL_Driver/Inc/stm32l4xx_hal.h:29,
                 from ../Core/Inc/main.h:30,
                 from ../Core/Src/main.c:20:
../Drivers/STM32L4xx_HAL_Driver/Inc/stm32l4xx_hal_dfsdm.h:701:104: note: expected 'int32_t *' {aka 'long int *'} but argument is of type 'uint32_t *' {aka 'long unsigned int *'}
  701 | HAL_StatusTypeDef HAL_DFSDM_FilterRegularStart_DMA(DFSDM_Filter_HandleTypeDef *hdfsdm_filter, int32_t *pData, uint32_t Length);
      |                                                                                               ~~~~~~~~~^~~~~
../Core/Src/main.c: In function 'HAL_TIM_PeriodElapsedCallback':
../Core/Src/main.c:615:74: warning: passing argument 3 of 'HAL_DAC_Start_DMA' from incompatible pointer type [-Wincompatible-pointer-types]
  615 |                                 HAL_DAC_Start_DMA(&hdac1, DAC_CHANNEL_2, note_0, SIZE, DAC_ALIGN_12B_R);
      |                                                                          ^~~~~~
      |                                                                          |
      |                                                                          uint16_t * {aka short unsigned int *}
In file included from ../Core/Inc/stm32l4xx_hal_conf.h:302,
                 from ../Drivers/STM32L4xx_HAL_Driver/Inc/stm32l4xx_hal.h:29,
                 from ../Core/Inc/main.h:30,
                 from ../Core/Src/main.c:20:
../Drivers/STM32L4xx_HAL_Driver/Inc/stm32l4xx_hal_dac.h:534:90: note: expected 'uint32_t *' {aka 'long unsigned int *'} but argument is of type 'uint16_t *' {aka 'short unsigned int *'}
  534 | HAL_StatusTypeDef HAL_DAC_Start_DMA(DAC_HandleTypeDef *hdac, uint32_t Channel, uint32_t *pData, uint32_t Length,
      |                                                                                ~~~~~~~~~~^~~~~
../Core/Src/main.c:618:74: warning: passing argument 3 of 'HAL_DAC_Start_DMA' from incompatible pointer type [-Wincompatible-pointer-types]
  618 |                                 HAL_DAC_Start_DMA(&hdac1, DAC_CHANNEL_2, note_1, SIZE*2, DAC_ALIGN_12B_R);
      |                                                                          ^~~~~~
      |                                                                          |
      |                                                                          uint16_t * {aka short unsigned int *}
In file included from ../Core/Inc/stm32l4xx_hal_conf.h:302,
                 from ../Drivers/STM32L4xx_HAL_Driver/Inc/stm32l4xx_hal.h:29,
                 from ../Core/Inc/main.h:30,
                 from ../Core/Src/main.c:20:
../Drivers/STM32L4xx_HAL_Driver/Inc/stm32l4xx_hal_dac.h:534:90: note: expected 'uint32_t *' {aka 'long unsigned int *'} but argument is of type 'uint16_t *' {aka 'short unsigned int *'}
  534 | HAL_StatusTypeDef HAL_DAC_Start_DMA(DAC_HandleTypeDef *hdac, uint32_t Channel, uint32_t *pData, uint32_t Length,
      |                                                                                ~~~~~~~~~~^~~~~
../Core/Src/main.c:621:74: warning: passing argument 3 of 'HAL_DAC_Start_DMA' from incompatible pointer type [-Wincompatible-pointer-types]
  621 |                                 HAL_DAC_Start_DMA(&hdac1, DAC_CHANNEL_2, note_2, SIZE*4, DAC_ALIGN_12B_R);
      |                                                                          ^~~~~~
      |                                                                          |
      |                                                                          uint16_t * {aka short unsigned int *}
In file included from ../Core/Inc/stm32l4xx_hal_conf.h:302,
                 from ../Drivers/STM32L4xx_HAL_Driver/Inc/stm32l4xx_hal.h:29,
                 from ../Core/Inc/main.h:30,
                 from ../Core/Src/main.c:20:
../Drivers/STM32L4xx_HAL_Driver/Inc/stm32l4xx_hal_dac.h:534:90: note: expected 'uint32_t *' {aka 'long unsigned int *'} but argument is of type 'uint16_t *' {aka 'short unsigned int *'}
  534 | HAL_StatusTypeDef HAL_DAC_Start_DMA(DAC_HandleTypeDef *hdac, uint32_t Channel, uint32_t *pData, uint32_t Length,
      |                                                                                ~~~~~~~~~~^~~~~
../Core/Src/main.c:624:74: warning: passing argument 3 of 'HAL_DAC_Start_DMA' from incompatible pointer type [-Wincompatible-pointer-types]
  624 |                                 HAL_DAC_Start_DMA(&hdac1, DAC_CHANNEL_2, note_3, SIZE*8, DAC_ALIGN_12B_R);
      |                                                                          ^~~~~~
      |                                                                          |
      |                                                                          uint16_t * {aka short unsigned int *}
In file included from ../Core/Inc/stm32l4xx_hal_conf.h:302,
                 from ../Drivers/STM32L4xx_HAL_Driver/Inc/stm32l4xx_hal.h:29,
                 from ../Core/Inc/main.h:30,
                 from ../Core/Src/main.c:20:
../Drivers/STM32L4xx_HAL_Driver/Inc/stm32l4xx_hal_dac.h:534:90: note: expected 'uint32_t *' {aka 'long unsigned int *'} but argument is of type 'uint16_t *' {aka 'short unsigned int *'}
  534 | HAL_StatusTypeDef HAL_DAC_Start_DMA(DAC_HandleTypeDef *hdac, uint32_t Channel, uint32_t *pData, uint32_t Length,
      |                                                                                ~~~~~~~~~~^~~~~
../Core/Src/main.c:627:74: warning: passing argument 3 of 'HAL_DAC_Start_DMA' from incompatible pointer type [-Wincompatible-pointer-types]
  627 |                                 HAL_DAC_Start_DMA(&hdac1, DAC_CHANNEL_2, note_4, SIZE*16, DAC_ALIGN_12B_R);
      |                                                                          ^~~~~~
      |                                                                          |
      |                                                                          uint16_t * {aka short unsigned int *}
In file included from ../Core/Inc/stm32l4xx_hal_conf.h:302,
                 from ../Drivers/STM32L4xx_HAL_Driver/Inc/stm32l4xx_hal.h:29,
                 from ../Core/Inc/main.h:30,
                 from ../Core/Src/main.c:20:
../Drivers/STM32L4xx_HAL_Driver/Inc/stm32l4xx_hal_dac.h:534:90: note: expected 'uint32_t *' {aka 'long unsigned int *'} but argument is of type 'uint16_t *' {aka 'short unsigned int *'}
  534 | HAL_StatusTypeDef HAL_DAC_Start_DMA(DAC_HandleTypeDef *hdac, uint32_t Channel, uint32_t *pData, uint32_t Length,
      |                                                                                ~~~~~~~~~~^~~~~
../Core/Src/main.c:630:74: warning: passing argument 3 of 'HAL_DAC_Start_DMA' from incompatible pointer type [-Wincompatible-pointer-types]
  630 |                                 HAL_DAC_Start_DMA(&hdac1, DAC_CHANNEL_2, note_5, SIZE*32, DAC_ALIGN_12B_R);
      |                                                                          ^~~~~~
      |                                                                          |
      |                                                                          uint16_t * {aka short unsigned int *}
In file included from ../Core/Inc/stm32l4xx_hal_conf.h:302,
                 from ../Drivers/STM32L4xx_HAL_Driver/Inc/stm32l4xx_hal.h:29,
                 from ../Core/Inc/main.h:30,
                 from ../Core/Src/main.c:20:
../Drivers/STM32L4xx_HAL_Driver/Inc/stm32l4xx_hal_dac.h:534:90: note: expected 'uint32_t *' {aka 'long unsigned int *'} but argument is of type 'uint16_t *' {aka 'short unsigned int *'}
  534 | HAL_StatusTypeDef HAL_DAC_Start_DMA(DAC_HandleTypeDef *hdac, uint32_t Channel, uint32_t *pData, uint32_t Length,
      |                                                                                ~~~~~~~~~~^~~~~
../Core/Src/main.c: In function 'gen_notes':
../Core/Src/main.c:652:38: warning: implicit declaration of function 'malloc' [-Wimplicit-function-declaration]
  652 |         uint16_t *arr = (uint16_t *) malloc(size*sizeof(uint16_t));
      |                                      ^~~~~~
../Core/Src/main.c:26:1: note: include '<stdlib.h>' or provide a declaration of 'malloc'
   25 | #include "arm_math.h"
  +++ |+#include <stdlib.h>
   26 | #include <math.h>
../Core/Src/main.c:652:38: warning: incompatible implicit declaration of built-in function 'malloc' [-Wbuiltin-declaration-mismatch]
  652 |         uint16_t *arr = (uint16_t *) malloc(size*sizeof(uint16_t));
      |                                      ^~~~~~
../Core/Src/main.c:652:38: note: include '<stdlib.h>' or provide a declaration of 'malloc'
arm-none-eabi-gcc -o "Lab_3.elf" @"objects.list"  -larm_cortexM4lf_math -mcpu=cortex-m4 -T"C:\Users\Admin\OneDrive\Documents\GitHub\444\Lab_3\STM32L4S5VITX_FLASH.ld" --specs=nosys.specs -Wl,-Map="Lab_3.map" -Wl,--gc-sections -static -L"C:\Users\Admin\OneDrive\Documents\GitHub\444\Lab_3\Core\Lib" --specs=nano.specs -mfpu=fpv4-sp-d16 -mfloat-abi=hard -mthumb -Wl,--start-group -lc -lm -Wl,--end-group
Finished building target: Lab_3.elf
 
arm-none-eabi-size   Lab_3.elf 
arm-none-eabi-objdump -h -S  Lab_3.elf  > "Lab_3.list"
   text	   data	    bss	    dec	    hex	filename
  24520	    100	 163020	 187640	  2dcf8	Lab_3.elf
Finished building: default.size.stdout
 
Finished building: Lab_3.list
 
