15:26:09 **** Incremental Build of configuration Debug for project Lab_2 ****
make -j12 all 
arm-none-eabi-gcc "../Core/Src/main.c" -mcpu=cortex-m4 -std=gnu11 -g3 -DDEBUG -DUSE_HAL_DRIVER -DSTM32L4S5xx -c -I../Core/Inc -I../Drivers/STM32L4xx_HAL_Driver/Inc -I../Drivers/STM32L4xx_HAL_Driver/Inc/Legacy -I../Drivers/CMSIS/Device/ST/STM32L4xx/Include -I../Drivers/CMSIS/Include -O0 -ffunction-sections -fdata-sections -Wall -fstack-usage -fcyclomatic-complexity -MMD -MP -MF"Core/Src/main.d" -MT"Core/Src/main.o" --specs=nano.specs -mfpu=fpv4-sp-d16 -mfloat-abi=hard -mthumb -o "Core/Src/main.o"
../Core/Src/main.c: In function 'main':
../Core/Src/main.c:110:12: warning: variable 'vref' set but not used [-Wunused-but-set-variable]
  110 |   uint32_t vref = 0;
      |            ^~~~
../Core/Src/main.c:109:12: warning: variable 'tempSensor' set but not used [-Wunused-but-set-variable]
  109 |   uint32_t tempSensor = 0;
      |            ^~~~~~~~~~
arm-none-eabi-gcc -o "Lab_2.elf" @"objects.list"  -larm_cortexM4lf_math -mcpu=cortex-m4 -T"C:\Users\Admin\OneDrive\Documents\GitHub\444\Lab_2\STM32L4S5VITX_FLASH.ld" --specs=nosys.specs -Wl,-Map="Lab_2.map" -Wl,--gc-sections -static -L"C:\Users\Admin\OneDrive\Documents\GitHub\444\Lab_2\Core\Lib" --specs=nano.specs -mfpu=fpv4-sp-d16 -mfloat-abi=hard -mthumb -Wl,--start-group -lc -lm -Wl,--end-group
Finished building target: Lab_2.elf
 
arm-none-eabi-size   Lab_2.elf 
arm-none-eabi-objdump -h -S  Lab_2.elf  > "Lab_2.list"
   text	   data	    bss	    dec	    hex	filename
  20708	     20	   1692	  22420	   5794	Lab_2.elf
Finished building: default.size.stdout
 
Finished building: Lab_2.list
 

15:26:13 Build Finished. 0 errors, 2 warnings. (took 3s.412ms)

